07-27 01:30:43.937 V/GraphicsEnvironment(13468): ANGLE GameManagerService for com.android.bluetooth: false
07-27 01:30:43.937 I/libPowerHal(  903): system_server: cpu_ctrl set cpu freq: -1 -1 -1 -1 -1 -1
07-27 01:30:43.937 I/libPowerHal(  903): [PD] system_server update cmd:1410000 param:0
07-27 01:30:43.938 I/libPowerHal(  903): [PD] system_server update cmd:1c3c000, param:1
07-27 01:30:43.938 I/libPowerHal(  903): [PD] system_server update cmd:2004100 param:2
07-27 01:30:43.939 D/NetworkSecurityConfig(13468): No Network Security Config specified, using platform default
07-27 01:30:43.939 D/NetworkSecurityConfig(13468): No Network Security Config specified, using platform default
07-27 01:30:43.940 I/mtkpower_client( 1614): ret_hdl:224
07-27 01:30:43.940 D/BluetoothAdapterApp(13468): Loading JNI Library
07-27 01:30:43.940 I/libPowerHal(  903): [setGPUFreq] system_server user set gpu freq min:21, max:-1
07-27 01:30:43.940 I/libPowerHal(  903): system_server: set gpu opp level: 21
07-27 01:30:43.941 W/SurfaceFlinger( 1031): backpressure when mode change
07-27 01:30:43.941 I/libPowerHal(  903): system_server: set gpu opp level max: 0
07-27 01:30:43.941 I/libPowerHal(  903): [setGPUFreq] Soft min/max = (21, 0); Hard min/max = (40, 0)
07-27 01:30:43.941 I/libPowerHal(  903): [setGPUFreq] final min/max = (21, 0)
07-27 01:30:43.941 I/libPowerHal(  903): system_server: set gpu opp level: 21
07-27 01:30:43.941 I/libPowerHal(  903): system_server: set gpu opp level max: 0
07-27 01:30:43.941 I/libPowerHal(  903): system_server: cpu_ctrl set cpu freq: 1075000 -1 1046000 -1 1108000 -1
07-27 01:30:43.943 D/VRI[NotificationShade]( 2188): handleWindowFocusChanged mWindowFocusChanged false mUpcomingWindowFocus true mAdded true
07-27 01:30:43.952 E/droid.bluetooth(13468): [0727/013043.952534:ERROR:oplus_binaual_hal_version_manager.cc(83)] BluetoothAudioHalVersionManager No supported HAL version
07-27 01:30:43.953 I/droid.bluetooth(13468): [0727/013043.953539:INFO:btif_config_cache.cc(73)] BtifConfigCache, capacity: 10000
07-27 01:30:43.954 W/SurfaceFlinger( 1031): backpressure when mode change
07-27 01:30:43.957 I/droid.bluetooth(13468): [0727/013043.957061:INFO:hal_version_manager.cc(113)] HalVersionManager: aidl vendor.mediatek.hardware.bluetooth.audio.IBluetoothAudioProviderFactory/default
07-27 01:30:43.957 I/droid.bluetooth(13468): [0727/013043.957773:INFO:hal_version_manager.cc(121)] HalVersionManager: hidl vendor.mediatek.hardware.bluetooth.audio@2.2::IBluetoothAudioProvidersFactory
07-27 01:30:43.959 D/VRI[NotificationShade]( 2188): handleWindowFocusChanged mWindowFocusChanged false mUpcomingWindowFocus true mAdded true
07-27 01:30:43.962 E/BluetoothVendorJni(13468): register_com_android_bluetooth_btservice_vendor:
07-27 01:30:43.963 I/droid.bluetooth(13468): [0727/013043.962994:INFO:com_android_bluetooth_tbs.cpp(188)] register_com_android_bluetooth_tbs...
07-27 01:30:43.963 D/BluetoothAdapterApp(13468): REFCOUNT: Constructed com.android.bluetooth.btservice.AdapterApp@ea2a599 Instance Count = 1
07-27 01:30:43.963 I/mtkpower_client( 1031): perf_lock_acq, hdl:112, dur:0, num:2, tid:1031
07-27 01:30:43.964 I/mtkpower_client( 1031): ret_hdl:112
07-27 01:30:43.964 D/SurfaceFlinger( 1031): frame_rate = 120, set halftime to 8ms
07-27 01:30:43.964 D/VRR [OTI-HW]( 1031): isStateReady 0
07-27 01:30:43.964 D/VRR [OTI-HW]( 1031): rate range: min {id=0, hwcId=0, resolution=1080x2400, refreshRate=60.00 Hz, dpi=409.43x409.13, group=0} cur {id=1, hwcId=1, resolution=1080x2400, refreshRate=120.00 Hz, dpi=409.43x409.13, group=0} max {id=1, hwcId=1, resolution=1080x2400, refreshRate=120.00 Hz, dpi=409.43x409.13, group=0}
07-27 01:30:43.964 D/VRR [OTI-HW]( 1031): keep rate.
07-27 01:30:43.965 I/DisplayDeviceRepository( 1614): Display device changed: DisplayDeviceInfo{"": uniqueId="local:0", 1080 x 2400, modeId 2, defaultModeId 1, supportedModes [{id=1, width=1080, height=2400, fps=60.0, alternativeRefreshRates=[120.00001]}, {id=2, width=1080, height=2400, fps=120.00001, alternativeRefreshRates=[60.0]}], colorMode 0, supportedColorModes [0], hdrCapabilities HdrCapabilities{mSupportedHdrTypes=[2, 3, 4], mMaxLuminance=500.0, mMaxAverageLuminance=500.0, mMinLuminance=0.0}, allmSupported false, gameContentTypeSupported false, density 480, 409.432 x 409.127 dpi, appVsyncOff 1099999, presDeadline 13300000, cutout DisplayCutout{insets=Rect(0, 120 - 0, 0) waterfall=Insets{left=0, top=0, right=0, bottom=0} boundingRect={Bounds=[Rect(0, 0 - 0, 0), Rect(0, 0 - 150, 120), Rect(0, 0 - 0, 0), Rect(0, 0 - 0, 0)]} cutoutPathParserInfo={CutoutPathParserInfo{displayWidth=1080 displayHeight=2400 physicalDisplayWidth=1080 physicalDisplayHeight=2400 density={3.0} cutoutSpec={M -540,0 L -540,107 L -390,107 L -390,0 Z} rotation={0} scale={1.0} physicalPixelDisplaySizeRatio={1.0}}}}, touch INTERNAL, rotation 0, type INTERNAL, address {port=0}, deviceProductInfo null, state ON, frameRateOverride , brightnessMinimum 0.0, brightnessMaximum 1.0, brightnessDefault 1193.3451, FLAG_ALLOWED_TO_BE_DEFAULT_DISPLAY, FLAG_ROTATES_WITH_CONTENT, FLAG_SECURE, FLAG_SUPPORTS_PROTECTED_BUFFERS, installOrientation 0}
07-27 01:30:43.967 D/DisplayManagerServiceExtImpl( 1614): scheduleTraversalLocked intraversal=false
07-27 01:30:43.967 I/DisplayManagerServiceExtImpl( 1614): handle logical display changed logicalDisplay=id=0,phase=1,stack=0,content=true,displayInfo{stack=0,type=1,id=0,uId=local:0,state=ON,pkg=null}
07-27 01:30:43.967 D/DisplayPowerController[0]( 1614): screen state changed reported, id = 0, state = 2
07-27 01:30:43.967 D/DisplayManagerService( 1614): Delivering display event: displayId=0, event=2
07-27 01:30:43.968 D/VRI[NotificationShade]( 2188): handleWindowFocusChanged mWindowFocusChanged false mUpcomingWindowFocus true mAdded true
07-27 01:30:43.970 I/WallpaperManagerServiceExt( 1614): removeDisplayData. displayId = 0
07-27 01:30:43.971 D/DisplayManagerService( 1614): MSG_REQUEST_TRAVERSAL pendingCompleted=false
07-27 01:30:43.974 D/ScreenDecorations( 2188): updateOrientation mRotation:0 newRotation:0 mRtl:false newRtl:false newLayoutDirection:0 mLayoutDirection0 newMod:{id=2, width=1080, height=2400, fps=120.00001, alternativeRefreshRates=[60.0]} mDisplayMode:{id=1, width=1080, height=2400, fps=60.0, alternativeRefreshRates=[120.00001]} mPendingConfigChange:false
07-27 01:30:43.974 D/OMG_Observer( 2193): mScreenWidthDisplay = 1080, mScreenHeightDisplay = 2400, mRotation = 0, mOrient = 1 , mMiniSizeLimit = 660, mNormalSizeLimit =1800
07-27 01:30:43.975 I/libPowerHal(  903): [PU] scn:1, update
07-27 01:30:43.975 D/CompatibilityChangeReporter(13468): Compat change id reported: 183155436; UID 1002; state: ENABLED
07-27 01:30:43.975 I/libPowerHal(  903): [unsetGPUFreq] current min:21, max:0; scn_gpu_min:-1, scn_gpu_max:-1; scn_gpu_min(HL):-1, scn_gpu_max(HL):-1
07-27 01:30:43.975 I/libPowerHal(  903): [setGPUFreq] Soft min/max = (21, 0); Hard min/max = (40, 0)
07-27 01:30:43.975 I/libPowerHal(  903): [setGPUFreq] final min/max = (21, 0)
07-27 01:30:43.975 I/libPowerHal(  903): surfaceflinger: set gpu opp level: 21
07-27 01:30:43.975 I/libPowerHal(  903): surfaceflinger: set gpu opp level max: 0
07-27 01:30:43.975 D/BluetoothOppFileProvider(13468): Initialized
07-27 01:30:43.977 E/libPowerHal(  903): Could not open '/proc/sys/kernel/sched_pelt_multiplier'
07-27 01:30:43.977 E/libPowerHal(  903): error : 2, No such file or directory
07-27 01:30:43.977 I/libPowerHal(  903): [PU] surfaceflinger update cmd:1430100 param:8
07-27 01:30:43.977 D/VRI[NotificationShade]( 2188): handleWindowFocusChanged mWindowFocusChanged false mUpcomingWindowFocus true mAdded true
07-27 01:30:43.979 D/BluetoothAdapterApp(13468): onCreate
07-27 01:30:43.981 D/OplusVFXScreenEffectFeature( 1614): notifySFCompatWindowStateChange entered false
07-27 01:30:43.982 D/[PREVIEW]( 1031): SF obtain preview_adapter: 0
07-27 01:30:43.982 D/[PREVIEW]( 1031): TabletPreviewAdapter::parallel world 0
07-27 01:30:43.984 I/sensors-hal-OriginChannel(  894): wise light debug, data[0].type is 65627,data[0].sensor is 91:[519.000000,,20.000000,,21.000000,0.000000,1022602336466]
07-27 01:30:43.985 D/DisplayManagerService( 1614): performTraversalInternal pendingTraversal
07-27 01:30:43.985 D/DisplayDevice( 1614): setLayerStackLocked id=local:0 token=android.os.BinderProxy@6170c37 stack=0->0
07-27 01:30:43.988 I/BluetoothAvrcpControllerJni(13468): classInitNative: succeeds
07-27 01:30:43.990 D/VRI[NotificationShade]( 2188): handleWindowFocusChanged mWindowFocusChanged false mUpcomingWindowFocus true mAdded true
07-27 01:30:43.991 D/BroadcastAudioScanService(13468): bass is disabled
07-27 01:30:43.993 D/CsipSetCoordinatorService(13468): csip is disabled
07-27 01:30:44.000 I/BluetoothHidHostServiceJni(13468): classInitNative: succeeds
07-27 01:30:44.003 D/VRI[NotificationShade]( 2188): handleWindowFocusChanged mWindowFocusChanged false mUpcomingWindowFocus true mAdded true
07-27 01:30:44.005 I/BtGatt.JNI(13468): classInitNative(L1226): classInitNative: Success!
07-27 01:30:44.009 D/LeAudioService(13468): bap is disabled
07-27 01:30:44.010 D/TbsService(13468): ccp is disabled
07-27 01:30:44.012 D/VRI[NotificationShade]( 2188): handleWindowFocusChanged mWindowFocusChanged false mUpcomingWindowFocus true mAdded true
07-27 01:30:44.014 D/BluetoothMcpService(13468): mcp is disabled
07-27 01:30:44.016 D/VRR [OPlusRefreshRateService]( 1614): handleConfigIdChange physicalDisplayId: 0 configId: 1
07-27 01:30:44.016 I/libPowerHal(  903): [perfLockRel] hdl:222, idx:2
07-27 01:30:44.018 I/BluetoothPanServiceJni(13468): classInitNative(L108): succeeds
07-27 01:30:44.019 I/libPowerHal(  903): [PD] MTKPOWER_HINT_APP_TOUCH update cmd:3408600 param:0
07-27 01:30:44.021 D/VRI[NotificationShade]( 2188): handleWindowFocusChanged mWindowFocusChanged false mUpcomingWindowFocus true mAdded true
07-27 01:30:44.022 E/VolumeControlService(13468): vcp is disabled
07-27 01:30:44.023 I/mtkpower_client( 1614): perf_lock_rel, hdl:224, tid:2237
07-27 01:30:44.023 I/mtkpower_client( 1614): perf_lock_acq, hdl:224, dur:0, num:14, tid:2237
07-27 01:30:44.023 I/BluetoothMeshServiceJni(13468): classInitNative: succeeds
07-27 01:30:44.024 I/AdapterServiceConfig(13468): init: profile=A2dpService, enabled=true
07-27 01:30:44.024 I/AdapterServiceConfig(13468): init: profile=A2dpSinkService, enabled=false
07-27 01:30:44.024 I/AdapterServiceConfig(13468): init: profile=AvrcpTargetService, enabled=true
07-27 01:30:44.024 I/AdapterServiceConfig(13468): init: profile=AvrcpControllerService, enabled=false
07-27 01:30:44.024 I/AdapterServiceConfig(13468): init: profile=BroadcastAudioScanService, enabled=false
07-27 01:30:44.024 I/AdapterServiceConfig(13468): init: profile=BatteryService, enabled=true
07-27 01:30:44.024 I/AdapterServiceConfig(13468): init: profile=CsipSetCoordinatorService, enabled=false
07-27 01:30:44.024 I/AdapterServiceConfig(13468): init: profile=HapClientService, enabled=false
07-27 01:30:44.024 I/AdapterServiceConfig(13468): init: profile=HeadsetService, enabled=true
07-27 01:30:44.024 I/AdapterServiceConfig(13468): init: profile=HeadsetClientService, enabled=false
07-27 01:30:44.024 I/AdapterServiceConfig(13468): init: profile=HearingAidService, enabled=true
07-27 01:30:44.024 I/AdapterServiceConfig(13468): init: profile=HidDeviceService, enabled=true
07-27 01:30:44.024 I/AdapterServiceConfig(13468): init: profile=HidHostService, enabled=true
07-27 01:30:44.024 I/AdapterServiceConfig(13468): init: profile=GattService, enabled=true
07-27 01:30:44.024 I/AdapterServiceConfig(13468): init: profile=LeAudioService, enabled=false
07-27 01:30:44.024 I/AdapterServiceConfig(13468): init: profile=TbsService, enabled=false
07-27 01:30:44.024 I/AdapterServiceConfig(13468): init: profile=BluetoothMapService, enabled=true
07-27 01:30:44.024 I/AdapterServiceConfig(13468): init: profile=MapClientService, enabled=false
07-27 01:30:44.024 I/AdapterServiceConfig(13468): init: profile=McpService, enabled=false
07-27 01:30:44.024 I/AdapterServiceConfig(13468): init: profile=BluetoothOppService, enabled=true
07-27 01:30:44.024 I/AdapterServiceConfig(13468): init: profile=PanService, enabled=true
07-27 01:30:44.024 I/AdapterServiceConfig(13468): init: profile=BluetoothPbapService, enabled=true
07-27 01:30:44.024 I/AdapterServiceConfig(13468): init: profile=PbapClientService, enabled=false
07-27 01:30:44.024 I/AdapterServiceConfig(13468): init: profile=SapService, enabled=false
07-27 01:30:44.024 I/AdapterServiceConfig(13468): init: profile=VolumeControlService, enabled=false
07-27 01:30:44.024 I/AdapterServiceConfig(13468): init: profile=MeshService, enabled=false
07-27 01:30:44.024 I/libPowerHal(  903): [perfLockRel] hdl:224, idx:0
07-27 01:30:44.024 D/OplusActivityManager(13468): get AMS extension: android.os.BinderProxy@5e3a927
07-27 01:30:44.025 I/libPowerHal(  903): system_server: cpu_ctrl set cpu freq: -1 -1 -1 -1 -1 -1
07-27 01:30:44.025 I/libPowerHal(  903): [unsetGPUFreq] current min:21, max:0; scn_gpu_min:21, scn_gpu_max:-1; scn_gpu_min(HL):-1, scn_gpu_max(HL):-1
07-27 01:30:44.025 I/libPowerHal(  903): system_server: set gpu opp level: 40
07-27 01:30:44.025 I/libPowerHal(  903): system_server: set gpu opp level max: 0
07-27 01:30:44.025 I/libPowerHal(  903): [setGPUFreq] Soft min/max = (40, 0); Hard min/max = (40, 0)
07-27 01:30:44.025 I/libPowerHal(  903): [setGPUFreq] final min/max = (40, 0)
07-27 01:30:44.025 I/libPowerHal(  903): system_server: set gpu opp level: 40
07-27 01:30:44.025 I/libPowerHal(  903): system_server: set gpu opp level max: 0
07-27 01:30:44.025 I/libPowerHal(  903): [PD] system_server update cmd:1410000 param:0
07-27 01:30:44.026 I/libPowerHal(  903): [PD] system_server update cmd:2004100 param:2
07-27 01:30:44.027 I/mtkpower_client( 1614): ret_hdl:225
07-27 01:30:44.027 I/libPowerHal(  903): system_server: cpu_ctrl set cpu freq: 2000000 -1 2200000 -1 2284000 -1
07-27 01:30:44.028 I/mtkpower_client( 1614): perf_lock_rel, hdl:225, tid:2237
07-27 01:30:44.028 D/OplusCustomizeConnectivityManagerService( 1614): getBluetoothPolicies 2
07-27 01:30:44.028 I/mtkpower_client( 1614): perf_lock_acq, hdl:225, dur:0, num:14, tid:2237
07-27 01:30:44.028 I/mtkpower@impl(  903): [check_work_req] i:0, msg:1 hdl:225, wait
07-27 01:30:44.029 D/BluetoothAdapter( 2188): enable(): called by: com.android.systemui
07-27 01:30:44.029 I/libPowerHal(  903): [perfLockRel] hdl:225, idx:0
07-27 01:30:44.029 D/BluetoothAdapter( 2188): checkPermission: android.permission.BLUETOOTH_ADMIN, pid=2188, uid=10180, ret=true
07-27 01:30:44.029 I/libPowerHal(  903): system_server: cpu_ctrl set cpu freq: -1 -1 -1 -1 -1 -1
07-27 01:30:44.029 I/libPowerHal(  903): [PD] system_server update cmd:1410000 param:0
07-27 01:30:44.029 D/OplusCustomizeConnectivityManagerService( 1614): getBluetoothPolicies 2
07-27 01:30:44.029 I/libPowerHal(  903): [PD] system_server update cmd:1c3c000, param:1
07-27 01:30:44.029 I/libPowerHal(  903): [PD] system_server update cmd:2004100 param:2
07-27 01:30:44.030 D/BluetoothManagerService( 1614): MESSAGE_ENABLE: isBle: 0 msg.obj : null
07-27 01:30:44.030 D/BluetoothManagerService( 1614): MESSAGE_ENABLE: handleEnable
07-27 01:30:44.030 D/BluetoothManagerService( 1614): binding Bluetooth service
07-27 01:30:44.030 I/mtkpower_client( 1614): ret_hdl:226
07-27 01:30:44.031 I/libPowerHal(  903): [setGPUFreq] system_server user set gpu freq min:21, max:-1
07-27 01:30:44.031 I/libPowerHal(  903): system_server: set gpu opp level: 21
07-27 01:30:44.031 I/libPowerHal(  903): system_server: set gpu opp level max: 0
07-27 01:30:44.031 I/libPowerHal(  903): [setGPUFreq] Soft min/max = (21, 0); Hard min/max = (40, 0)
07-27 01:30:44.031 I/libPowerHal(  903): [setGPUFreq] final min/max = (21, 0)
07-27 01:30:44.031 I/libPowerHal(  903): system_server: set gpu opp level: 21
07-27 01:30:44.031 I/libPowerHal(  903): system_server: set gpu opp level max: 0
07-27 01:30:44.031 I/libPowerHal(  903): system_server: cpu_ctrl set cpu freq: 1075000 -1 1046000 -1 1108000 -1
07-27 01:30:44.038 V/ActivityManager( 1614): Has totaly same connectionRecord, just reuse it!
07-27 01:30:44.038 D/BluetoothManagerService( 1614): Binding BT service. Current user: 0
07-27 01:30:44.040 D/CompatibilityChangeReporter(13468): Compat change id reported: 160794467; UID 1002; state: ENABLED
07-27 01:30:44.040 I/[0]DCS-StrategyManager(11942): isNeedUpload: cache, type: 2006, appID: 20082, logTag: 20082, eventID: shortcuts_center_new
07-27 01:30:44.042 D/BluetoothAdapterService(13468): onCreate()
07-27 01:30:44.043 W/droid.bluetooth(13468): ClassLoaderContext classpath size mismatch. expected=0, found=7 (PCL[] | PCL[/system/app/Bluetooth/Bluetooth.apk*1401829738:/system/app/Bluetooth/Bluetooth.apk!classes2.dex*3607417244:/system/app/Bluetooth/Bluetooth.apk!classes3.dex*1668747985:/system/app/Bluetooth/Bluetooth.apk!classes4.dex*1229181280:/system/app/Bluetooth/Bluetooth.apk!classes5.dex*650182882:/system/app/Bluetooth/Bluetooth.apk!classes6.dex*174805853:/system/app/Bluetooth/Bluetooth.apk!classes7.dex*2356898761])
07-27 01:30:44.045 D/PhoneInterfaceManager( 2426): [PhoneIntfMgr] QueryTelephonyChecker-getDataNetworkTypeForSubscriber: packageName = com.oplus.statistics.rom, isGrant = true
07-27 01:30:44.055 I/conninfra_loader( 1012): Can't open device node(/dev/conninfra_dev) count(3375), error=[No such file or directory]
07-27 01:30:44.055 D/BluetoothHeadset(13468): Binding service...
07-27 01:30:44.056 W/BluetoothManagerService( 1614): bindBluetoothProfileService:Trying to bind to profile: 1, while Bluetooth is disabled
07-27 01:30:44.057 D/BluetoothPbap(13468): Binding service...
07-27 01:30:44.059 D/BluetoothMap(13468): Create BluetoothMap proxy object
07-27 01:30:44.059 D/BluetoothMap(13468): Binding service...
07-27 01:30:44.062 I/OplusDevicePolicyManagerService( 1614): registerOplusDevicePolicyObserver pid 13468 uid 1002
07-27 01:30:44.065 I/OplusDevicePolicyManagerService( 1614): registerOplusDevicePolicyObserver pid 13468 uid 1002
07-27 01:30:44.067 D/BTEnterpriseFeature(13468): CheckCurrentValue persist.sys.oplus.bt.random_address
07-27 01:30:44.086 D/AdapterState(13468): make() - Creating AdapterState
07-27 01:30:44.087 I/AdapterState(13468): OFF : entered 
07-27 01:30:44.087 D/AdapterProperties(13468): Setting state to OFF
07-27 01:30:44.088 I/AdapterState(13468): OFF : setComponentEnabledSetting (COMPONENT_ENABLED_STATE_DISABLED)
07-27 01:30:44.088 W/PackageManager( 1614): package unknown uid 1002 pid 13468 call SetEnabledSetting(com.android.bluetooth component = com.android.bluetooth.telephony.BluetoothInCallService, 2, 0)
07-27 01:30:44.090 D/BluetoothKeystoreService(13468): new BluetoothKeystoreService isCommonCriteriaMode: false
07-27 01:30:44.091 D/BluetoothKeystoreService(13468): start
07-27 01:30:44.091 I/droid.bluetooth(13468): [0727/013044.091630:INFO:com_android_bluetooth_btservice_BluetoothKeystore.cpp(97)] classInitNative: succeeds
07-27 01:30:44.091 D/BluetoothKeystoreService(13468): setBluetoothKeystoreService(): set to: com.android.bluetooth.btservice.bluetoothkeystore.BluetoothKeystoreService@ef103d2
07-27 01:30:44.093 D/BluetoothKeystoreService(13468): loadConfigData
07-27 01:30:44.094 D/BluetoothKeystoreService(13468): getCompareResult: 0
07-27 01:30:44.100 I/bt_btif (13468): init: init: start restricted = 0 ; common criteria mode = 0, config compare result = 0
07-27 01:30:44.100 I/droid.bluetooth(13468): [0727/013044.100244:INFO:bluetooth_data_migration.cc(80)] Current Bluetooth package name is: com.android.bluetooth
07-27 01:30:44.100 I/droid.bluetooth(13468): [0727/013044.100284:INFO:bluetooth_data_migration.cc(102)] Same location skipped: com.android.bluetooth
07-27 01:30:44.100 I/droid.bluetooth(13468): [0727/013044.100340:INFO:bluetooth_data_migration.cc(110)] Not a valid candidate for migration: "/data/user_de/0/com.android.bluetooth.services"
07-27 01:30:44.100 I/droid.bluetooth(13468): [0727/013044.100358:INFO:bluetooth_data_migration.cc(110)] Not a valid candidate for migration: "/data/user_de/0/com.google.android.bluetooth.services"
07-27 01:30:44.100 I/bt      (13468): bt_common::init_flags: Flags loaded: gd_core=false gd_security=false gd_l2cap=false gatt_robust_caching=false btaa_hci=true gd_rust=false gd_link_policy=false irk_rotation=false 
07-27 01:30:44.100 I/droid.bluetooth(13468): [0727/013044.100748:INFO:message_loop_thread.cc(234)] Run: message loop starting for thread bt_stack_manager_thread
07-27 01:30:44.100 I/bt_stack_manager(13468): event_init_stack: is initializing the stack
07-27 01:30:44.101 I/bt_core_module(13468): module_init: module_init initializing of module "osi_module"
07-27 01:30:44.101 I/bt_core_module(13468): module_init: module_init Init of module "osi_module" completed
07-27 01:30:44.101 I/bt_core_module(13468): module_init: module_init initializing of module "bt_utils_module"
07-27 01:30:44.101 I/bt_core_module(13468): module_init: module_init Init of module "bt_utils_module" completed
07-27 01:30:44.101 I/bt_core_module(13468): module_init: module_init initializing of module "btif_config_module"
07-27 01:30:44.101 E/droid.bluetooth(13468): [0727/013044.101072:ERROR:config.cc(106)] config_new: unable to open file '/data/misc/bluedroid/bt_config.conf': No such file or directory
07-27 01:30:44.101 W/bt_btif_config(13468): init: init unable to load config file: /data/misc/bluedroid/bt_config.conf; using backup.
07-27 01:30:44.101 I/bt_osi_thread(13468): run_thread: run_thread: thread id 13500, thread name alarm_default_ca started
07-27 01:30:44.101 I/bt_osi_thread(13468): run_thread: run_thread: thread id 13501, thread name alarm_dispatcher started
07-27 01:30:44.101 I/bt_core_module(13468): module_init: module_init Init of module "btif_config_module" completed
07-27 01:30:44.101 I/bt_btif_core(13468): btif_init_bluetooth: btif_init_bluetooth entered
07-27 01:30:44.102 I/droid.bluetooth(13468): [0727/013044.102014:INFO:message_loop_thread.cc(234)] Run: message loop starting for thread bt_jni_thread
07-27 01:30:44.102 I/bt_btif_core(13468): btif_init_bluetooth: btif_init_bluetooth finished
07-27 01:30:44.102 I/bt_core_module(13468): module_init: module_init initializing of module "interop_module"
07-27 01:30:44.102 I/bt_core_module(13468): module_init: module_init Init of module "interop_module" completed
07-27 01:30:44.102 I/bt_core_module(13468): module_init: module_init initializing of module "stack_config_module"
07-27 01:30:44.102 I/bt_stack_config(13468): init: init attempt to load stack conf from /etc/bluetooth/bt_stack.conf
07-27 01:30:44.102 I/bt_logmode(13468): IsPropertySet: IsPropertySet: key[persist.vendor.bluetooth.hostloglevel], value[sqc], ret[1]
07-27 01:30:44.102 I/bt_mtk_stack_config(13468): OverwriteConfig: OverwriteConfig Overwrite: TRC_A2D = 6
07-27 01:30:44.102 I/bt_mtk_stack_config(13468): OverwriteConfig: OverwriteConfig Overwrite: TRC_AVCT = 6
07-27 01:30:44.102 I/bt_mtk_stack_config(13468): OverwriteConfig: OverwriteConfig Overwrite: TRC_AVDT = 6
07-27 01:30:44.102 I/bt_mtk_stack_config(13468): OverwriteConfig: OverwriteConfig Overwrite: TRC_AVDT_CCB = 6
07-27 01:30:44.102 I/bt_mtk_stack_config(13468): OverwriteConfig: OverwriteConfig Overwrite: TRC_AVDT_SCB = 6
07-27 01:30:44.102 I/bt_mtk_stack_config(13468): OverwriteConfig: OverwriteConfig Overwrite: TRC_AVRC = 6
07-27 01:30:44.102 I/bt_mtk_stack_config(13468): OverwriteConfig: OverwriteConfig Overwrite: TRC_BNEP = 6
07-27 01:30:44.102 I/bt_mtk_stack_config(13468): OverwriteConfig: OverwriteConfig Overwrite: TRC_BTAPP = 6
07-27 01:30:44.102 I/bt_mtk_stack_config(13468): OverwriteConfig: OverwriteConfig Overwrite: TRC_BTIF = 6
07-27 01:30:44.102 I/bt_mtk_stack_config(13468): OverwriteConfig: OverwriteConfig Overwrite: TRC_BTM = 6
07-27 01:30:44.102 I/bt_mtk_stack_config(13468): OverwriteConfig: OverwriteConfig Overwrite: TRC_HCI = 6
07-27 01:30:44.102 I/bt_mtk_stack_config(13468): OverwriteConfig: OverwriteConfig Overwrite: TRC_HID_DEV = 6
07-27 01:30:44.102 I/bt_mtk_stack_config(13468): OverwriteConfig: OverwriteConfig Overwrite: TRC_HID_HOST = 6
07-27 01:30:44.102 I/bt_mtk_stack_config(13468): OverwriteConfig: OverwriteConfig Overwrite: TRC_L2CAP = 6
07-27 01:30:44.102 I/bt_mtk_stack_config(13468): OverwriteConfig: OverwriteConfig Overwrite: TRC_OBEX = 6
07-27 01:30:44.102 I/bt_mtk_stack_config(13468): OverwriteConfig: OverwriteConfig Overwrite: TRC_PAN = 6
07-27 01:30:44.102 I/bt_mtk_stack_config(13468): OverwriteConfig: OverwriteConfig Overwrite: TRC_RFCOMM = 6
07-27 01:30:44.102 I/bt_mtk_stack_config(13468): OverwriteConfig: OverwriteConfig Overwrite: TRC_SDP = 6
07-27 01:30:44.102 I/bt_mtk_stack_config(13468): OverwriteConfig: OverwriteConfig Overwrite: TRC_SMP = 6
07-27 01:30:44.102 I/bt_mtk_stack_config(13468): AppendStrConfig: AppendStrConfig Append: LoggingV = --v=2
07-27 01:30:44.102 I/bt_mtk_stack_config(13468): AppendIntConfig: AppendIntConfig Append: MAX_LOG_SIZE_PER_FILE = 20
07-27 01:30:44.102 I/bt_mtk_stack_config(13468): AppendIntConfig: AppendIntConfig Append: PACKETS_CACHE_UPPER_LIMIT = 0
07-27 01:30:44.102 I/bt_mtk_stack_config(13468): AppendIntConfig: AppendIntConfig Append: RECYCLE_RATE = 10
07-27 01:30:44.102 I/bt_core_module(13468): module_init: module_init Init of module "stack_config_module" completed
07-27 01:30:44.102 I/bt_core_module(13468): module_init: module_init initializing of module "mtk_iot_list_module"
07-27 01:30:44.102 I/droid.bluetooth(13468): [0727/013044.102886:INFO:oplus_bt_interop.cc(344)] bt_device_interop_oplus: oplus_interop_init attempt to load oplus static blacklist from oplus_bt_interop_database.h
07-27 01:30:44.102 I/droid.bluetooth(13468): [0727/013044.102921:INFO:oplus_bt_interop.cc(73)] config_from_oplus_interop:  Start to load oplus_interop_database.h ...
07-27 01:30:44.103 I/droid.bluetooth(13468): [0727/013044.103256:INFO:oplus_bt_interop.cc(170)] config_from_oplus_interop:  Finish loading oplus_interop_database.h
07-27 01:30:44.103 I/droid.bluetooth(13468): [0727/013044.103273:INFO:oplus_bt_interop.cc(354)] bt_device_interop_oplus: oplus_interop_init attempt to merge oplus static blacklist into src_config
07-27 01:30:44.103 I/droid.bluetooth(13468): [0727/013044.103282:INFO:oplus_bt_interop.cc(258)] config_merge: src_config size : 100
07-27 01:30:44.103 I/droid.bluetooth(13468): [0727/013044.103289:INFO:oplus_bt_interop.cc(259)] config_merge: dest_config size : 76
07-27 01:30:44.103 I/droid.bluetooth(13468): [0727/013044.103296:INFO:oplus_bt_interop.cc(271)] config_merge: src section name : 'MtkSmSecureConnectionsBlacklist': No such file or directory
07-27 01:30:44.103 I/droid.bluetooth(13468): [0727/013044.103306:INFO:oplus_bt_interop.cc(276)] config_merge: src section name : 'MtkSmSecureConnectionsBlacklist' no find in dest_config ,so merge this completed src section to dest_config :No such file or directory
07-27 01:30:44.103 I/droid.bluetooth(13468): [0727/013044.103314:INFO:oplus_bt_interop.cc(271)] config_merge: src section name : 'MtkHfpForceToUseCvsd': No such file or directory
07-27 01:30:44.103 I/droid.bluetooth(13468): [0727/013044.103322:INFO:oplus_bt_interop.cc(318)] config_merge: src entry key : 'PartialNameBlacklist' no find in dest_section ,so push_back(merge) src_entry to dest_section.No such file or directory
07-27 01:30:44.103 I/droid.bluetooth(13468): [0727/013044.103328:INFO:oplus_bt_interop.cc(271)] config_merge: src section name : 'MtkHfpForceToUseMsbc': No such file or directory
07-27 01:30:44.103 I/droid.bluetooth(13468): [0727/013044.103334:INFO:oplus_bt_interop.cc(276)] config_merge: src section name : 'MtkHfpForceToUseMsbc' no find in dest_config ,so merge this completed src section to dest_config :No such file or directory
07-27 01:30:44.103 I/droid.bluetooth(13468): [0727/013044.103340:INFO:oplus_bt_interop.cc(271)] config_merge: src section name : 'MtkHfpInbandRingingDisable': No such file or directory
07-27 01:30:44.103 I/droid.bluetooth(13468): [0727/013044.103347:INFO:oplus_bt_interop.cc(318)] config_merge: src entry key : 'PartialNameBlacklist' no find in dest_section ,so push_back(merge) src_entry to dest_section.No such file or directory
07-27 01:30:44.103 I/droid.bluetooth(13468): [0727/013044.103353:INFO:oplus_bt_interop.cc(271)] config_merge: src section name : 'MtkDisableVoipCallAction': No such file or directory
07-27 01:30:44.103 I/droid.bluetooth(13468): [0727/013044.103360:INFO:oplus_bt_interop.cc(276)] config_merge: src section name : 'MtkDisableVoipCallAction' no find in dest_config ,so merge this completed src section to dest_config :No such file or directory
07-27 01:30:44.103 I/droid.bluetooth(13468): [0727/013044.103366:INFO:oplus_bt_interop.cc(271)] config_merge: src section name : 'MtkAudioDeviceHidConnectWhiltlist': No such file or directory
07-27 01:30:44.103 I/droid.bluetooth(13468): [0727/013044.103372:INFO:oplus_bt_interop.cc(276)] config_merge: src section name : 'MtkAudioDeviceHidConnectWhiltlist' no find in dest_config ,so merge this completed src section to dest_config :No such file or directory
07-27 01:30:44.103 I/droid.bluetooth(13468): [0727/013044.103378:INFO:oplus_bt_interop.cc(271)] config_merge: src section name : 'MtkA2dpDelayStartCmd': No such file or directory
07-27 01:30:44.103 I/droid.bluetooth(13468): [0727/013044.103399:INFO:oplus_bt_interop.cc(318)] config_merge: src entry key : 'ExactNameBlacklist' no find in dest_section ,so push_back(merge) src_entry to dest_section.No such file or directory
07-27 01:30:44.103 I/droid.bluetooth(13468): [0727/013044.103407:INFO:oplus_bt_interop.cc(318)] config_merge: src entry key : 'PartialNameBlacklist' no find in dest_section ,so push_back(merge) src_entry to dest_section.No such file or directory
07-27 01:30:44.103 I/droid.bluetooth(13468): [0727/013044.103413:INFO:oplus_bt_interop.cc(271)] config_merge: src section name : 'MtkAvrcpDisableAbsoluteVolume': No such file or directory
07-27 01:30:44.103 I/droid.bluetooth(13468): [0727/013044.103421:INFO:oplus_bt_interop.cc(318)] config_merge: src entry key : 'PartialNameBlacklist' no find in dest_section ,so push_back(merge) src_entry to dest_section.No such file or directory
07-27 01:30:44.103 I/droid.bluetooth(13468): [0727/013044.103431:INFO:oplus_bt_interop.cc(271)] config_merge: src section name : 'MtkAvrcp13Use': No such file or directory
07-27 01:30:44.103 I/droid.bluetooth(13468): [0727/013044.103440:INFO:oplus_bt_interop.cc(318)] config_merge: src entry key : 'PartialNameBlacklist' no find in dest_section ,so push_back(merge) src_entry to dest_section.No such file or directory
07-27 01:30:44.103 I/droid.bluetooth(13468): [0727/013044.103447:INFO:oplus_bt_interop.cc(271)] config_merge: src section name : 'MtkSkipRemoteSuspendFlag': No such file or directory
07-27 01:30:44.103 I/droid.bluetooth(13468): [0727/013044.103453:INFO:oplus_bt_interop.cc(276)] config_merge: src section name : 'MtkSkipRemoteSuspendFlag' no find in dest_config ,so merge this completed src section to dest_config :No such file or directory
07-27 01:30:44.103 I/droid.bluetooth(13468): [0727/013044.103460:INFO:oplus_bt_interop.cc(271)] config_merge: src section name : 'MtkAcceptL2cWhenConnection': No such file or directory
07-27 01:30:44.103 I/droid.bluetooth(13468): [0727/013044.103465:INFO:oplus_bt_interop.cc(276)] config_merge: src section name : 'MtkAcceptL2cWhenConnection' no find in dest_config ,so merge this completed src section to dest_config :No such file or directory
07-27 01:30:44.103 I/droid.bluetooth(13468): [0727/013044.103472:INFO:oplus_bt_interop.cc(271)] config_merge: src section name : 'MtkA2dpDisableAacCodec': No such file or directory
07-27 01:30:44.103 I/droid.bluetooth(13468): [0727/013044.103478:INFO:oplus_bt_interop.cc(318)] config_merge: src entry key : 'PartialNameBlacklist' no find in dest_section ,so push_back(merge) src_entry to dest_section.No such file or directory
07-27 01:30:44.103 I/droid.bluetooth(13468): [0727/013044.103484:INFO:oplus_bt_interop.cc(271)] config_merge: src section name : 'MtkA2dpAddAacWhiteList': No such file or directory
07-27 01:30:44.103 I/droid.bluetooth(13468): [0727/013044.103489:INFO:oplus_bt_interop.cc(276)] config_merge: src section name : 'MtkA2dpAddAacWhiteList' no find in dest_config ,so merge this completed src section to dest_config :No such file or directory
07-27 01:30:44.103 I/droid.bluetooth(13468): [0727/013044.103496:INFO:oplus_bt_interop.cc(271)] config_merge: src section name : 'MtkA2dpSetStandbyTime': No such file or directory
07-27 01:30:44.103 I/droid.bluetooth(13468): [0727/013044.103502:INFO:oplus_bt_interop.cc(276)] config_merge: src section name : 'MtkA2dpSetStandbyTime' no find in dest_config ,so merge this completed src section to dest_config :No such file or directory
07-27 01:30:44.103 I/droid.bluetooth(13468): [0727/013044.103508:INFO:oplus_bt_interop.cc(271)] config_merge: src section name : 'MtkAvrcpUseMusicPlayStatus': No such file or directory
07-27 01:30:44.103 I/droid.bluetooth(13468): [0727/013044.103514:INFO:oplus_bt_interop.cc(276)] config_merge: src section name : 'MtkAvrcpUseMusicPlayStatus' no find in dest_config ,so merge this completed src section to dest_config :No such file or directory
07-27 01:30:44.103 I/droid.bluetooth(13468): [0727/013044.103520:INFO:oplus_bt_interop.cc(271)] config_merge: src section name : 'MtkForbidCombineRfcData': No such file or directory
07-27 01:30:44.103 I/droid.bluetooth(13468): [0727/013044.103526:INFO:oplus_bt_interop.cc(276)] config_merge: src section name : 'MtkForbidCombineRfcData' no find in dest_config ,so merge this completed src section to dest_config :No such file or directory
07-27 01:30:44.103 I/droid.bluetooth(13468): [0727/013044.103533:INFO:oplus_bt_interop.cc(271)] config_merge: src section name : 'MtkRoleSwitchBlacklist': No such file or directory
07-27 01:30:44.103 I/droid.bluetooth(13468): [0727/013044.103538:INFO:oplus_bt_interop.cc(276)] config_merge: src section name : 'MtkRoleSwitchBlacklist' no find in dest_config ,so merge this completed src section to dest_config :No such file or directory
07-27 01:30:44.103 I/droid.bluetooth(13468): [0727/013044.103545:INFO:oplus_bt_interop.cc(271)] config_merge: src section name : 'MtkRoleSwitchPolicyBlacklist': No such file or directory
07-27 01:30:44.103 I/droid.bluetooth(13468): [0727/013044.103550:INFO:oplus_bt_interop.cc(276)] config_merge: src section name : 'MtkRoleSwitchPolicyBlacklist' no find in dest_config ,so merge this completed src section to dest_config :No such file or directory
07-27 01:30:44.103 I/droid.bluetooth(13468): [0727/013044.103557:INFO:oplus_bt_interop.cc(271)] config_merge: src section name : 'MtkDelayConnectProfile1S': No such file or directory
07-27 01:30:44.103 I/droid.bluetooth(13468): [0727/013044.103562:INFO:oplus_bt_interop.cc(276)] config_merge: src section name : 'MtkDelayConnectProfile1S' no find in dest_config ,so merge this completed src section to dest_config :No such file or directory
07-27 01:30:44.103 I/droid.bluetooth(13468): [0727/013044.103569:INFO:oplus_bt_interop.cc(271)] config_merge: src section name : 'MtkDelayConnectProfile10S': No such file or directory
07-27 01:30:44.103 I/droid.bluetooth(13468): [0727/013044.103574:INFO:oplus_bt_interop.cc(276)] config_merge: src section name : 'MtkDelayConnectProfile10S' no find in dest_config ,so merge this completed src section to dest_config :No such file or directory
07-27 01:30:44.103 I/droid.bluetooth(13468): [0727/013044.103580:INFO:oplus_bt_interop.cc(271)] config_merge: src section name : 'MtkGetUuidsFromStorage': No such file or directory
07-27 01:30:44.103 I/droid.bluetooth(13468): [0727/013044.103586:INFO:oplus_bt_interop.cc(276)] config_merge: src section name : 'MtkGetUuidsFromStorage' no find in dest_config ,so merge this completed src section to dest_config :No such file or directory
07-27 01:30:44.103 I/droid.bluetooth(13468): [0727/013044.103592:INFO:oplus_bt_interop.cc(271)] config_merge: src section name : 'MtkDisableCodecNegotiation': No such file or directory
07-27 01:30:44.103 I/droid.bluetooth(13468): [0727/013044.103598:INFO:oplus_bt_interop.cc(276)] config_merge: src section name : 'MtkDisableCodecNegotiation' no find in dest_config ,so merge this completed src section to dest_config :No such file or directory
07-27 01:30:44.103 I/droid.bluetooth(13468): [0727/013044.103605:INFO:oplus_bt_interop.cc(271)] config_merge: src section name : 'MtkSendingCallIndsBackToBack': No such file or directory
07-27 01:30:44.103 I/droid.bluetooth(13468): [0727/013044.103610:INFO:oplus_bt_interop.cc(276)] config_merge: src section name : 'MtkSendingCallIndsBackToBack' no find in dest_config ,so merge this completed src section to dest_config :No such file or directory
07-27 01:30:44.103 I/droid.bluetooth(13468): [0727/013044.103617:INFO:oplus_bt_interop.cc(271)] config_merge: src section name : 'MtkPbapAllowAccessContact': No such file or directory
07-27 01:30:44.103 I/droid.bluetooth(13468): [0727/013044.103622:INFO:oplus_bt_interop.cc(276)] config_merge: src section name : 'MtkPbapAllowAccessContact' no find in dest_config ,so merge this completed src section to dest_config :No such file or directory
07-27 01:30:44.103 I/droid.bluetooth(13468): [0727/013044.103629:INFO:oplus_bt_interop.cc(271)] config_merge: src section name : 'MtkAvrcpUseA2dpOnly': No such file or directory
07-27 01:30:44.103 I/droid.bluetooth(13468): [0727/013044.103636:INFO:oplus_bt_interop.cc(318)] config_merge: src entry key : 'PartialNameBlacklist' no find in dest_section ,so push_back(merge) src_entry to dest_section.No such file or directory
07-27 01:30:44.103 I/droid.bluetooth(13468): [0727/013044.103642:INFO:oplus_bt_interop.cc(271)] config_merge: src section name : 'MtkSdpPbap11': No such file or directory
07-27 01:30:44.103 I/droid.bluetooth(13468): [0727/013044.103648:INFO:oplus_bt_interop.cc(318)] config_merge: src entry key : 'ExactNameBlacklist' no find in dest_section ,so push_back(merge) src_entry to dest_section.No such file or directory
07-27 01:30:44.103 I/droid.bluetooth(13468): [0727/013044.103654:INFO:oplus_bt_interop.cc(318)] config_merge: src entry key : 'PartialNameBlacklist' no find in dest_section ,so push_back(merge) src_entry to dest_section.No such file or directory
07-27 01:30:44.103 I/droid.bluetooth(13468): [0727/013044.103660:INFO:oplus_bt_interop.cc(271)] config_merge: src section name : 'MtkL2capAcceptConnAsSlave': No such file or directory
07-27 01:30:44.103 I/droid.bluetooth(13468): [0727/013044.103667:INFO:oplus_bt_interop.cc(318)] config_merge: src entry key : 'ExactNameBlacklist' no find in dest_section ,so push_back(merge) src_entry to dest_section.No such file or directory
07-27 01:30:44.103 I/droid.bluetooth(13468): [0727/013044.103672:INFO:oplus_bt_interop.cc(318)] config_merge: src entry key : 'PartialNameBlacklist' no find in dest_section ,so push_back(merge) src_entry to dest_section.No such file or directory
07-27 01:30:44.103 I/droid.bluetooth(13468): [0727/013044.103678:INFO:oplus_bt_interop.cc(271)] config_merge: src section name : 'MtkAvrcpStart3500Ms': No such file or directory
07-27 01:30:44.103 I/droid.bluetooth(13468): [0727/013044.103717:INFO:oplus_bt_interop.cc(271)] config_merge: src section name : 'MtkDcsRemoteVipDevice': No such file or directory
07-27 01:30:44.103 I/droid.bluetooth(13468): [0727/013044.103724:INFO:oplus_bt_interop.cc(276)] config_merge: src section name : 'MtkDcsRemoteVipDevice' no find in dest_config ,so merge this completed src section to dest_config :No such file or directory
07-27 01:30:44.103 I/droid.bluetooth(13468): [0727/013044.103731:INFO:oplus_bt_interop.cc(271)] config_merge: src section name : 'MtkDisableWechatMsg': No such file or directory
07-27 01:30:44.103 I/droid.bluetooth(13468): [0727/013044.103736:INFO:oplus_bt_interop.cc(276)] config_merge: src section name : 'MtkDisableWechatMsg' no find in dest_config ,so merge this completed src section to dest_config :No such file or directory
07-27 01:30:44.103 I/droid.bluetooth(13468): [0727/013044.103744:INFO:oplus_bt_interop.cc(271)] config_merge: src section name : 'MtkLowPriorityDevice': No such file or directory
07-27 01:30:44.103 I/droid.bluetooth(13468): [0727/013044.103749:INFO:oplus_bt_interop.cc(276)] config_merge: src section name : 'MtkLowPriorityDevice' no find in dest_config ,so merge this completed src section to dest_config :No such file or directory
07-27 01:30:44.103 I/droid.bluetooth(13468): [0727/013044.103756:INFO:oplus_bt_interop.cc(271)] config_merge: src section name : 'MtkHfpCallIndicatorsDelta0': No such file or directory
07-27 01:30:44.103 I/droid.bluetooth(13468): [0727/013044.103767:INFO:oplus_bt_interop.cc(318)] config_merge: src entry key : 'PartialNameBlacklist' no find in dest_section ,so push_back(merge) src_entry to dest_section.No such file or directory
07-27 01:30:44.103 I/droid.bluetooth(13468): [0727/013044.103773:INFO:oplus_bt_interop.cc(271)] config_merge: src section name : 'MtkAvrcpNotSendStopped': No such file or directory
07-27 01:30:44.103 I/droid.bluetooth(13468): [0727/013044.103779:INFO:oplus_bt_interop.cc(276)] config_merge: src section name : 'MtkAvrcpNotSendStopped' no find in dest_config ,so merge this completed src section to dest_config :No such file or directory
07-27 01:30:44.103 I/droid.bluetooth(13468): [0727/013044.103786:INFO:oplus_bt_interop.cc(271)] config_merge: src section name : 'MtkAvrcpUseMusicOnly': No such file or directory
07-27 01:30:44.103 I/droid.bluetooth(13468): [0727/013044.103791:INFO:oplus_bt_interop.cc(276)] config_merge: src section name : 'MtkAvrcpUseMusicOnly' no find in dest_config ,so merge this completed src section to dest_config :No such file or directory
07-27 01:30:44.103 I/droid.bluetooth(13468): [0727/013044.103798:INFO:oplus_bt_interop.cc(271)] config_merge: src section name : 'MtkAvrcpForceToSetMaxVolume': No such file or directory
07-27 01:30:44.103 I/droid.bluetooth(13468): [0727/013044.103804:INFO:oplus_bt_interop.cc(276)] config_merge: src section name : 'MtkAvrcpForceToSetMaxVolume' no find in dest_config ,so merge this completed src section to dest_config :No such file or directory
07-27 01:30:44.103 I/droid.bluetooth(13468): [0727/013044.103810:INFO:oplus_bt_interop.cc(271)] config_merge: src section name : 'MtkStartAvrcp100Ms': No such file or directory
07-27 01:30:44.103 I/droid.bluetooth(13468): [0727/013044.103816:INFO:oplus_bt_interop.cc(276)] config_merge: src section name : 'MtkStartAvrcp100Ms' no find in dest_config ,so merge this completed src section to dest_config :No such file or directory
07-27 01:30:44.103 I/droid.bluetooth(13468): [0727/013044.103822:INFO:oplus_bt_interop.cc(271)] config_merge: src section name : 'MtkAutoPairingWhiteList': No such file or directory
07-27 01:30:44.103 I/droid.bluetooth(13468): [0727/013044.103827:INFO:oplus_bt_interop.cc(276)] config_merge: src section name : 'MtkAutoPairingWhiteList' no find in dest_config ,so merge this completed src section to dest_config :No such file or directory
07-27 01:30:44.103 I/droid.bluetooth(13468): [0727/013044.103833:INFO:oplus_bt_interop.cc(271)] config_merge: src section name : 'MtkGapDisableRoleSwitch': No such file or directory
07-27 01:30:44.103 I/droid.bluetooth(13468): [0727/013044.103839:INFO:oplus_bt_interop.cc(318)] config_merge: src entry key : 'ExactNameBlacklist' no find in dest_section ,so push_back(merge) src_entry to dest_section.No such file or directory
07-27 01:30:44.103 I/droid.bluetooth(13468): [0727/013044.103844:INFO:oplus_bt_interop.cc(318)] config_merge: src entry key : 'PartialNameBlacklist' no find in dest_section ,so push_back(merge) src_entry to dest_section.No such file or directory
07-27 01:30:44.103 I/droid.bluetooth(13468): [0727/013044.103849:INFO:oplus_bt_interop.cc(271)] config_merge: src section name : 'GattcNoServiceChangedCCCReg': No such file or directory
07-27 01:30:44.103 I/droid.bluetooth(13468): [0727/013044.103855:INFO:oplus_bt_interop.cc(276)] config_merge: src section name : 'GattcNoServiceChangedCCCReg' no find in dest_config ,so merge this completed src section to dest_config :No such file or directory
07-27 01:30:44.103 I/droid.bluetooth(13468): [0727/013044.103861:INFO:oplus_bt_interop.cc(271)] config_merge: src section name : 'MtkHidSpatialAudio': No such file or directory
07-27 01:30:44.103 I/droid.bluetooth(13468): [0727/013044.103867:INFO:oplus_bt_interop.cc(276)] config_merge: src section name : 'MtkHidSpatialAudio' no find in dest_config ,so merge this completed src section to dest_config :No such file or directory
07-27 01:30:44.103 I/droid.bluetooth(13468): [0727/013044.103873:INFO:oplus_bt_interop.cc(271)] config_merge: src section name : 'MtkEnableAbsVolm': No such file or directory
07-27 01:30:44.103 I/droid.bluetooth(13468): [0727/013044.103878:INFO:oplus_bt_interop.cc(276)] config_merge: src section name : 'MtkEnableAbsVolm' no find in dest_config ,so merge this completed src section to dest_config :No such file or directory
07-27 01:30:44.103 I/droid.bluetooth(13468): [0727/013044.103885:INFO:oplus_bt_interop.cc(271)] config_merge: src section name : 'MtkA2dpResponseOnlySbc': No such file or directory
07-27 01:30:44.103 I/droid.bluetooth(13468): [0727/013044.103890:INFO:oplus_bt_interop.cc(276)] config_merge: src section name : 'MtkA2dpResponseOnlySbc' no find in dest_config ,so merge this completed src section to dest_config :No such file or directory
07-27 01:30:44.103 I/droid.bluetooth(13468): [0727/013044.103896:INFO:oplus_bt_interop.cc(271)] config_merge: src section name : 'MtkHfpScoOpenNotDoSniff': No such file or directory
07-27 01:30:44.103 I/droid.bluetooth(13468): [0727/013044.103903:INFO:oplus_bt_interop.cc(276)] config_merge: src section name : 'MtkHfpScoOpenNotDoSniff' no find in dest_config ,so merge this completed src section to dest_config :No such file or directory
07-27 01:30:44.103 I/droid.bluetooth(13468): [0727/013044.103909:INFO:oplus_bt_interop.cc(271)] config_merge: src section name : 'MtkA2dpLowLatencyPlusMode': No such file or directory
07-27 01:30:44.103 I/droid.bluetooth(13468): [0727/013044.103915:INFO:oplus_bt_interop.cc(276)] config_merge: src section name : 'MtkA2dpLowLatencyPlusMode' no find in dest_config ,so merge this completed src section to dest_config :No such file or directory
07-27 01:30:44.103 I/droid.bluetooth(13468): [0727/013044.103921:INFO:oplus_bt_interop.cc(271)] config_merge: src section name : 'MtkA2dpLowLatencyMode': No such file or directory
07-27 01:30:44.103 I/droid.bluetooth(13468): [0727/013044.103927:INFO:oplus_bt_interop.cc(276)] config_merge: src section name : 'MtkA2dpLowLatencyMode' no find in dest_config ,so merge this completed src section to dest_config :No such file or directory
07-27 01:30:44.103 I/droid.bluetooth(13468): [0727/013044.103932:INFO:oplus_bt_interop.cc(271)] config_merge: src section name : 'MtkDisableDropAutoPlay': No such file or directory
07-27 01:30:44.103 I/droid.bluetooth(13468): [0727/013044.103938:INFO:oplus_bt_interop.cc(276)] config_merge: src section name : 'MtkDisableDropAutoPlay' no find in dest_config ,so merge this completed src section to dest_config :No such file or directory
07-27 01:30:44.103 I/droid.bluetooth(13468): [0727/013044.103944:INFO:oplus_bt_interop.cc(271)] config_merge: src section name : 'MtkA2dpLowLatencyHFPMode': No such file or directory
07-27 01:30:44.103 I/droid.bluetooth(13468): [0727/013044.103949:INFO:oplus_bt_interop.cc(276)] config_merge: src section name : 'MtkA2dpLowLatencyHFPMode' no find in dest_config ,so merge this completed src section to dest_config :No such file or directory
07-27 01:30:44.103 I/droid.bluetooth(13468): [0727/013044.103955:INFO:oplus_bt_interop.cc(271)] config_merge: src section name : 'MtkA2dpEnableLhdcCodec': No such file or directory
07-27 01:30:44.103 I/droid.bluetooth(13468): [0727/013044.103961:INFO:oplus_bt_interop.cc(276)] config_merge: src section name : 'MtkA2dpEnableLhdcCodec' no find in dest_config ,so merge this completed src section to dest_config :No such file or directory
07-27 01:30:44.103 I/droid.bluetooth(13468): [0727/013044.103967:INFO:oplus_bt_interop.cc(271)] config_merge: src section name : 'MtkHfpNoReportCiev72': No such file or directory
07-27 01:30:44.103 I/droid.bluetooth(13468): [0727/013044.103973:INFO:oplus_bt_interop.cc(318)] config_merge: src entry key : 'PartialNameBlacklist' no find in dest_section ,so push_back(merge) src_entry to dest_section.No such file or directory
07-27 01:30:44.103 I/droid.bluetooth(13468): [0727/013044.103978:INFO:oplus_bt_interop.cc(271)] config_merge: src section name : 'MtkA2dpDisableSwitchCodec': No such file or directory
07-27 01:30:44.103 I/droid.bluetooth(13468): [0727/013044.103984:INFO:oplus_bt_interop.cc(276)] config_merge: src section name : 'MtkA2dpDisableSwitchCodec' no find in dest_config ,so merge this completed src section to dest_config :No such file or directory
07-27 01:30:44.103 I/droid.bluetooth(13468): [0727/013044.103990:INFO:oplus_bt_interop.cc(271)] config_merge: src section name : 'MtkLeAvoidDoFastConnectionTwice': No such file or directory
07-27 01:30:44.104 I/droid.bluetooth(13468): [0727/013044.103997:INFO:oplus_bt_interop.cc(271)] config_merge: src section name : 'MtkLeConnIntMinLimitAccept': No such file or directory
07-27 01:30:44.104 I/droid.bluetooth(13468): [0727/013044.104003:INFO:oplus_bt_interop.cc(318)] config_merge: src entry key : 'PartialNameBlacklist' no find in dest_section ,so push_back(merge) src_entry to dest_section.No such file or directory
07-27 01:30:44.104 I/droid.bluetooth(13468): [0727/013044.104009:INFO:oplus_bt_interop.cc(271)] config_merge: src section name : 'MtkLeConnIntMinLimitAdjust': No such file or directory
07-27 01:30:44.104 I/droid.bluetooth(13468): [0727/013044.104014:INFO:oplus_bt_interop.cc(318)] config_merge: src entry key : 'PartialNameBlacklist' no find in dest_section ,so push_back(merge) src_entry to dest_section.No such file or directory
