07-27 01:30:48.936 I/droid.bluetooth(13636): [0727/013048.936486:INFO:oplus_bt_interop.cc(318)] config_merge: src entry key : 'PartialNameBlacklist' no find in dest_section ,so push_back(merge) src_entry to dest_section.No such file or directory
07-27 01:30:48.936 I/droid.bluetooth(13636): [0727/013048.936504:INFO:oplus_bt_interop.cc(271)] config_merge: src section name : 'MtkAvrcpDisableAbsoluteVolume': No such file or directory
07-27 01:30:48.936 I/droid.bluetooth(13636): [0727/013048.936521:INFO:oplus_bt_interop.cc(318)] config_merge: src entry key : 'PartialNameBlacklist' no find in dest_section ,so push_back(merge) src_entry to dest_section.No such file or directory
07-27 01:30:48.936 I/droid.bluetooth(13636): [0727/013048.936544:INFO:oplus_bt_interop.cc(271)] config_merge: src section name : 'MtkAvrcp13Use': No such file or directory
07-27 01:30:48.936 I/droid.bluetooth(13636): [0727/013048.936567:INFO:oplus_bt_interop.cc(318)] config_merge: src entry key : 'PartialNameBlacklist' no find in dest_section ,so push_back(merge) src_entry to dest_section.No such file or directory
07-27 01:30:48.936 I/droid.bluetooth(13636): [0727/013048.936587:INFO:oplus_bt_interop.cc(271)] config_merge: src section name : 'MtkSkipRemoteSuspendFlag': No such file or directory
07-27 01:30:48.936 I/droid.bluetooth(13636): [0727/013048.936603:INFO:oplus_bt_interop.cc(276)] config_merge: src section name : 'MtkSkipRemoteSuspendFlag' no find in dest_config ,so merge this completed src section to dest_config :No such file or directory
07-27 01:30:48.936 I/droid.bluetooth(13636): [0727/013048.936620:INFO:oplus_bt_interop.cc(271)] config_merge: src section name : 'MtkAcceptL2cWhenConnection': No such file or directory
07-27 01:30:48.936 I/droid.bluetooth(13636): [0727/013048.936635:INFO:oplus_bt_interop.cc(276)] config_merge: src section name : 'MtkAcceptL2cWhenConnection' no find in dest_config ,so merge this completed src section to dest_config :No such file or directory
07-27 01:30:48.936 I/droid.bluetooth(13636): [0727/013048.936653:INFO:oplus_bt_interop.cc(271)] config_merge: src section name : 'MtkA2dpDisableAacCodec': No such file or directory
07-27 01:30:48.936 I/droid.bluetooth(13636): [0727/013048.936669:INFO:oplus_bt_interop.cc(318)] config_merge: src entry key : 'PartialNameBlacklist' no find in dest_section ,so push_back(merge) src_entry to dest_section.No such file or directory
07-27 01:30:48.936 I/droid.bluetooth(13636): [0727/013048.936685:INFO:oplus_bt_interop.cc(271)] config_merge: src section name : 'MtkA2dpAddAacWhiteList': No such file or directory
07-27 01:30:48.936 I/droid.bluetooth(13636): [0727/013048.936700:INFO:oplus_bt_interop.cc(276)] config_merge: src section name : 'MtkA2dpAddAacWhiteList' no find in dest_config ,so merge this completed src section to dest_config :No such file or directory
07-27 01:30:48.936 I/droid.bluetooth(13636): [0727/013048.936718:INFO:oplus_bt_interop.cc(271)] config_merge: src section name : 'MtkA2dpSetStandbyTime': No such file or directory
07-27 01:30:48.936 I/droid.bluetooth(13636): [0727/013048.936734:INFO:oplus_bt_interop.cc(276)] config_merge: src section name : 'MtkA2dpSetStandbyTime' no find in dest_config ,so merge this completed src section to dest_config :No such file or directory
07-27 01:30:48.936 I/droid.bluetooth(13636): [0727/013048.936753:INFO:oplus_bt_interop.cc(271)] config_merge: src section name : 'MtkAvrcpUseMusicPlayStatus': No such file or directory
07-27 01:30:48.936 I/droid.bluetooth(13636): [0727/013048.936768:INFO:oplus_bt_interop.cc(276)] config_merge: src section name : 'MtkAvrcpUseMusicPlayStatus' no find in dest_config ,so merge this completed src section to dest_config :No such file or directory
07-27 01:30:48.936 I/droid.bluetooth(13636): [0727/013048.936785:INFO:oplus_bt_interop.cc(271)] config_merge: src section name : 'MtkForbidCombineRfcData': No such file or directory
07-27 01:30:48.936 I/droid.bluetooth(13636): [0727/013048.936800:INFO:oplus_bt_interop.cc(276)] config_merge: src section name : 'MtkForbidCombineRfcData' no find in dest_config ,so merge this completed src section to dest_config :No such file or directory
07-27 01:30:48.936 I/droid.bluetooth(13636): [0727/013048.936817:INFO:oplus_bt_interop.cc(271)] config_merge: src section name : 'MtkRoleSwitchBlacklist': No such file or directory
07-27 01:30:48.936 I/droid.bluetooth(13636): [0727/013048.936832:INFO:oplus_bt_interop.cc(276)] config_merge: src section name : 'MtkRoleSwitchBlacklist' no find in dest_config ,so merge this completed src section to dest_config :No such file or directory
07-27 01:30:48.936 I/droid.bluetooth(13636): [0727/013048.936849:INFO:oplus_bt_interop.cc(271)] config_merge: src section name : 'MtkRoleSwitchPolicyBlacklist': No such file or directory
07-27 01:30:48.936 I/droid.bluetooth(13636): [0727/013048.936864:INFO:oplus_bt_interop.cc(276)] config_merge: src section name : 'MtkRoleSwitchPolicyBlacklist' no find in dest_config ,so merge this completed src section to dest_config :No such file or directory
07-27 01:30:48.936 I/droid.bluetooth(13636): [0727/013048.936881:INFO:oplus_bt_interop.cc(271)] config_merge: src section name : 'MtkDelayConnectProfile1S': No such file or directory
07-27 01:30:48.936 I/droid.bluetooth(13636): [0727/013048.936895:INFO:oplus_bt_interop.cc(276)] config_merge: src section name : 'MtkDelayConnectProfile1S' no find in dest_config ,so merge this completed src section to dest_config :No such file or directory
07-27 01:30:48.936 I/droid.bluetooth(13636): [0727/013048.936912:INFO:oplus_bt_interop.cc(271)] config_merge: src section name : 'MtkDelayConnectProfile10S': No such file or directory
07-27 01:30:48.936 I/droid.bluetooth(13636): [0727/013048.936927:INFO:oplus_bt_interop.cc(276)] config_merge: src section name : 'MtkDelayConnectProfile10S' no find in dest_config ,so merge this completed src section to dest_config :No such file or directory
07-27 01:30:48.936 I/droid.bluetooth(13636): [0727/013048.936944:INFO:oplus_bt_interop.cc(271)] config_merge: src section name : 'MtkGetUuidsFromStorage': No such file or directory
07-27 01:30:48.936 I/droid.bluetooth(13636): [0727/013048.936959:INFO:oplus_bt_interop.cc(276)] config_merge: src section name : 'MtkGetUuidsFromStorage' no find in dest_config ,so merge this completed src section to dest_config :No such file or directory
07-27 01:30:48.936 I/droid.bluetooth(13636): [0727/013048.936977:INFO:oplus_bt_interop.cc(271)] config_merge: src section name : 'MtkDisableCodecNegotiation': No such file or directory
07-27 01:30:48.937 I/droid.bluetooth(13636): [0727/013048.936991:INFO:oplus_bt_interop.cc(276)] config_merge: src section name : 'MtkDisableCodecNegotiation' no find in dest_config ,so merge this completed src section to dest_config :No such file or directory
07-27 01:30:48.937 I/droid.bluetooth(13636): [0727/013048.937009:INFO:oplus_bt_interop.cc(271)] config_merge: src section name : 'MtkSendingCallIndsBackToBack': No such file or directory
07-27 01:30:48.937 I/droid.bluetooth(13636): [0727/013048.937024:INFO:oplus_bt_interop.cc(276)] config_merge: src section name : 'MtkSendingCallIndsBackToBack' no find in dest_config ,so merge this completed src section to dest_config :No such file or directory
07-27 01:30:48.937 I/droid.bluetooth(13636): [0727/013048.937040:INFO:oplus_bt_interop.cc(271)] config_merge: src section name : 'MtkPbapAllowAccessContact': No such file or directory
07-27 01:30:48.937 I/droid.bluetooth(13636): [0727/013048.937055:INFO:oplus_bt_interop.cc(276)] config_merge: src section name : 'MtkPbapAllowAccessContact' no find in dest_config ,so merge this completed src section to dest_config :No such file or directory
07-27 01:30:48.937 I/droid.bluetooth(13636): [0727/013048.937073:INFO:oplus_bt_interop.cc(271)] config_merge: src section name : 'MtkAvrcpUseA2dpOnly': No such file or directory
07-27 01:30:48.937 I/droid.bluetooth(13636): [0727/013048.937092:INFO:oplus_bt_interop.cc(318)] config_merge: src entry key : 'PartialNameBlacklist' no find in dest_section ,so push_back(merge) src_entry to dest_section.No such file or directory
07-27 01:30:48.937 I/droid.bluetooth(13636): [0727/013048.937108:INFO:oplus_bt_interop.cc(271)] config_merge: src section name : 'MtkSdpPbap11': No such file or directory
07-27 01:30:48.937 I/droid.bluetooth(13636): [0727/013048.937126:INFO:oplus_bt_interop.cc(318)] config_merge: src entry key : 'ExactNameBlacklist' no find in dest_section ,so push_back(merge) src_entry to dest_section.No such file or directory
07-27 01:30:48.937 I/droid.bluetooth(13636): [0727/013048.937141:INFO:oplus_bt_interop.cc(318)] config_merge: src entry key : 'PartialNameBlacklist' no find in dest_section ,so push_back(merge) src_entry to dest_section.No such file or directory
07-27 01:30:48.937 I/droid.bluetooth(13636): [0727/013048.937157:INFO:oplus_bt_interop.cc(271)] config_merge: src section name : 'MtkL2capAcceptConnAsSlave': No such file or directory
07-27 01:30:48.937 I/droid.bluetooth(13636): [0727/013048.937174:INFO:oplus_bt_interop.cc(318)] config_merge: src entry key : 'ExactNameBlacklist' no find in dest_section ,so push_back(merge) src_entry to dest_section.No such file or directory
07-27 01:30:48.937 I/droid.bluetooth(13636): [0727/013048.937189:INFO:oplus_bt_interop.cc(318)] config_merge: src entry key : 'PartialNameBlacklist' no find in dest_section ,so push_back(merge) src_entry to dest_section.No such file or directory
07-27 01:30:48.937 I/droid.bluetooth(13636): [0727/013048.937204:INFO:oplus_bt_interop.cc(271)] config_merge: src section name : 'MtkAvrcpStart3500Ms': No such file or directory
07-27 01:30:48.937 I/droid.bluetooth(13636): [0727/013048.937222:INFO:oplus_bt_interop.cc(271)] config_merge: src section name : 'MtkDcsRemoteVipDevice': No such file or directory
07-27 01:30:48.937 I/droid.bluetooth(13636): [0727/013048.937237:INFO:oplus_bt_interop.cc(276)] config_merge: src section name : 'MtkDcsRemoteVipDevice' no find in dest_config ,so merge this completed src section to dest_config :No such file or directory
07-27 01:30:48.937 I/droid.bluetooth(13636): [0727/013048.937254:INFO:oplus_bt_interop.cc(271)] config_merge: src section name : 'MtkDisableWechatMsg': No such file or directory
07-27 01:30:48.937 I/droid.bluetooth(13636): [0727/013048.937269:INFO:oplus_bt_interop.cc(276)] config_merge: src section name : 'MtkDisableWechatMsg' no find in dest_config ,so merge this completed src section to dest_config :No such file or directory
07-27 01:30:48.937 I/droid.bluetooth(13636): [0727/013048.937287:INFO:oplus_bt_interop.cc(271)] config_merge: src section name : 'MtkLowPriorityDevice': No such file or directory
07-27 01:30:48.937 I/droid.bluetooth(13636): [0727/013048.937301:INFO:oplus_bt_interop.cc(276)] config_merge: src section name : 'MtkLowPriorityDevice' no find in dest_config ,so merge this completed src section to dest_config :No such file or directory
07-27 01:30:48.937 I/droid.bluetooth(13636): [0727/013048.937320:INFO:oplus_bt_interop.cc(271)] config_merge: src section name : 'MtkHfpCallIndicatorsDelta0': No such file or directory
07-27 01:30:48.937 I/droid.bluetooth(13636): [0727/013048.937341:INFO:oplus_bt_interop.cc(318)] config_merge: src entry key : 'PartialNameBlacklist' no find in dest_section ,so push_back(merge) src_entry to dest_section.No such file or directory
07-27 01:30:48.937 I/droid.bluetooth(13636): [0727/013048.937356:INFO:oplus_bt_interop.cc(271)] config_merge: src section name : 'MtkAvrcpNotSendStopped': No such file or directory
07-27 01:30:48.937 I/droid.bluetooth(13636): [0727/013048.937371:INFO:oplus_bt_interop.cc(276)] config_merge: src section name : 'MtkAvrcpNotSendStopped' no find in dest_config ,so merge this completed src section to dest_config :No such file or directory
07-27 01:30:48.937 I/droid.bluetooth(13636): [0727/013048.937389:INFO:oplus_bt_interop.cc(271)] config_merge: src section name : 'MtkAvrcpUseMusicOnly': No such file or directory
07-27 01:30:48.937 I/droid.bluetooth(13636): [0727/013048.937404:INFO:oplus_bt_interop.cc(276)] config_merge: src section name : 'MtkAvrcpUseMusicOnly' no find in dest_config ,so merge this completed src section to dest_config :No such file or directory
07-27 01:30:48.937 I/droid.bluetooth(13636): [0727/013048.937423:INFO:oplus_bt_interop.cc(271)] config_merge: src section name : 'MtkAvrcpForceToSetMaxVolume': No such file or directory
07-27 01:30:48.937 I/droid.bluetooth(13636): [0727/013048.937438:INFO:oplus_bt_interop.cc(276)] config_merge: src section name : 'MtkAvrcpForceToSetMaxVolume' no find in dest_config ,so merge this completed src section to dest_config :No such file or directory
07-27 01:30:48.937 I/droid.bluetooth(13636): [0727/013048.937455:INFO:oplus_bt_interop.cc(271)] config_merge: src section name : 'MtkStartAvrcp100Ms': No such file or directory
07-27 01:30:48.937 I/droid.bluetooth(13636): [0727/013048.937470:INFO:oplus_bt_interop.cc(276)] config_merge: src section name : 'MtkStartAvrcp100Ms' no find in dest_config ,so merge this completed src section to dest_config :No such file or directory
07-27 01:30:48.937 I/droid.bluetooth(13636): [0727/013048.937487:INFO:oplus_bt_interop.cc(271)] config_merge: src section name : 'MtkAutoPairingWhiteList': No such file or directory
07-27 01:30:48.937 I/droid.bluetooth(13636): [0727/013048.937502:INFO:oplus_bt_interop.cc(276)] config_merge: src section name : 'MtkAutoPairingWhiteList' no find in dest_config ,so merge this completed src section to dest_config :No such file or directory
07-27 01:30:48.937 I/droid.bluetooth(13636): [0727/013048.937518:INFO:oplus_bt_interop.cc(271)] config_merge: src section name : 'MtkGapDisableRoleSwitch': No such file or directory
07-27 01:30:48.937 I/droid.bluetooth(13636): [0727/013048.937533:INFO:oplus_bt_interop.cc(318)] config_merge: src entry key : 'ExactNameBlacklist' no find in dest_section ,so push_back(merge) src_entry to dest_section.No such file or directory
07-27 01:30:48.937 I/droid.bluetooth(13636): [0727/013048.937548:INFO:oplus_bt_interop.cc(318)] config_merge: src entry key : 'PartialNameBlacklist' no find in dest_section ,so push_back(merge) src_entry to dest_section.No such file or directory
07-27 01:30:48.937 I/droid.bluetooth(13636): [0727/013048.937563:INFO:oplus_bt_interop.cc(271)] config_merge: src section name : 'GattcNoServiceChangedCCCReg': No such file or directory
07-27 01:30:48.937 I/droid.bluetooth(13636): [0727/013048.937577:INFO:oplus_bt_interop.cc(276)] config_merge: src section name : 'GattcNoServiceChangedCCCReg' no find in dest_config ,so merge this completed src section to dest_config :No such file or directory
07-27 01:30:48.937 I/droid.bluetooth(13636): [0727/013048.937593:INFO:oplus_bt_interop.cc(271)] config_merge: src section name : 'MtkHidSpatialAudio': No such file or directory
07-27 01:30:48.937 I/droid.bluetooth(13636): [0727/013048.937608:INFO:oplus_bt_interop.cc(276)] config_merge: src section name : 'MtkHidSpatialAudio' no find in dest_config ,so merge this completed src section to dest_config :No such file or directory
07-27 01:30:48.937 I/droid.bluetooth(13636): [0727/013048.937624:INFO:oplus_bt_interop.cc(271)] config_merge: src section name : 'MtkEnableAbsVolm': No such file or directory
07-27 01:30:48.937 I/droid.bluetooth(13636): [0727/013048.937640:INFO:oplus_bt_interop.cc(276)] config_merge: src section name : 'MtkEnableAbsVolm' no find in dest_config ,so merge this completed src section to dest_config :No such file or directory
07-27 01:30:48.937 I/droid.bluetooth(13636): [0727/013048.937658:INFO:oplus_bt_interop.cc(271)] config_merge: src section name : 'MtkA2dpResponseOnlySbc': No such file or directory
07-27 01:30:48.937 I/droid.bluetooth(13636): [0727/013048.937673:INFO:oplus_bt_interop.cc(276)] config_merge: src section name : 'MtkA2dpResponseOnlySbc' no find in dest_config ,so merge this completed src section to dest_config :No such file or directory
07-27 01:30:48.937 I/droid.bluetooth(13636): [0727/013048.937690:INFO:oplus_bt_interop.cc(271)] config_merge: src section name : 'MtkHfpScoOpenNotDoSniff': No such file or directory
07-27 01:30:48.937 I/droid.bluetooth(13636): [0727/013048.937705:INFO:oplus_bt_interop.cc(276)] config_merge: src section name : 'MtkHfpScoOpenNotDoSniff' no find in dest_config ,so merge this completed src section to dest_config :No such file or directory
07-27 01:30:48.937 I/droid.bluetooth(13636): [0727/013048.937721:INFO:oplus_bt_interop.cc(271)] config_merge: src section name : 'MtkA2dpLowLatencyPlusMode': No such file or directory
07-27 01:30:48.937 I/droid.bluetooth(13636): [0727/013048.937735:INFO:oplus_bt_interop.cc(276)] config_merge: src section name : 'MtkA2dpLowLatencyPlusMode' no find in dest_config ,so merge this completed src section to dest_config :No such file or directory
07-27 01:30:48.937 I/droid.bluetooth(13636): [0727/013048.937752:INFO:oplus_bt_interop.cc(271)] config_merge: src section name : 'MtkA2dpLowLatencyMode': No such file or directory
07-27 01:30:48.937 I/droid.bluetooth(13636): [0727/013048.937767:INFO:oplus_bt_interop.cc(276)] config_merge: src section name : 'MtkA2dpLowLatencyMode' no find in dest_config ,so merge this completed src section to dest_config :No such file or directory
07-27 01:30:48.937 I/droid.bluetooth(13636): [0727/013048.937783:INFO:oplus_bt_interop.cc(271)] config_merge: src section name : 'MtkDisableDropAutoPlay': No such file or directory
07-27 01:30:48.937 I/droid.bluetooth(13636): [0727/013048.937798:INFO:oplus_bt_interop.cc(276)] config_merge: src section name : 'MtkDisableDropAutoPlay' no find in dest_config ,so merge this completed src section to dest_config :No such file or directory
07-27 01:30:48.937 I/droid.bluetooth(13636): [0727/013048.937814:INFO:oplus_bt_interop.cc(271)] config_merge: src section name : 'MtkA2dpLowLatencyHFPMode': No such file or directory
07-27 01:30:48.937 I/droid.bluetooth(13636): [0727/013048.937829:INFO:oplus_bt_interop.cc(276)] config_merge: src section name : 'MtkA2dpLowLatencyHFPMode' no find in dest_config ,so merge this completed src section to dest_config :No such file or directory
07-27 01:30:48.937 I/droid.bluetooth(13636): [0727/013048.937845:INFO:oplus_bt_interop.cc(271)] config_merge: src section name : 'MtkA2dpEnableLhdcCodec': No such file or directory
07-27 01:30:48.937 I/droid.bluetooth(13636): [0727/013048.937860:INFO:oplus_bt_interop.cc(276)] config_merge: src section name : 'MtkA2dpEnableLhdcCodec' no find in dest_config ,so merge this completed src section to dest_config :No such file or directory
07-27 01:30:48.937 I/droid.bluetooth(13636): [0727/013048.937876:INFO:oplus_bt_interop.cc(271)] config_merge: src section name : 'MtkHfpNoReportCiev72': No such file or directory
07-27 01:30:48.937 I/droid.bluetooth(13636): [0727/013048.937892:INFO:oplus_bt_interop.cc(318)] config_merge: src entry key : 'PartialNameBlacklist' no find in dest_section ,so push_back(merge) src_entry to dest_section.No such file or directory
07-27 01:30:48.937 I/droid.bluetooth(13636): [0727/013048.937907:INFO:oplus_bt_interop.cc(271)] config_merge: src section name : 'MtkA2dpDisableSwitchCodec': No such file or directory
07-27 01:30:48.937 I/droid.bluetooth(13636): [0727/013048.937922:INFO:oplus_bt_interop.cc(276)] config_merge: src section name : 'MtkA2dpDisableSwitchCodec' no find in dest_config ,so merge this completed src section to dest_config :No such file or directory
07-27 01:30:48.937 I/droid.bluetooth(13636): [0727/013048.937938:INFO:oplus_bt_interop.cc(271)] config_merge: src section name : 'MtkLeAvoidDoFastConnectionTwice': No such file or directory
07-27 01:30:48.937 I/droid.bluetooth(13636): [0727/013048.937955:INFO:oplus_bt_interop.cc(271)] config_merge: src section name : 'MtkLeConnIntMinLimitAccept': No such file or directory
07-27 01:30:48.937 I/droid.bluetooth(13636): [0727/013048.937972:INFO:oplus_bt_interop.cc(318)] config_merge: src entry key : 'PartialNameBlacklist' no find in dest_section ,so push_back(merge) src_entry to dest_section.No such file or directory
07-27 01:30:48.937 I/droid.bluetooth(13636): [0727/013048.937987:INFO:oplus_bt_interop.cc(271)] config_merge: src section name : 'MtkLeConnIntMinLimitAdjust': No such file or directory
07-27 01:30:48.938 I/droid.bluetooth(13636): [0727/013048.938002:INFO:oplus_bt_interop.cc(318)] config_merge: src entry key : 'PartialNameBlacklist' no find in dest_section ,so push_back(merge) src_entry to dest_section.No such file or directory
07-27 01:30:48.938 I/droid.bluetooth(13636): [0727/013048.938017:INFO:oplus_bt_interop.cc(271)] config_merge: src section name : 'MtkLeConnLatencyAdjust': No such file or directory
07-27 01:30:48.938 I/droid.bluetooth(13636): [0727/013048.938035:INFO:oplus_bt_interop.cc(318)] config_merge: src entry key : 'PartialNameBlacklist' no find in dest_section ,so push_back(merge) src_entry to dest_section.No such file or directory
07-27 01:30:48.938 I/droid.bluetooth(13636): [0727/013048.938050:INFO:oplus_bt_interop.cc(271)] config_merge: src section name : 'MtkLeDisableFastConnection': No such file or directory
07-27 01:30:48.938 I/droid.bluetooth(13636): [0727/013048.938067:INFO:oplus_bt_interop.cc(271)] config_merge: src section name : 'MtkLeDisablePrefConnParams': No such file or directory
07-27 01:30:48.938 I/droid.bluetooth(13636): [0727/013048.938084:INFO:oplus_bt_interop.cc(271)] config_merge: src section name : 'MtkLeDeviceTypeAdjust': No such file or directory
07-27 01:30:48.938 I/droid.bluetooth(13636): [0727/013048.938100:INFO:oplus_bt_interop.cc(318)] config_merge: src entry key : 'PartialNameBlacklist' no find in dest_section ,so push_back(merge) src_entry to dest_section.No such file or directory
07-27 01:30:48.938 I/droid.bluetooth(13636): [0727/013048.938115:INFO:oplus_bt_interop.cc(271)] config_merge: src section name : 'MtkHfpDelayOpenSco': No such file or directory
07-27 01:30:48.938 I/droid.bluetooth(13636): [0727/013048.938129:INFO:oplus_bt_interop.cc(276)] config_merge: src section name : 'MtkHfpDelayOpenSco' no find in dest_config ,so merge this completed src section to dest_config :No such file or directory
07-27 01:30:48.938 I/droid.bluetooth(13636): [0727/013048.938146:INFO:oplus_bt_interop.cc(271)] config_merge: src section name : 'MtkHfpDelayScoInAct': No such file or directory
07-27 01:30:48.938 I/droid.bluetooth(13636): [0727/013048.938161:INFO:oplus_bt_interop.cc(276)] config_merge: src section name : 'MtkHfpDelayScoInAct' no find in dest_config ,so merge this completed src section to dest_config :No such file or directory
07-27 01:30:48.938 I/droid.bluetooth(13636): [0727/013048.938178:INFO:oplus_bt_interop.cc(271)] config_merge: src section name : 'MtkHfp17To16': No such file or directory
07-27 01:30:48.938 I/droid.bluetooth(13636): [0727/013048.938193:INFO:oplus_bt_interop.cc(276)] config_merge: src section name : 'MtkHfp17To16' no find in dest_config ,so merge this completed src section to dest_config :No such file or directory
07-27 01:30:48.938 I/droid.bluetooth(13636): [0727/013048.938209:INFO:oplus_bt_interop.cc(271)] config_merge: src section name : 'MtkHfp17WhiteList': No such file or directory
07-27 01:30:48.938 I/droid.bluetooth(13636): [0727/013048.938224:INFO:oplus_bt_interop.cc(276)] config_merge: src section name : 'MtkHfp17WhiteList' no find in dest_config ,so merge this completed src section to dest_config :No such file or directory
07-27 01:30:48.938 I/droid.bluetooth(13636): [0727/013048.938240:INFO:oplus_bt_interop.cc(271)] config_merge: src section name : 'MtkHfpForceToUseSco': No such file or directory
07-27 01:30:48.938 I/droid.bluetooth(13636): [0727/013048.938255:INFO:oplus_bt_interop.cc(276)] config_merge: src section name : 'MtkHfpForceToUseSco' no find in dest_config ,so merge this completed src section to dest_config :No such file or directory
07-27 01:30:48.938 I/droid.bluetooth(13636): [0727/013048.938271:INFO:oplus_bt_interop.cc(271)] config_merge: src section name : 'MtkHfpDelayScoAfterActive': No such file or directory
07-27 01:30:48.938 I/droid.bluetooth(13636): [0727/013048.938287:INFO:oplus_bt_interop.cc(276)] config_merge: src section name : 'MtkHfpDelayScoAfterActive' no find in dest_config ,so merge this completed src section to dest_config :No such file or directory
07-27 01:30:48.938 I/droid.bluetooth(13636): [0727/013048.938303:INFO:oplus_bt_interop.cc(271)] config_merge: src section name : 'MtkHfpDelayScoForMoCall': No such file or directory
07-27 01:30:48.938 I/droid.bluetooth(13636): [0727/013048.938319:INFO:oplus_bt_interop.cc(276)] config_merge: src section name : 'MtkHfpDelayScoForMoCall' no find in dest_config ,so merge this completed src section to dest_config :No such file or directory
07-27 01:30:48.938 I/droid.bluetooth(13636): [0727/013048.938335:INFO:oplus_bt_interop.cc(271)] config_merge: src section name : 'MtkHfpInbandRingingEnable': No such file or directory
07-27 01:30:48.938 I/droid.bluetooth(13636): [0727/013048.938351:INFO:oplus_bt_interop.cc(276)] config_merge: src section name : 'MtkHfpInbandRingingEnable' no find in dest_config ,so merge this completed src section to dest_config :No such file or directory
07-27 01:30:48.938 I/droid.bluetooth(13636): [0727/013048.938368:INFO:oplus_bt_interop.cc(271)] config_merge: src section name : 'MtkHfpUpdateSecondCallstate': No such file or directory
07-27 01:30:48.938 I/droid.bluetooth(13636): [0727/013048.938384:INFO:oplus_bt_interop.cc(318)] config_merge: src entry key : 'PartialNameBlacklist' no find in dest_section ,so push_back(merge) src_entry to dest_section.No such file or directory
07-27 01:30:48.938 I/droid.bluetooth(13636): [0727/013048.938425:INFO:oplus_bt_interop.cc(271)] config_merge: src section name : 'MtkHfpDelayDiscSco': No such file or directory
07-27 01:30:48.938 I/droid.bluetooth(13636): [0727/013048.938443:INFO:oplus_bt_interop.cc(276)] config_merge: src section name : 'MtkHfpDelayDiscSco' no find in dest_config ,so merge this completed src section to dest_config :No such file or directory
07-27 01:30:48.938 I/droid.bluetooth(13636): [0727/013048.938459:INFO:oplus_bt_interop.cc(271)] config_merge: src section name : 'MtkHfpCreateScoAfterAta': No such file or directory
07-27 01:30:48.938 I/droid.bluetooth(13636): [0727/013048.938480:INFO:oplus_bt_interop.cc(276)] config_merge: src section name : 'MtkHfpCreateScoAfterAta' no find in dest_config ,so merge this completed src section to dest_config :No such file or directory
07-27 01:30:48.938 I/droid.bluetooth(13636): [0727/013048.938497:INFO:oplus_bt_interop.cc(271)] config_merge: src section name : 'MtkHfpDelayScoForMtCall': No such file or directory
07-27 01:30:48.938 I/droid.bluetooth(13636): [0727/013048.938512:INFO:oplus_bt_interop.cc(276)] config_merge: src section name : 'MtkHfpDelayScoForMtCall' no find in dest_config ,so merge this completed src section to dest_config :No such file or directory
07-27 01:30:48.938 I/droid.bluetooth(13636): [0727/013048.938528:INFO:oplus_bt_interop.cc(271)] config_merge: src section name : 'MtkHfpExtendedCodecTimeout': No such file or directory
07-27 01:30:48.938 I/droid.bluetooth(13636): [0727/013048.938544:INFO:oplus_bt_interop.cc(318)] config_merge: src entry key : 'PartialNameBlacklist' no find in dest_section ,so push_back(merge) src_entry to dest_section.No such file or directory
07-27 01:30:48.938 I/droid.bluetooth(13636): [0727/013048.938560:INFO:oplus_bt_interop.cc(271)] config_merge: src section name : 'MtkGapRoleSwitch': No such file or directory
07-27 01:30:48.938 I/droid.bluetooth(13636): [0727/013048.938575:INFO:oplus_bt_interop.cc(318)] config_merge: src entry key : 'PartialNameBlacklist' no find in dest_section ,so push_back(merge) src_entry to dest_section.No such file or directory
07-27 01:30:48.938 I/droid.bluetooth(13636): [0727/013048.938590:INFO:oplus_bt_interop.cc(271)] config_merge: src section name : 'MtkHfpKeepSdpDisc': No such file or directory
07-27 01:30:48.938 I/droid.bluetooth(13636): [0727/013048.938605:INFO:oplus_bt_interop.cc(276)] config_merge: src section name : 'MtkHfpKeepSdpDisc' no find in dest_config ,so merge this completed src section to dest_config :No such file or directory
07-27 01:30:48.938 I/droid.bluetooth(13636): [0727/013048.938664:INFO:oplus_bt_interop.cc(271)] config_merge: src section name : 'MtkLinkPolicyDisableRoleSwitch': No such file or directory
07-27 01:30:48.938 I/droid.bluetooth(13636): [0727/013048.938681:INFO:oplus_bt_interop.cc(276)] config_merge: src section name : 'MtkLinkPolicyDisableRoleSwitch' no find in dest_config ,so merge this completed src section to dest_config :No such file or directory
07-27 01:30:48.938 I/droid.bluetooth(13636): [0727/013048.938698:INFO:oplus_bt_interop.cc(271)] config_merge: src section name : 'MtkHfpPostponeA2dpCreateConnection': No such file or directory
07-27 01:30:48.938 I/droid.bluetooth(13636): [0727/013048.938715:INFO:oplus_bt_interop.cc(318)] config_merge: src entry key : 'PartialNameBlacklist' no find in dest_section ,so push_back(merge) src_entry to dest_section.No such file or directory
07-27 01:30:48.938 I/droid.bluetooth(13636): [0727/013048.938730:INFO:oplus_bt_interop.cc(271)] config_merge: src section name : 'MtkGapDisableSdpBlacklist': No such file or directory
07-27 01:30:48.938 I/droid.bluetooth(13636): [0727/013048.938746:INFO:oplus_bt_interop.cc(276)] config_merge: src section name : 'MtkGapDisableSdpBlacklist' no find in dest_config ,so merge this completed src section to dest_config :No such file or directory
07-27 01:30:48.938 I/droid.bluetooth(13636): [0727/013048.938762:INFO:oplus_bt_interop.cc(271)] config_merge: src section name : 'MtkGapNotDoSniffSubrating': No such file or directory
07-27 01:30:48.938 I/droid.bluetooth(13636): [0727/013048.938779:INFO:oplus_bt_interop.cc(271)] config_merge: src section name : 'MtkSdpPeerNotUseHid': No such file or directory
07-27 01:30:48.938 I/droid.bluetooth(13636): [0727/013048.938796:INFO:oplus_bt_interop.cc(318)] config_merge: src entry key : 'PartialNameBlacklist' no find in dest_section ,so push_back(merge) src_entry to dest_section.No such file or directory
07-27 01:30:48.938 I/droid.bluetooth(13636): [0727/013048.938812:INFO:oplus_bt_interop.cc(271)] config_merge: src section name : 'MtkPanNapIgnorePeerNapCapability': No such file or directory
07-27 01:30:48.938 I/droid.bluetooth(13636): [0727/013048.938827:INFO:oplus_bt_interop.cc(318)] config_merge: src entry key : 'PartialNameBlacklist' no find in dest_section ,so push_back(merge) src_entry to dest_section.No such file or directory
07-27 01:30:48.938 I/sensors-hal-OriginChannel(  894): wise light debug, data[2].type is 65627,data[2].sensor is 91:[488.000000,,160.000000,,21.000000,0.000000,1027562816290]
07-27 01:30:48.938 I/droid.bluetooth(13636): [0727/013048.938841:INFO:oplus_bt_interop.cc(271)] config_merge: src section name : 'MtkA2dpAdvancedA2dpConnect': No such file or directory
07-27 01:30:48.938 I/droid.bluetooth(13636): [0727/013048.938856:INFO:oplus_bt_interop.cc(318)] config_merge: src entry key : 'PartialNameBlacklist' no find in dest_section ,so push_back(merge) src_entry to dest_section.No such file or directory
07-27 01:30:48.938 I/droid.bluetooth(13636): [0727/013048.938871:INFO:oplus_bt_interop.cc(271)] config_merge: src section name : 'MtkA2dpDisableDelayReport': No such file or directory
07-27 01:30:48.938 I/droid.bluetooth(13636): [0727/013048.938885:INFO:oplus_bt_interop.cc(318)] config_merge: src entry key : 'PartialNameBlacklist' no find in dest_section ,so push_back(merge) src_entry to dest_section.No such file or directory
07-27 01:30:48.938 I/droid.bluetooth(13636): [0727/013048.938900:INFO:oplus_bt_interop.cc(271)] config_merge: src section name : 'MtkA2dpDisableRoleSwitchWhenA2dpStart': No such file or directory
07-27 01:30:48.938 I/droid.bluetooth(13636): [0727/013048.938915:INFO:oplus_bt_interop.cc(318)] config_merge: src entry key : 'PartialNameBlacklist' no find in dest_section ,so push_back(merge) src_entry to dest_section.No such file or directory
07-27 01:30:48.938 I/droid.bluetooth(13636): [0727/013048.938930:INFO:oplus_bt_interop.cc(271)] config_merge: src section name : 'MtkA2dpLdacAbrMax660': No such file or directory
07-27 01:30:48.938 I/droid.bluetooth(13636): [0727/013048.938945:INFO:oplus_bt_interop.cc(318)] config_merge: src entry key : 'PartialNameBlacklist' no find in dest_section ,so push_back(merge) src_entry to dest_section.No such file or directory
07-27 01:30:48.938 I/droid.bluetooth(13636): [0727/013048.938959:INFO:oplus_bt_interop.cc(271)] config_merge: src section name : 'MtkRfcommForbidCombineRfcommData': No such file or directory
07-27 01:30:48.938 I/droid.bluetooth(13636): [0727/013048.938974:INFO:oplus_bt_interop.cc(318)] config_merge: src entry key : 'PartialNameBlacklist' no find in dest_section ,so push_back(merge) src_entry to dest_section.No such file or directory
07-27 01:30:48.938 I/droid.bluetooth(13636): [0727/013048.938989:INFO:oplus_bt_interop.cc(271)] config_merge: src section name : 'MtkL2capAcceptConnAsMaster': No such file or directory
07-27 01:30:48.939 I/droid.bluetooth(13636): [0727/013048.939005:INFO:oplus_bt_interop.cc(271)] config_merge: src section name : 'MtkL2capNotRestartAcl': No such file or directory
07-27 01:30:48.939 I/droid.bluetooth(13636): [0727/013048.939020:INFO:oplus_bt_interop.cc(276)] config_merge: src section name : 'MtkL2capNotRestartAcl' no find in dest_config ,so merge this completed src section to dest_config :No such file or directory
07-27 01:30:48.939 I/droid.bluetooth(13636): [0727/013048.939037:INFO:oplus_bt_interop.cc(271)] config_merge: src section name : 'MtkL2capNotSend1byteSdu': No such file or directory
07-27 01:30:48.939 I/droid.bluetooth(13636): [0727/013048.939052:INFO:oplus_bt_interop.cc(318)] config_merge: src entry key : 'PartialNameBlacklist' no find in dest_section ,so push_back(merge) src_entry to dest_section.No such file or directory
07-27 01:30:48.939 I/droid.bluetooth(13636): [0727/013048.939068:INFO:oplus_bt_interop.cc(271)] config_merge: src section name : 'MtkGapDisableAutoPairing': No such file or directory
07-27 01:30:48.939 I/droid.bluetooth(13636): [0727/013048.939082:INFO:oplus_bt_interop.cc(318)] config_merge: src entry key : 'PartialNameBlacklist' no find in dest_section ,so push_back(merge) src_entry to dest_section.No such file or directory
07-27 01:30:48.939 I/droid.bluetooth(13636): [0727/013048.939097:INFO:oplus_bt_interop.cc(271)] config_merge: src section name : 'MtkGapDisableServiceSecurityCheck': No such file or directory
07-27 01:30:48.939 I/droid.bluetooth(13636): [0727/013048.939112:INFO:oplus_bt_interop.cc(318)] config_merge: src entry key : 'PartialNameBlacklist' no find in dest_section ,so push_back(merge) src_entry to dest_section.No such file or directory
07-27 01:30:48.939 I/droid.bluetooth(13636): [0727/013048.939127:INFO:oplus_bt_interop.cc(271)] config_merge: src section name : 'MtkGapForcedSsp': No such file or directory
07-27 01:30:48.939 I/droid.bluetooth(13636): [0727/013048.939143:INFO:oplus_bt_interop.cc(318)] config_merge: src entry key : 'PartialNameBlacklist' no find in dest_section ,so push_back(merge) src_entry to dest_section.No such file or directory
07-27 01:30:48.939 I/droid.bluetooth(13636): [0727/013048.939158:INFO:oplus_bt_interop.cc(271)] config_merge: src section name : 'MtkGapAutoAcceptSsp': No such file or directory
07-27 01:30:48.939 I/droid.bluetooth(13636): [0727/013048.939173:INFO:oplus_bt_interop.cc(318)] config_merge: src entry key : 'PartialNameBlacklist' no find in dest_section ,so push_back(merge) src_entry to dest_section.No such file or directory
07-27 01:30:48.939 I/droid.bluetooth(13636): [0727/013048.939189:INFO:oplus_bt_interop.cc(271)] config_merge: src section name : 'MtkGapDelayAuthentication': No such file or directory
07-27 01:30:48.939 I/droid.bluetooth(13636): [0727/013048.939203:INFO:oplus_bt_interop.cc(318)] config_merge: src entry key : 'PartialNameBlacklist' no find in dest_section ,so push_back(merge) src_entry to dest_section.No such file or directory
07-27 01:30:48.939 I/droid.bluetooth(13636): [0727/013048.939218:INFO:oplus_bt_interop.cc(271)] config_merge: src section name : 'MtkGapDisableRefreshRnrOnAcl': No such file or directory
07-27 01:30:48.939 I/droid.bluetooth(13636): [0727/013048.939233:INFO:oplus_bt_interop.cc(318)] config_merge: src entry key : 'PartialNameBlacklist' no find in dest_section ,so push_back(merge) src_entry to dest_section.No such file or directory
07-27 01:30:48.939 I/droid.bluetooth(13636): [0727/013048.939248:INFO:oplus_bt_interop.cc(271)] config_merge: src section name : 'MtkAvrcpUpdatePlayStatusToUnactiveDevice': No such file or directory
07-27 01:30:48.939 I/droid.bluetooth(13636): [0727/013048.939263:INFO:oplus_bt_interop.cc(318)] config_merge: src entry key : 'PartialNameBlacklist' no find in dest_section ,so push_back(merge) src_entry to dest_section.No such file or directory
07-27 01:30:48.939 I/droid.bluetooth(13636): [0727/013048.939277:INFO:oplus_bt_interop.cc(271)] config_merge: src section name : 'MtkAvrcp14Use': No such file or directory
07-27 01:30:48.939 I/droid.bluetooth(13636): [0727/013048.939292:INFO:oplus_bt_interop.cc(318)] config_merge: src entry key : 'PartialNameBlacklist' no find in dest_section ,so push_back(merge) src_entry to dest_section.No such file or directory
07-27 01:30:48.939 I/droid.bluetooth(13636): [0727/013048.939306:INFO:oplus_bt_interop.cc(271)] config_merge: src section name : 'MtkAvrcpSendExtraTrackChange': No such file or directory
07-27 01:30:48.939 I/droid.bluetooth(13636): [0727/013048.939321:INFO:oplus_bt_interop.cc(318)] config_merge: src entry key : 'PartialNameBlacklist' no find in dest_section ,so push_back(merge) src_entry to dest_section.No such file or directory
07-27 01:30:48.939 I/droid.bluetooth(13636): [0727/013048.939336:INFO:oplus_bt_interop.cc(271)] config_merge: src section name : 'MtkAvrcpNoAppSettings': No such file or directory
07-27 01:30:48.939 I/droid.bluetooth(13636): [0727/013048.939351:INFO:oplus_bt_interop.cc(318)] config_merge: src entry key : 'PartialNameBlacklist' no find in dest_section ,so push_back(merge) src_entry to dest_section.No such file or directory
07-27 01:30:48.939 I/droid.bluetooth(13636): [0727/013048.939365:INFO:oplus_bt_interop.cc(271)] config_merge: src section name : 'MtkAvrcpUseFakeId': No such file or directory
07-27 01:30:48.939 I/droid.bluetooth(13636): [0727/013048.939381:INFO:oplus_bt_interop.cc(318)] config_merge: src entry key : 'PartialNameBlacklist' no find in dest_section ,so push_back(merge) src_entry to dest_section.No such file or directory
07-27 01:30:48.939 I/droid.bluetooth(13636): [0727/013048.939396:INFO:oplus_bt_interop.cc(271)] config_merge: src section name : 'MtkAvrcpUpdateTrackWhenRvdPlay': No such file or directory
07-27 01:30:48.939 I/droid.bluetooth(13636): [0727/013048.939411:INFO:oplus_bt_interop.cc(318)] config_merge: src entry key : 'PartialNameBlacklist' no find in dest_section ,so push_back(merge) src_entry to dest_section.No such file or directory
07-27 01:30:48.939 I/droid.bluetooth(13636): [0727/013048.939425:INFO:oplus_bt_interop.cc(271)] config_merge: src section name : 'MtkDisableBTCDynamicTDD': No such file or directory
07-27 01:30:48.939 I/droid.bluetooth(13636): [0727/013048.939441:INFO:oplus_bt_interop.cc(276)] config_merge: src section name : 'MtkDisableBTCDynamicTDD' no find in dest_config ,so merge this completed src section to dest_config :No such file or directory
07-27 01:30:48.939 I/droid.bluetooth(13636): [0727/013048.939457:INFO:oplus_bt_interop.cc(271)] config_merge: src section name : 'MtkMandatoryHidGroupToGeneric': No such file or directory
07-27 01:30:48.939 I/droid.bluetooth(13636): [0727/013048.939473:INFO:oplus_bt_interop.cc(276)] config_merge: src section name : 'MtkMandatoryHidGroupToGeneric' no find in dest_config ,so merge this completed src section to dest_config :No such file or directory
07-27 01:30:48.939 I/droid.bluetooth(13636): [0727/013048.939538:INFO:oplus_bt_interop.cc(366)] bt_device_interop_oplus: oplus_interop_init attempt to load oplus romupdate blacklist from /data/misc/bluedroid/bt_oplus_iot_list.conf
07-27 01:30:48.939 E/droid.bluetooth(13636): [0727/013048.939575:ERROR:config.cc(106)] config_new: unable to open file '/data/misc/bluedroid/bt_oplus_iot_list.conf': No such file or directory
07-27 01:30:48.939 I/droid.bluetooth(13636): [0727/013048.939597:INFO:oplus_bt_interop.cc(371)] bt_device_interop_oplus: oplus_interop_init file >/data/misc/bluedroid/bt_oplus_iot_list.conf< not found
07-27 01:30:48.939 I/bt_core_module(13636): module_init: module_init Init of module "mtk_iot_list_module" completed
07-27 01:30:48.939 I/bt_stack_manager(13636): event_init_stack: event_init_stack finished
07-27 01:30:48.939 I/bt_osi_wakelock(13636): wakelock_set_os_callouts: wakelock_set_os_callouts set to non-native
07-27 01:30:48.939 I/bt_btif (13636): get_profile_interface: get_profile_interface: id = socket
07-27 01:30:48.939 E/droid.bluetooth(13636): [0727/013048.939913:ERROR:message_loop_thread.cc(103)] DoInThreadDelayed: message loop is null for thread bt_main_thread(-1), from pc:0x750d3a1280
07-27 01:30:48.939 E/droid.bluetooth(13636): [0727/013048.939939:ERROR:btu_task.cc(95)] do_in_main_thread: failed from pc:0x750d3a1280
07-27 01:30:48.939 E/droid.bluetooth(13636): [0727/013048.939948:ERROR:message_loop_thread.cc(103)] DoInThreadDelayed: message loop is null for thread bt_main_thread(-1), from pc:0x750d3a1280
07-27 01:30:48.939 E/droid.bluetooth(13636): [0727/013048.939955:ERROR:btu_task.cc(95)] do_in_main_thread: failed from pc:0x750d3a1280
07-27 01:30:48.939 E/droid.bluetooth(13636): [0727/013048.939960:ERROR:message_loop_thread.cc(103)] DoInThreadDelayed: message loop is null for thread bt_main_thread(-1), from pc:0x750d3a1280
07-27 01:30:48.939 E/droid.bluetooth(13636): [0727/013048.939966:ERROR:btu_task.cc(95)] do_in_main_thread: failed from pc:0x750d3a1280
07-27 01:30:48.941 D/BluetoothKeystoreService(13636): initJni()
07-27 01:30:48.942 I/bt_btif (13636): get_profile_interface: get_profile_interface: id = bluetooth_keystore
07-27 01:30:48.944 I/bt_btif (13636): get_profile_interface: get_profile_interface: id = sdp
07-27 01:30:48.953 D/BluetoothDatabase(13636): start()
07-27 01:30:48.955 D/BluetoothDatabase(13636): Load Database
07-27 01:30:48.955 I/BluetoothAdapterService(13636): Phone policy enabled
07-27 01:30:48.959 D/BluetoothActiveDeviceManager(13636): start()
07-27 01:30:48.963 D/APM_AudioPolicyManager( 1013): listAudioPorts mAvailableInputDevices 0x80000004, 0x80000040, 0x80000080, 0x80000100, 0x80002000, 0x90000000
07-27 01:30:48.964 D/APM_AudioPolicyManager( 1013): listAudioPorts mAvailableInputDevices 0x80000004, 0x80000040, 0x80000080, 0x80000100, 0x80002000, 0x90000000
07-27 01:30:48.964 D/BluetoothDatabase(13636): compactLastConnectionTime: Compacting metadata after load
07-27 01:30:48.964 I/BluetoothDatabase(13636): cacheMetadata
07-27 01:30:48.964 V/BluetoothDatabase(13636): cacheMetadata: found device XX:XX:XXrage
07-27 01:30:48.964 I/BluetoothDatabase(13636): cacheMetadata: Database is ready
07-27 01:30:48.969 D/BluetoothActiveDeviceManager(13636): onAudioDevicesAdded
07-27 01:30:48.969 D/BluetoothActiveDeviceManager(13636): Audio device added: RMX3357 type: 1
07-27 01:30:48.969 D/BluetoothActiveDeviceManager(13636): Audio device added: RMX3357 type: 2
07-27 01:30:48.969 D/BluetoothActiveDeviceManager(13636): Audio device added: RMX3357 type: 18
07-27 01:30:48.969 D/BluetoothActiveDeviceManager(13636): Audio device added: RMX3357 type: 20
07-27 01:30:48.969 D/BluetoothActiveDeviceManager(13636): Audio device added: RMX3357 type: 20
07-27 01:30:48.969 D/BluetoothActiveDeviceManager(13636): Audio device added: RMX3357 type: 20
07-27 01:30:48.969 D/BluetoothActiveDeviceManager(13636): Audio device added: RMX3357 type: 20
07-27 01:30:48.969 D/BluetoothActiveDeviceManager(13636): Audio device added: RMX3357 type: 15
07-27 01:30:48.969 D/BluetoothActiveDeviceManager(13636): Audio device added: RMX3357 type: 15
07-27 01:30:48.969 D/BluetoothActiveDeviceManager(13636): Audio device added: RMX3357 type: 16
07-27 01:30:48.969 D/BluetoothActiveDeviceManager(13636): Audio device added: RMX3357 type: 28
07-27 01:30:48.969 D/BluetoothActiveDeviceManager(13636): Audio device added: RMX3357 type: 18
07-27 01:30:48.969 D/BluetoothActiveDeviceManager(13636): Audio device added: RMX3357 type: 25
07-27 01:30:48.974 D/OplusPodsQuery(13636): startSupprotWearCheckHeadsetQuery...
07-27 01:30:48.974 D/OplusPodsQuery(13636): enter EVENT_ARG_QUERY
07-27 01:30:48.974 V/SilenceDeviceManager(13636): start()
07-27 01:30:48.975 I/droid.bluetooth(13636): [0727/013048.975474:INFO:com_android_bluetooth_btservice_ActivityAttribution.cpp(96)] classInitNative: succeeds
07-27 01:30:48.977 I/mtkpower_client( 1614): perf_lock_rel, hdl:228, tid:2237
07-27 01:30:48.977 D/CompatibilityChangeReporter( 1614): Compat change id reported: 135634846; UID 10240; state: DISABLED
07-27 01:30:48.977 D/CompatibilityChangeReporter( 1614): Compat change id reported: 177438394; UID 10240; state: DISABLED
07-27 01:30:48.977 D/CompatibilityChangeReporter( 1614): Compat change id reported: 135772972; UID 10240; state: DISABLED
07-27 01:30:48.977 D/CompatibilityChangeReporter( 1614): Compat change id reported: 135754954; UID 10240; state: ENABLED
07-27 01:30:48.977 I/libPowerHal(  903): [perfLockRel] hdl:228, idx:0
07-27 01:30:48.977 I/libPowerHal(  903): [PD] system_server update cmd:2004100 param:2
07-27 01:30:48.978 I/mtkpower_client( 1614): perf_lock_acq, hdl:228, dur:0, num:14, tid:2237
07-27 01:30:48.978 D/CompatibilityChangeReporter( 1614): Compat change id reported: 143937733; UID 10240; state: ENABLED
07-27 01:30:48.979 I/libPowerHal(  903): system_server: cpu_ctrl set cpu freq: 2000000 -1 2200000 -1 2284000 -1
07-27 01:30:48.979 I/mtkpower_client( 1614): ret_hdl:229
07-27 01:30:48.996 D/Zygote  (  850): Forked child process 13681
07-27 01:30:48.998 V/WifiManager(13636): registerSoftApCallback: callback=com.oplus.bluetooth.feature.common.OplusBluetoothScenarioMonitor$1@66925e8, executor=android.os.HandlerExecutor@dc20401
07-27 01:30:48.999 I/ActivityManager( 1614): Start proc 13681:com.oplus.melody/u0a240 for content provider {com.oplus.melody/com.oplus.melody.alive.provider.MelodyAliveWhitelistProvider}
07-27 01:30:48.999 D/OplusUIFirst_FB( 1614): com.oplus.melody proc start: 10240 13681 false com.oplus.melody
07-27 01:30:48.999 D/OplusUIFirst_FB( 1614): com.oplus.melody start process: []
07-27 01:30:48.999 D/OplusUIFirst_FB( 1614): List of ThreadOp: size=0 []
07-27 01:30:48.999 V/WifiManager(13636): SoftApCallbackProxy on mode 1, send InfoChanged, newInfo: SoftApInfo{bandwidth= 0, frequency= 0, wifiStandard= 0, mApInstanceIdentifier= null, mIdleShutdownTimeoutMillis= 0}
07-27 01:30:48.999 V/WifiManager(13636): SoftApCallbackProxy on mode 1, send InfoChanged, changedInfoList: []
07-27 01:30:48.999 V/WifiManager(13636): SoftApCallbackProxy on mode 1, send onConnectedClientsChanged(clients): []
07-27 01:30:49.001 W/PanService(13636): getPanService(): service is null
07-27 01:30:49.001 W/HeadsetService(13636): getHeadsetService(): service is NULL
07-27 01:30:49.001 D/OplusSoftApManager( 1614): getConnectedHotspotClients
07-27 01:30:49.002 I/BtNativeChannelJni(13636): classInitNative: succeeds
07-27 01:30:49.004 D/OplusSoftApManager( 1614): getConnectedHotspotClients
07-27 01:30:49.004 E/om.oplus.melody(13681): Unknown bits set in runtime_flags: 0x40000000
07-27 01:30:49.007 E/om.oplus.melody(13681): Not starting debugger since process cannot load the jdwp agent.
07-27 01:30:49.008 W/droid.bluetooth(13636): ClassLoaderContext classpath size mismatch. expected=0, found=8 (PCL[] | PCL[/system/app/Bluetooth/Bluetooth.apk*1401829738:/system/app/Bluetooth/Bluetooth.apk!classes2.dex*3607417244:/system/app/Bluetooth/Bluetooth.apk!classes3.dex*1668747985:/system/app/Bluetooth/Bluetooth.apk!classes4.dex*1229181280:/system/app/Bluetooth/Bluetooth.apk!classes5.dex*650182882:/system/app/Bluetooth/Bluetooth.apk!classes6.dex*174805853:/system/app/Bluetooth/Bluetooth.apk!classes7.dex*2356898761:/system_ext/framework/oplus_bluetooth_common_ext.jar*3805864546])
07-27 01:30:49.010 W/ziparchive(13681): Unable to open '/system/framework/mediatek-framework.dm': No such file or directory
07-27 01:30:49.010 W/ziparchive(13681): Unable to open '/system/framework/mediatek-framework.dm': No such file or directory
07-27 01:30:49.013 I/OneTrace(13681): Mark active for pid=13681? true
07-27 01:30:49.013 D/cutils-dev(13681): otrace_set_tracing_enabled? true
07-27 01:30:49.013 D/cutils-dev(13681): properties changed in otrace_seq_number_changed!
07-27 01:30:49.014 E/om.oplus.melody(13681): Could not write anonymous vdex /system/framework/oat/arm64/mediatek-framework.vdex: Could not open /system/framework/oat/arm64/mediatek-framework.vdex for writing
07-27 01:30:49.014 E/om.oplus.melody(13681): Could not write anonymous vdex /system/framework/oat/arm64/mediatek-framework.vdex: Could not open /system/framework/oat/arm64/mediatek-framework.vdex for writing
07-27 01:30:49.015 D/MtkBluetoothFwUpdateManager(13636): initialized MtkBluetoothFwUpdateManager
07-27 01:30:49.016 E/OplusBluetoothFirmwareDumpCheck(13636): OplusBluetoothFirmwareDumpCheck make()
07-27 01:30:49.016 I/mtkpower_client( 1614): perf_lock_rel, hdl:229, tid:2237
07-27 01:30:49.016 D/OplusBluetoothFirmwareDumpCheck(13636): init()
07-27 01:30:49.016 I/mtkpower_client( 1614): perf_lock_acq, hdl:229, dur:0, num:14, tid:2237
07-27 01:30:49.016 I/libPowerHal(  903): [perfLockRel] hdl:229, idx:0
07-27 01:30:49.017 I/libPowerHal(  903): system_server: cpu_ctrl set cpu freq: -1 -1 -1 -1 -1 -1
07-27 01:30:49.017 I/libPowerHal(  903): [PD] system_server update cmd:1410000 param:0
