07-27 01:30:40.273 I/OplusHansManager ( 1614): uid=10264, pkg=com.tencent.mm can transition from M to F
07-27 01:30:40.273 I/OplusHansManager ( 1614): uid=10264, pkg=com.tencent.mm F enter(), M stay=10
07-27 01:30:40.273 D/IHansComunication( 6882): HansComunication::addUid-- 10264, persistent--0
07-27 01:30:40.273 D/IHansComunication( 6882): HANS sendMessageToKernel: threadId = 484687203504, netLinkSetup = 1, type = PKG, targetUid = 10264, pkgCmd = ADD_ONE_UID
07-27 01:30:40.281 D/vendor.oplus.hardware.charger@1.0-service(  930): getPsyUsbType type: USB, ret_value = 3
07-27 01:30:40.281 D/vendor.oplus.hardware.charger@1.0-service(  930): getPsyUsbType type: USB is usb charging.
07-27 01:30:40.282 I/OplusHansManager ( 1614): freeze uid: 10264 com.tencent.mm pids: [7093, 7291] scene: LcdOn
07-27 01:30:40.284 I/OplusHansManager ( 1614): p_BC uid=10264 pkg=com.tencent.mm
07-27 01:30:40.284 I/OplusHansManager ( 1614): p_job: 10264
07-27 01:30:40.284 I/OplusBinderProxy( 1614): proxyBinder uid: 10264 pkg: com.tencent.mm proxy: true calling: OFreezer
07-27 01:30:40.284 I/OplusHansManager ( 1614): p_alarm 10264
07-27 01:30:40.284 D/IHansComunication( 6882): HansComunication::addUid-- 10264, persistent--0
07-27 01:30:40.285 D/IHansComunication( 6882): HANS sendMessageToKernel: threadId = 484687203504, netLinkSetup = 1, type = PKG, targetUid = 10264, pkgCmd = ADD_ONE_UID
07-27 01:30:40.291 D/vendor.oplus.hardware.charger@1.0-service(  930): getPsyUsbType type: USB, ret_value = 3
07-27 01:30:40.292 D/vendor.oplus.hardware.charger@1.0-service(  930): getPsyUsbType type: USB is usb charging.
07-27 01:30:40.298 I/sensors-hal-OriginChannel(  894): wise light debug, data[2].type is 65627,data[2].sensor is 91:[537.000000,,100.000000,,21.000000,0.000000,1018922529501]
07-27 01:30:40.311 I/System.out( 2341): [OkHttp] sendRequest>>
07-27 01:30:40.311 I/System.out( 2341): [OkHttp] sendRequest<<
07-27 01:30:40.338 I/NTKernel(10751): [SDK_LOG]seq(5120)---- [I] thread_group_general.cc(709)::OnThreadMonitorTimer [XpngThreadPool]->Task deque number, fast_num=0 slow_num=0
07-27 01:30:40.340 I/OplusHansManager ( 1614): uid=10270, pkg=com.tencent.mobileqq can transition from M to F
07-27 01:30:40.340 I/OplusHansManager ( 1614): uid=10270, pkg=com.tencent.mobileqq F enter(), M stay=10
07-27 01:30:40.347 I/OplusHansManager ( 1614): freeze uid: 10270 com.tencent.mobileqq pids: [10720, 10751] scene: LcdOn
07-27 01:30:40.348 I/OplusHansManager ( 1614): p_BC uid=10270 pkg=com.tencent.mobileqq
07-27 01:30:40.348 I/OplusHansManager ( 1614): p_job: 10270
07-27 01:30:40.348 D/IHansComunication( 6882): HansComunication::addUid-- 10270, persistent--0
07-27 01:30:40.348 D/IHansComunication( 6882): HANS sendMessageToKernel: threadId = 484687203504, netLinkSetup = 1, type = PKG, targetUid = 10270, pkgCmd = ADD_ONE_UID
07-27 01:30:40.348 I/OplusBinderProxy( 1614): proxyBinder uid: 10270 pkg: com.tencent.mobileqq proxy: true calling: OFreezer
07-27 01:30:40.348 I/OplusHansManager ( 1614): p_alarm 10270
07-27 01:30:40.348 V/SensorManager( 1614): call sensorServiceCommonInterface name: setSensorAccessState
07-27 01:30:40.348 D/SensorService( 1614): SensorService sensorServiceCommonInterface = setSensorAccessState
07-27 01:30:40.348 D/SensorServiceExtImpl( 1614): sensorServiceCommonInterface funcName = setSensorAccessState, flag = 10270, status = 0
07-27 01:30:40.348 D/SensorServiceExtImpl( 1614): setSensorAccessState uid = 10270
07-27 01:30:40.349 D/SensorService( 1614): onUidStateChanged uid = 10270, state = UID_STATE_IDLE
07-27 01:30:40.349 D/SensorService( 1614): 	>>> curr_period=1000000 min_period=200000000 curr_timeout=200000000 min_timeout=0
07-27 01:30:40.349 D/SensorService( 1614): 	>>> actuating h/w BATCH 0x00000013 200000000 0
07-27 01:30:40.350 I/sensors-hal-OriginChannel(  894): batch: [19,200000000,0]
07-27 01:30:40.352 I/OplusHansManager ( 1614): p_sensor: 10270
07-27 01:30:40.353 D/SensorServiceUtils( 1614): sensorEventLog step_counter = 0
07-27 01:30:40.353 D/SensorServiceUtils( 1614): sensorEventLog step_counter = 0
07-27 01:30:40.353 D/SensorServiceUtils( 1614): sensorEventLog step_counter = 0
07-27 01:30:40.353 D/SensorServiceUtils( 1614): sensorEventLog step_counter = 0
07-27 01:30:40.353 D/SensorServiceUtils( 1614): sensorEventLog step_counter = 0
07-27 01:30:40.353 D/SensorServiceUtils( 1614): sensorEventLog step_counter = 0
07-27 01:30:40.353 D/SensorServiceUtils( 1614): sensorEventLog step_counter = 0
07-27 01:30:40.353 D/SensorServiceUtils( 1614): sensorEventLog step_counter = 0
07-27 01:30:40.353 D/SensorServiceUtils( 1614): sensorEventLog step_counter = 0
07-27 01:30:40.354 D/SensorServiceUtils( 1614): sensorEventLog step_counter = 0
07-27 01:30:40.354 V/SystemSensorManagerExtImpl( 2120): step counter dispatchSensorEvent step 0.0 to + k.b$c@c566ce2
07-27 01:30:40.423 E/[BT]    (  874): init_uart: Can't open /dev/stpbt (No such file or directory), errno[2]
07-27 01:30:40.445 I/conninfra_loader( 1012): Can't open device node(/dev/conninfra_dev) count(3363), error=[No such file or directory]
07-27 01:30:40.453 I/11435PASf3bd051230627.ResourceTrigger(11435): finishAlign
07-27 01:30:40.458 I/11435PASf3bd051230627.PolicyDispatcher(11435): dispatchMultiplePolicy acquire success result = true
07-27 01:30:40.458 I/11435PASf3bd051230627.PolicyManager(11435): handleDispatchRequest  Thread is pool-11-thread-1
07-27 01:30:40.458 I/sensors-hal-OriginChannel(  894): wise light debug, data[2].type is 65627,data[2].sensor is 91:[535.000000,,20.000000,,21.000000,0.000000,1019082626991]
07-27 01:30:40.458 E/11435PASf3bd051230627.PolicyManager(11435): acceptHandleResult, hanleResult is null
07-27 01:30:40.459 I/11435PASf3bd051230627.PolicyDispatcher(11435): onDispatchResult  Thread is pool-11-thread-1
07-27 01:30:40.459 I/11435PASf3bd051230627.PolicyDispatcher(11435): requestDispatchScene  results size is 0,Thread is pool-11-thread-1
07-27 01:30:40.618 I/sensors-hal-OriginChannel(  894): wise light debug, data[1].type is 65627,data[1].sensor is 91:[483.000000,,60.000000,,21.000000,0.000000,1019242161390]
07-27 01:30:40.722 D/AtCmdParser( 2459): parserAtcmdUrc can not find parser for +EPHYCONFIGN
07-27 01:30:40.732 D/AtCmdParser( 2459): parserAtcmdUrc can not find parser for +EPHYCONFIG
07-27 01:30:40.734 D/AtCmdParser( 2459): parserAtcmdUrc can not find parser for +EPHYCONFIG
07-27 01:30:40.736 D/AtCmdParser( 2459): parserAtcmdUrc can not find parser for +EPHYCONFIGN
07-27 01:30:40.740 D/AtCmdParser( 2459): parserAtcmdUrc can not find parser for +EXLCE
07-27 01:30:40.746 I/conninfra_loader( 1012): Can't open device node(/dev/conninfra_dev) count(3364), error=[No such file or directory]
07-27 01:30:40.779 I/sensors-hal-OriginChannel(  894): wise light debug, data[2].type is 65627,data[2].sensor is 91:[479.000000,,140.000000,,21.000000,0.000000,1019402172774]
07-27 01:30:40.938 I/sensors-hal-OriginChannel(  894): wise light debug, data[2].type is 65627,data[2].sensor is 91:[505.000000,,20.000000,,21.000000,0.000000,1019562167270]
07-27 01:30:41.047 I/conninfra_loader( 1012): Can't open device node(/dev/conninfra_dev) count(3365), error=[No such file or directory]
07-27 01:30:41.098 I/sensors-hal-OriginChannel(  894): wise light debug, data[2].type is 65627,data[2].sensor is 91:[497.000000,,20.000000,,21.000000,0.000000,1019722180222]
07-27 01:30:41.111 D/OplusCustomizeSecurityManagerService( 1614): we can't find the BLOCK
07-27 01:30:41.111 D/OplusCustomizeSecurityManagerService( 1614): we can't find the BLOCK
07-27 01:30:41.112 E/OplusCustomizeRestrictionManagerService( 1614): getMobileDataMode error :s == null
07-27 01:30:41.127 D/SurfaceFlinger( 1031): kickIdle 2159, 1427, 17, 0
07-27 01:30:41.127 E/hwcomposer(  883): [DRMDEV] DRM_IOCTL_MTK_KICK_IDLE failed, drm_id_crtc: 64, error: -1  
07-27 01:30:41.259 I/sensors-hal-OriginChannel(  894): wise light debug, data[2].type is 65627,data[2].sensor is 91:[488.000000,,20.000000,,21.000000,0.000000,1019882183366]
07-27 01:30:41.287 D/IHansComunication( 6882): HANS sendMessageToKernel: threadId = 484687203504, netLinkSetup = 1, type = FROZEN_TRANS, targetUid = 10264, pkgCmd = PKG_CMD_MAX
07-27 01:30:41.348 I/conninfra_loader( 1012): Can't open device node(/dev/conninfra_dev) count(3366), error=[No such file or directory]
07-27 01:30:41.349 D/IHansComunication( 6882): HANS sendMessageToKernel: threadId = 484687203504, netLinkSetup = 1, type = FROZEN_TRANS, targetUid = 10270, pkgCmd = PKG_CMD_MAX
07-27 01:30:41.372 D/OplusBluetoothFirmwareDumpCheck(13297): handle message, msg = 2
07-27 01:30:41.418 I/sensors-hal-OriginChannel(  894): wise light debug, data[2].type is 65627,data[2].sensor is 91:[483.000000,,120.000000,,21.000000,0.000000,1020042184813]
07-27 01:30:41.423 E/[BT]    (  874): init_uart: Can't open /dev/stpbt (No such file or directory), errno[2]
07-27 01:30:41.579 I/sensors-hal-OriginChannel(  894): wise light debug, data[2].type is 65627,data[2].sensor is 91:[485.000000,,120.000000,,21.000000,0.000000,1020202158947]
07-27 01:30:41.649 I/conninfra_loader( 1012): Can't open device node(/dev/conninfra_dev) count(3367), error=[No such file or directory]
07-27 01:30:41.739 I/sensors-hal-OriginChannel(  894): wise light debug, data[2].type is 65627,data[2].sensor is 91:[489.000000,,120.000000,,21.000000,0.000000,1020362161389]
07-27 01:30:41.898 I/sensors-hal-OriginChannel(  894): wise light debug, data[1].type is 65627,data[1].sensor is 91:[487.000000,,20.000000,,21.000000,0.000000,1020522168506]
07-27 01:30:41.949 I/conninfra_loader( 1012): Can't open device node(/dev/conninfra_dev) count(3368), error=[No such file or directory]
07-27 01:30:42.028 D/VRR [OTI]( 1031): handleIdle from 0 to 1
07-27 01:30:42.028 D/VRR [OTI-HW]( 1031): isStateReady 1
07-27 01:30:42.028 D/VRR [OTI-HW]( 1031): rate range: min {id=0, hwcId=0, resolution=1080x2400, refreshRate=60.00 Hz, dpi=409.43x409.13, group=0} cur {id=1, hwcId=1, resolution=1080x2400, refreshRate=120.00 Hz, dpi=409.43x409.13, group=0} max {id=1, hwcId=1, resolution=1080x2400, refreshRate=120.00 Hz, dpi=409.43x409.13, group=0}
07-27 01:30:42.028 I/SurfaceFlinger( 1031): VRR [SurfaceFlinger] requestDisplayMode:60, modeId:0
07-27 01:30:42.028 I/SurfaceFlinger( 1031): VRR NOT Skipping mode 0 as it is part of vrr
07-27 01:30:42.028 D/SurfaceFlinger( 1031): VRR [SurfaceFlinger] setDesiredActiveMode: 60 event: 1 displayId: 0 
07-27 01:30:42.031 I/hwcomposer(  883): [HWC] (0) displaySetActiveConfig config:0  
07-27 01:30:42.039 W/SurfaceFlinger( 1031): backpressure when mode change
07-27 01:30:42.042 I/mtkpower_client( 1614): perf_lock_rel, hdl:220, tid:2237
07-27 01:30:42.044 D/OplusCustomizeConnectivityManagerService( 1614): getBluetoothPolicies 2
07-27 01:30:42.044 I/mtkpower_client( 1614): perf_lock_acq, hdl:220, dur:0, num:4, tid:2237
07-27 01:30:42.044 I/libPowerHal(  903): [perfLockRel] hdl:220, idx:0
07-27 01:30:42.044 I/libPowerHal(  903): system_server: cpu_ctrl set cpu freq: -1 -1 -1 -1 -1 -1
07-27 01:30:42.044 I/libPowerHal(  903): [unsetGPUFreq] current min:21, max:0; scn_gpu_min:21, scn_gpu_max:-1; scn_gpu_min(HL):-1, scn_gpu_max(HL):-1
07-27 01:30:42.044 I/libPowerHal(  903): system_server: set gpu opp level: 40
07-27 01:30:42.044 I/libPowerHal(  903): system_server: set gpu opp level max: 0
07-27 01:30:42.044 I/libPowerHal(  903): [setGPUFreq] Soft min/max = (40, 0); Hard min/max = (40, 0)
07-27 01:30:42.044 I/libPowerHal(  903): [setGPUFreq] final min/max = (40, 0)
07-27 01:30:42.044 I/libPowerHal(  903): system_server: set gpu opp level: 40
07-27 01:30:42.044 I/libPowerHal(  903): system_server: set gpu opp level max: 0
07-27 01:30:42.044 I/libPowerHal(  903): [PD] system_server update cmd:1410000 param:0
07-27 01:30:42.045 I/libPowerHal(  903): [PD] system_server update cmd:2004100 param:2
07-27 01:30:42.046 I/mtkpower_client( 1614): ret_hdl:221
07-27 01:30:42.047 W/SurfaceFlinger( 1031): backpressure when mode change
07-27 01:30:42.055 W/SurfaceFlinger( 1031): backpressure when mode change
07-27 01:30:42.058 I/sensors-hal-OriginChannel(  894): wise light debug, data[0].type is 65627,data[0].sensor is 91:[487.000000,,20.000000,,21.000000,0.000000,1020682171799]
07-27 01:30:42.071 W/SurfaceFlinger( 1031): backpressure when mode change
07-27 01:30:42.072 W/SurfaceFlinger( 1031): backpressure when mode change
07-27 01:30:42.081 I/mtkpower_client( 1031): perf_lock_acq, hdl:112, dur:0, num:2, tid:1031
07-27 01:30:42.081 I/mtkpower_client( 1031): ret_hdl:112
07-27 01:30:42.082 D/SurfaceFlinger( 1031): frame_rate = 59, set halftime to 32ms
07-27 01:30:42.082 D/VRR [OTI-HW]( 1031): isStateReady 1
07-27 01:30:42.082 D/VRR [OTI-HW]( 1031): rate range: min {id=0, hwcId=0, resolution=1080x2400, refreshRate=60.00 Hz, dpi=409.43x409.13, group=0} cur {id=0, hwcId=0, resolution=1080x2400, refreshRate=60.00 Hz, dpi=409.43x409.13, group=0} max {id=1, hwcId=1, resolution=1080x2400, refreshRate=120.00 Hz, dpi=409.43x409.13, group=0}
07-27 01:30:42.082 D/VRR [OTI-HW]( 1031): keep rate.
07-27 01:30:42.083 I/libPowerHal(  903): [PU] scn:1, update
07-27 01:30:42.084 I/libPowerHal(  903): [unsetGPUFreq] current min:40, max:0; scn_gpu_min:-1, scn_gpu_max:-1; scn_gpu_min(HL):-1, scn_gpu_max(HL):-1
07-27 01:30:42.084 I/libPowerHal(  903): [setGPUFreq] Soft min/max = (40, 0); Hard min/max = (40, 0)
07-27 01:30:42.084 I/libPowerHal(  903): [setGPUFreq] final min/max = (40, 0)
07-27 01:30:42.084 I/libPowerHal(  903): surfaceflinger: set gpu opp level: 40
07-27 01:30:42.084 I/libPowerHal(  903): surfaceflinger: set gpu opp level max: 0
07-27 01:30:42.085 I/DisplayDeviceRepository( 1614): Display device changed: DisplayDeviceInfo{"": uniqueId="local:0", 1080 x 2400, modeId 1, defaultModeId 1, supportedModes [{id=1, width=1080, height=2400, fps=60.0, alternativeRefreshRates=[120.00001]}, {id=2, width=1080, height=2400, fps=120.00001, alternativeRefreshRates=[60.0]}], colorMode 0, supportedColorModes [0], hdrCapabilities HdrCapabilities{mSupportedHdrTypes=[2, 3, 4], mMaxLuminance=500.0, mMaxAverageLuminance=500.0, mMinLuminance=0.0}, allmSupported false, gameContentTypeSupported false, density 480, 409.432 x 409.127 dpi, appVsyncOff 1133334, presDeadline 16600000, cutout DisplayCutout{insets=Rect(0, 120 - 0, 0) waterfall=Insets{left=0, top=0, right=0, bottom=0} boundingRect={Bounds=[Rect(0, 0 - 0, 0), Rect(0, 0 - 150, 120), Rect(0, 0 - 0, 0), Rect(0, 0 - 0, 0)]} cutoutPathParserInfo={CutoutPathParserInfo{displayWidth=1080 displayHeight=2400 physicalDisplayWidth=1080 physicalDisplayHeight=2400 density={3.0} cutoutSpec={M -540,0 L -540,107 L -390,107 L -390,0 Z} rotation={0} scale={1.0} physicalPixelDisplaySizeRatio={1.0}}}}, touch INTERNAL, rotation 0, type INTERNAL, address {port=0}, deviceProductInfo null, state ON, frameRateOverride , brightnessMinimum 0.0, brightnessMaximum 1.0, brightnessDefault 1193.3451, FLAG_ALLOWED_TO_BE_DEFAULT_DISPLAY, FLAG_ROTATES_WITH_CONTENT, FLAG_SECURE, FLAG_SUPPORTS_PROTECTED_BUFFERS, installOrientation 0}
07-27 01:30:42.088 E/libPowerHal(  903): Could not open '/proc/sys/kernel/sched_pelt_multiplier'
07-27 01:30:42.088 E/libPowerHal(  903): error : 2, No such file or directory
07-27 01:30:42.088 I/libPowerHal(  903): [PU] surfaceflinger update cmd:1430100 param:32
07-27 01:30:42.089 D/DisplayManagerServiceExtImpl( 1614): scheduleTraversalLocked intraversal=false
07-27 01:30:42.090 I/DisplayManagerServiceExtImpl( 1614): handle logical display changed logicalDisplay=id=0,phase=1,stack=0,content=true,displayInfo{stack=0,type=1,id=0,uId=local:0,state=ON,pkg=null}
07-27 01:30:42.092 D/DisplayPowerController[0]( 1614): screen state changed reported, id = 0, state = 2
07-27 01:30:42.093 D/DisplayManagerService( 1614): Delivering display event: displayId=0, event=2
07-27 01:30:42.094 I/WallpaperManagerServiceExt( 1614): removeDisplayData. displayId = 0
07-27 01:30:42.097 I/OplusBinderProxy( 1614): pb uid: 10264 pid: 7291 desc: android.hardware.display.IDisplayManagerCallback/1
07-27 01:30:42.099 D/DisplayManagerService( 1614): MSG_REQUEST_TRAVERSAL pendingCompleted=false
07-27 01:30:42.101 D/BtGatt.ScanManager(13297): handleScreenOn()
07-27 01:30:42.102 D/ScreenDecorations( 2188): updateOrientation mRotation:0 newRotation:0 mRtl:false newRtl:false newLayoutDirection:0 mLayoutDirection0 newMod:{id=1, width=1080, height=2400, fps=60.0, alternativeRefreshRates=[120.00001]} mDisplayMode:{id=1, width=1080, height=2400, fps=60.0, alternativeRefreshRates=[120.00001]} mPendingConfigChange:false
07-27 01:30:42.110 D/OMG_Observer( 2193): mScreenWidthDisplay = 1080, mScreenHeightDisplay = 2400, mRotation = 0, mOrient = 1 , mMiniSizeLimit = 660, mNormalSizeLimit =1800
07-27 01:30:42.110 D/OplusVFXScreenEffectFeature( 1614): notifySFCompatWindowStateChange entered false
07-27 01:30:42.111 D/[PREVIEW]( 1031): SF obtain preview_adapter: 0
07-27 01:30:42.111 D/[PREVIEW]( 1031): TabletPreviewAdapter::parallel world 0
07-27 01:30:42.115 D/DisplayManagerService( 1614): performTraversalInternal pendingTraversal
07-27 01:30:42.116 D/DisplayDevice( 1614): setLayerStackLocked id=local:0 token=android.os.BinderProxy@6170c37 stack=0->0
07-27 01:30:42.133 D/VRR [OPlusRefreshRateService]( 1614): handleConfigIdChange physicalDisplayId: 0 configId: 0
07-27 01:30:42.150 D/OplusCustomizeSecurityManagerService( 1614): we can't find the BLOCK
07-27 01:30:42.151 D/OplusCustomizeSecurityManagerService( 1614): we can't find the BLOCK
07-27 01:30:42.151 E/OplusCustomizeRestrictionManagerService( 1614): getMobileDataMode error :s == null
07-27 01:30:42.186 D/SurfaceFlinger( 1031): kickIdle 1059, 39, 35, 0
07-27 01:30:42.187 E/hwcomposer(  883): [DRMDEV] DRM_IOCTL_MTK_KICK_IDLE failed, drm_id_crtc: 64, error: -1  
07-27 01:30:42.218 I/sensors-hal-OriginChannel(  894): wise light debug, data[2].type is 65627,data[2].sensor is 91:[485.000000,,20.000000,,21.000000,0.000000,1020842166063]
07-27 01:30:42.250 I/conninfra_loader( 1012): Can't open device node(/dev/conninfra_dev) count(3369), error=[No such file or directory]
07-27 01:30:42.272 D/TelephonyInterface( 2459): getRealNrState start:0
07-27 01:30:42.273 D/ReflectionHelper( 2459): android.telephony.OplusTelephonyManager@9020c3f callDeclaredMethodOrThrow : android.telephony.OplusTelephonyManager.getRealNrState
07-27 01:30:42.284 D/ReflectionHelper( 2459): android.telephony.OplusTelephonyManager@9020c3f callDeclaredMethodOrThrow : android.telephony.OplusTelephonyManager.getIfTestSim
07-27 01:30:42.306 D/ReflectionHelper( 2459): android.telephony.OplusTelephonyManager@9020c3f callDeclaredMethodOrThrow : android.telephony.OplusTelephonyManager.getIfTestSim
07-27 01:30:42.379 I/sensors-hal-OriginChannel(  894): wise light debug, data[2].type is 65627,data[2].sensor is 91:[494.000000,,20.000000,,21.000000,0.000000,1021002177380]
07-27 01:30:42.383 D/AALLightSensor( 1271): oldLux=0 [SA:0 LA:0] newLux=0 (oriLux: 0)
07-27 01:30:42.424 E/mtk.hal.bt@1.1-impl(  874): Open: fd -1 is invalid!
07-27 01:30:42.488 F/droid.bluetooth(13297): [0727/013042.424588:FATAL:hci_layer_android.cc(122)] Check failed: status == Status::SUCCESS. 
07-27 01:30:42.488 F/droid.bluetooth(13297): #00 0x000000750b387633 /system/lib64/libbluetooth_jni.so+0x0000000000d49633
07-27 01:30:42.488 F/droid.bluetooth(13297): #01 0x000000750aec9b7b /system/lib64/libbluetooth_jni.so+0x000000000088bb7b
07-27 01:30:42.488 F/droid.bluetooth(13297): #02 0x000000750d677dc3 /system/lib64/android.hardware.bluetooth@1.0.so+0x0000000000017dc3
07-27 01:30:42.488 F/droid.bluetooth(13297): #03 0x000000750a46cbc3 /system/lib64/android.hardware.bluetooth@1.1.so+0x0000000000019bc3
07-27 01:30:42.488 F/droid.bluetooth(13297): #04 0x00000076495cb7af /system/lib64/libhidlbase.so+0x00000000000857af
07-27 01:30:42.488 F/droid.bluetooth(13297): #05 0x00000076495d0f7f /system/lib64/libhidlbase.so+0x000000000008af7f
07-27 01:30:42.488 F/droid.bluetooth(13297): #06 0x00000076495d0343 /system/lib64/libhidlbase.so+0x000000000008a343
07-27 01:30:42.488 F/droid.bluetooth(13297): #07 0x00000076495d152f /system/lib64/libhidlbase.so+0x000000000008b52f
07-27 01:30:42.488 F/droid.bluetooth(13297): #08 0x00000076495dd28b /system/lib64/libhidlbase.so+0x000000000009728b
07-27 01:30:42.488 F/droid.bluetooth(13297): #09 0x000000763359e553 /system/lib64/libutils.so+0x0000000000013553
07-27 01:30:42.488 F/droid.bluetooth(13297): #10 0x00000076381a159f /system/lib64/libandroid_runtime.so+0x00000000000cd59f
07-27 01:30:42.488 F/droid.bluetooth(13297): #11 0x000000762f5a0913 /apex/com.android.runtime/lib64/bionic/libc.so+0x00000000000eb913
07-27 01:30:42.488 F/droid.bluetooth(13297): #12 0x000000762f5334c3 /apex/com.android.runtime/lib64/bionic/libc.so+0x000000000007e4c3
07-27 01:30:42.488 F/droid.bluetooth(13297): 
--------- beginning of crash
07-27 01:30:42.489 F/libc    (13297): Fatal signal 6 (SIGABRT), code -1 (SI_QUEUE) in tid 13391 (HwBinder:13297_), pid 13297 (droid.bluetooth)
07-27 01:30:42.538 I/sensors-hal-OriginChannel(  894): wise light debug, data[1].type is 65627,data[1].sensor is 91:[484.000000,,160.000000,,21.000000,0.000000,1021162175241]
07-27 01:30:42.545 I/crash_dump64(13431): obtaining output fd from tombstoned, type: kDebuggerdTombstoneProto
07-27 01:30:42.545 I/tombstoned(  715): received crash request for pid 13391
07-27 01:30:42.546 I/crash_dump64(13431): performing dump of process 13297 (target tid = 13391)
07-27 01:30:42.550 I/conninfra_loader( 1012): Can't open device node(/dev/conninfra_dev) count(3370), error=[No such file or directory]
07-27 01:30:42.555 E/DEBUG   (13431): failed to read process info: failed to open /proc/13297
07-27 01:30:42.698 I/sensors-hal-OriginChannel(  894): wise light debug, data[2].type is 65627,data[2].sensor is 91:[483.000000,,140.000000,,21.000000,0.000000,1021322186413]
07-27 01:30:42.710 F/DEBUG   (13431): Process name is com.android.bluetooth, not key_process
07-27 01:30:42.710 F/DEBUG   (13431): keyProcess: 0
07-27 01:30:42.710 F/DEBUG   (13431): *** *** *** *** *** *** *** *** *** *** *** *** *** *** *** ***
07-27 01:30:42.710 F/DEBUG   (13431): Build fingerprint: 'realme/RMX3357/RE5469:13/TP1A.220905.001/R.118e459_6af4f:user/release-keys'
07-27 01:30:42.710 F/DEBUG   (13431): Revision: '0'
07-27 01:30:42.710 F/DEBUG   (13431): ABI: 'arm64'
07-27 01:30:42.710 F/DEBUG   (13431): Timestamp: 2023-07-27 01:30:42.555671214+0800
07-27 01:30:42.710 F/DEBUG   (13431): Process uptime: 0s
07-27 01:30:42.710 F/DEBUG   (13431): Cmdline: com.android.bluetooth
07-27 01:30:42.710 F/DEBUG   (13431): pid: 13297, tid: 13391, name: HwBinder:13297_  >>> com.android.bluetooth <<<
07-27 01:30:42.710 F/DEBUG   (13431): uid: 1002
07-27 01:30:42.711 F/DEBUG   (13431): signal 6 (SIGABRT), code -1 (SI_QUEUE), fault addr --------
07-27 01:30:42.711 F/DEBUG   (13431): Abort message: '[0727/013042.424588:FATAL:hci_layer_android.cc(122)] Check failed: status == Status::SUCCESS. 
07-27 01:30:42.711 F/DEBUG   (13431): #00 0x000000750b387633 /system/lib64/libbluetooth_jni.so+0x0000000000d49633
07-27 01:30:42.711 F/DEBUG   (13431): #01 0x000000750aec9b7b /system/lib64/libbluetooth_jni.so+0x000000000088bb7b
07-27 01:30:42.711 F/DEBUG   (13431): #02 0x000000750d677dc3 /system/lib64/android.hardware.bluetooth@1.0.so+0x0000000000017dc3
07-27 01:30:42.711 F/DEBUG   (13431): #03 0x000000750a46cbc3 /system/lib64/android.hardware.bluetooth@1.1.so+0x0000000000019bc3
07-27 01:30:42.711 F/DEBUG   (13431): #04 0x00000076495cb7af /system/lib64/libhidlbase.so+0x00000000000857af
07-27 01:30:42.711 F/DEBUG   (13431): #05 0x00000076495d0f7f /system/lib64/libhidlbase.so+0x000000000008af7f
07-27 01:30:42.711 F/DEBUG   (13431): #06 0x00000076495d0343 /system/lib64/libhidlbase.so+0x000000000008a343
07-27 01:30:42.711 F/DEBUG   (13431): #07 0x00000076495d152f /system/lib64/libhidlbase.so+0x000000000008b52f
07-27 01:30:42.711 F/DEBUG   (13431): #08 0x00000076495dd28b /system/lib64/libhidlbase.so+0x000000000009728b
07-27 01:30:42.711 F/DEBUG   (13431): #09 0x000000763359e553 /system/lib64/libutils.so+0x0000000000013553
07-27 01:30:42.711 F/DEBUG   (13431): #10 0x00000076381a159f /system/lib64/libandroid_runtime.so+0x00000000000cd59f
07-27 01:30:42.711 F/DEBUG   (13431): #11 0x000000762f5a0913 /apex/com.android.runtime/lib64/bionic/libc.so+0x00000000000eb913
07-27 01:30:42.711 F/DEBUG   (13431): #12 0x000000762f5334c3 /apex/com.android.runtime/lib64/bionic/libc.so+0x000000000007e4c3'
07-27 01:30:42.711 F/DEBUG   (13431):     x0  0000000000000000  x1  000000000000344f  x2  0000000000000006  x3  00000074e5ff7e80
07-27 01:30:42.711 F/DEBUG   (13431):     x4  606b5e686267394b  x5  606b5e686267394b  x6  606b5e686267394b  x7  7f7f7f7f7f7f7f7f
07-27 01:30:42.711 F/DEBUG   (13431):     x8  00000000000000f0  x9  000000762f4dbd60  x10 0000000000000001  x11 000000762f541250
07-27 01:30:42.711 F/DEBUG   (13431):     x12 00000074e5ff7b67  x13 00000074e5ff7efe  x14 000000750a892fb6  x15 0000000000000054
07-27 01:30:42.711 F/DEBUG   (13431):     x16 000000762f5b18e0  x17 000000762f58a4e0  x18 00000074e57ae018  x19 00000000000000ac
07-27 01:30:42.711 F/DEBUG   (13431):     x20 00000000000000b2  x21 00000000000033f1  x22 000000000000344f  x23 00000000ffffffff
07-27 01:30:42.711 F/DEBUG   (13431):     x24 000000750b60f000  x25 00000074e5ff7f79  x26 00000074e5ff9000  x27 0000000000000000
07-27 01:30:42.711 F/DEBUG   (13431):     x28 00000000000fc000  x29 00000074e5ff7f00
07-27 01:30:42.711 F/DEBUG   (13431):     lr  000000762f531c64  sp  00000074e5ff7e60  pc  000000762f531c94  pst 0000000000001000
07-27 01:30:42.711 F/DEBUG   (13431): backtrace:
07-27 01:30:42.711 F/DEBUG   (13431):       #00 pc 000000000007cc94  /apex/com.android.runtime/lib64/bionic/libc.so (abort+180) (BuildId: f74e738c3fdb73d042a4e80cb5479864)
07-27 01:30:42.711 F/DEBUG   (13431):       #01 pc 0000000000d4a390  /system/lib64/libbluetooth_jni.so (base::debug::BreakDebugger()+48) (BuildId: 1542b4c03fb263f8c4e68e1f63d28a1b)
07-27 01:30:42.711 F/DEBUG   (13431):       #02 pc 0000000000d49940  /system/lib64/libbluetooth_jni.so (logging::LogMessage::~LogMessage()+1008) (BuildId: 1542b4c03fb263f8c4e68e1f63d28a1b)
07-27 01:30:42.711 F/DEBUG   (13431):       #03 pc 000000000088bb78  /system/lib64/libbluetooth_jni.so (BluetoothHciCallbacks::initializationComplete(android::hardware::bluetooth::V1_0::Status)+200) (BuildId: 1542b4c03fb263f8c4e68e1f63d28a1b)
07-27 01:30:42.711 F/DEBUG   (13431):       #04 pc 0000000000017dc0  /system/lib64/android.hardware.bluetooth@1.0.so (android::hardware::bluetooth::V1_0::BnHwBluetoothHciCallbacks::_hidl_initializationComplete(android::hidl::base::V1_0::BnHwBase*, android::hardware::Parcel const&, android::hardware::Parcel*, std::__1::function<void (android::hardware::Parcel&)>)+160) (BuildId: ec3fc125c74da5f27eada77d0fce05c4)
07-27 01:30:42.711 F/DEBUG   (13431):       #05 pc 0000000000019bc0  /system/lib64/android.hardware.bluetooth@1.1.so (android::hardware::bluetooth::V1_1::BnHwBluetoothHciCallbacks::onTransact(unsigned int, android::hardware::Parcel const&, android::hardware::Parcel*, unsigned int, std::__1::function<void (android::hardware::Parcel&)>)+528) (BuildId: 07892b216bf8aea3de9f24fd51035e12)
07-27 01:30:42.711 F/DEBUG   (13431):       #06 pc 00000000000857ac  /system/lib64/libhidlbase.so (android::hardware::BHwBinder::transact(unsigned int, android::hardware::Parcel const&, android::hardware::Parcel*, unsigned int, std::__1::function<void (android::hardware::Parcel&)>)+156) (BuildId: 16060e2cdcfcbd18c54dc65e240af8f0)
07-27 01:30:42.711 F/DEBUG   (13431):       #07 pc 000000000008af7c  /system/lib64/libhidlbase.so (android::hardware::IPCThreadState::executeCommand(int)+2780) (BuildId: 16060e2cdcfcbd18c54dc65e240af8f0)
07-27 01:30:42.711 F/DEBUG   (13431):       #08 pc 000000000008a340  /system/lib64/libhidlbase.so (android::hardware::IPCThreadState::getAndExecuteCommand()+224) (BuildId: 16060e2cdcfcbd18c54dc65e240af8f0)
07-27 01:30:42.711 F/DEBUG   (13431):       #09 pc 000000000008b52c  /system/lib64/libhidlbase.so (android::hardware::IPCThreadState::joinThreadPool(bool)+172) (BuildId: 16060e2cdcfcbd18c54dc65e240af8f0)
07-27 01:30:42.711 F/DEBUG   (13431):       #10 pc 0000000000097288  /system/lib64/libhidlbase.so (android::hardware::PoolThread::threadLoop()+24) (BuildId: 16060e2cdcfcbd18c54dc65e240af8f0)
07-27 01:30:42.711 F/DEBUG   (13431):       #11 pc 0000000000013550  /system/lib64/libutils.so (android::Thread::_threadLoop(void*)+416) (BuildId: 6e91c32f87baff66d075d21336d0ff27)
07-27 01:30:42.711 F/DEBUG   (13431):       #12 pc 00000000000cd59c  /system/lib64/libandroid_runtime.so (android::AndroidRuntime::javaThreadShell(void*)+140) (BuildId: 6f9b62043b0c0097fca9e7d5061d90e0)
07-27 01:30:42.711 F/DEBUG   (13431):       #13 pc 00000000000eb910  /apex/com.android.runtime/lib64/bionic/libc.so (__pthread_start(void*)+208) (BuildId: f74e738c3fdb73d042a4e80cb5479864)
07-27 01:30:42.711 F/DEBUG   (13431):       #14 pc 000000000007e4c0  /apex/com.android.runtime/lib64/bionic/libc.so (__start_thread+64) (BuildId: f74e738c3fdb73d042a4e80cb5479864)
07-27 01:30:42.721 I/crash_dump64(13431): start notify aee_aed tombstone path: /data/tombstones/.temporary19
07-27 01:30:42.721 I/crash_dump64(13431): socket name: android:aee_aed, sfd: 9
07-27 01:30:42.723 D/AEE_AED (  673): $===AEE===AEE===AEE===$
07-27 01:30:42.723 D/AEE_AED (  673): p 2 poll events 1 revents 1
07-27 01:30:42.723 D/AEE_AED (  673): PPM cpu cores:8, online:8
07-27 01:30:42.724 D/AEE_AED (  673): aed_main_fork_worker: generator 0xb400007cb9a3a0c0, worker 0x7fc5217a70, recv_fd 9
07-27 01:30:42.727 I/AEE_AED (13434): handle_request(9)
07-27 01:30:42.728 I/AEE_AED (13434): aed_dynamic_security_check: dynamic security check option is enabled by full dump dconfig
07-27 01:30:42.728 E/AEE_AED (13434): str2 is not match!
07-27 01:30:42.729 I/AEE_AED (13434): read_request: receive requirement from crash_dump64
07-27 01:30:42.730 D/AEE_AED (13434): is_tombstone_path tombstone path is matched
07-27 01:30:42.730 I/AEE_AED (13434): parse_tombstone: the tombstone file '/data/tombstones/.temporary19' need to be parsed
07-27 01:30:42.730 D/AEE_AED (13434): u:r:bluetooth:s0
07-27 01:30:42.731 V/AEE_AED (13434): dashboard_record_update() : rec->module = com.android.bluetooth 
07-27 01:30:42.731 D/AEE_AED (13434): Skip duplicated exception ! 
07-27 01:30:42.731 D/AEE_AED (13434): Exception Class: 3 
07-27 01:30:42.731 D/AEE_AED (13434): Module: com.android.bluetooth 
07-27 01:30:42.731 D/AEE_AED (13434): Count: 10 
07-27 01:30:42.731 D/AEE_AED (13434): Last exception time: 1690392573 
07-27 01:30:42.731 D/AEE_AED (13434):  
07-27 01:30:42.731 V/AEE_AED (13434): aed_crash_dump_session - skipped 
07-27 01:30:42.731 E/AEE_AED (13434): handle_request: return status is fail
07-27 01:30:42.732 D/AEE_AED (  673): clear ppm settings
07-27 01:30:42.732 I/crash_dump64(13431): crash_temporary_file_notify: 
07-27 01:30:42.732 I/crash_dump64(13431): crash_temporary_file_notify exit
07-27 01:30:42.732 D/AEE_AED (  673): $===AEE===AEE===AEE===$
07-27 01:30:42.735 I/crash_dump64(13431): start aee dumping
07-27 01:30:42.735 E/crash_dump64(13431): crash_mini_dump_notify: writing 'start dumping' fail: Broken pipe
07-27 01:30:42.735 I/crash_dump64(13431): crash_mini_dump_notify exit!
07-27 01:30:42.736 E/tombstoned(  715): Tombstone written to: tombstone_14
07-27 01:30:42.736 I/PowerHalWrapper( 1614): <NotifyAppCrash> pack:com.android.bluetooth ,pid:com.android.bluetooth == myPid:1614 
07-27 01:30:42.740 I/DropBoxManagerService( 1614): add tag=system_app_native_crash isTagEnabled=true flags=0x2
07-27 01:30:42.741 I/AbnormalAppMonitorController( 2120): recordAbnormalMessage - ThirdKitFeature =1
07-27 01:30:42.742 D/DropBoxManagerService( 1614): file :: /data/system/dropbox/system_app_native_crash@1690392642741.txt
07-27 01:30:42.742 W/AES     ( 1614): Exception Log handling...
07-27 01:30:42.743 D/abnormalUtils( 2120): com.android.bluetooth is foreground =false
07-27 01:30:42.744 D/AES     ( 1614): ExceptionLog: notify aed, process:com.android.bluetooth pid:13297 cause:system_app_native_crash 
07-27 01:30:42.744 W/AES     ( 1614): native_crash should be processed by aee already
07-27 01:30:42.744 W/NativeTombstoneManager( 1614): failed to open /data/tombstones/tombstone_14.pb
07-27 01:30:42.744 W/NativeTombstoneManager( 1614): java.io.FileNotFoundException: open failed: ENOENT (No such file or directory)
07-27 01:30:42.744 W/NativeTombstoneManager( 1614): 	at android.os.ParcelFileDescriptor.openInternal(ParcelFileDescriptor.java:342)
07-27 01:30:42.744 W/NativeTombstoneManager( 1614): 	at android.os.ParcelFileDescriptor.open(ParcelFileDescriptor.java:229)
07-27 01:30:42.744 W/NativeTombstoneManager( 1614): 	at com.android.server.os.NativeTombstoneManager.handleProtoTombstone(NativeTombstoneManager.java:151)
07-27 01:30:42.744 W/NativeTombstoneManager( 1614): 	at com.android.server.os.NativeTombstoneManager.handleTombstone(NativeTombstoneManager.java:120)
07-27 01:30:42.744 W/NativeTombstoneManager( 1614): 	at com.android.server.os.NativeTombstoneManager.-$$Nest$mhandleTombstone(Unknown Source:0)
07-27 01:30:42.744 W/NativeTombstoneManager( 1614): 	at com.android.server.os.NativeTombstoneManager$TombstoneWatcher.lambda$onEvent$0$com-android-server-os-NativeTombstoneManager$TombstoneWatcher(NativeTombstoneManager.java:564)
07-27 01:30:42.744 W/NativeTombstoneManager( 1614): 	at com.android.server.os.NativeTombstoneManager$TombstoneWatcher$$ExternalSyntheticLambda0.run(Unknown Source:4)
07-27 01:30:42.744 W/NativeTombstoneManager( 1614): 	at android.os.Handler.handleCallback(Handler.java:942)
07-27 01:30:42.744 W/NativeTombstoneManager( 1614): 	at android.os.Handler.dispatchMessage(Handler.java:99)
07-27 01:30:42.744 W/NativeTombstoneManager( 1614): 	at android.os.Looper.loopOnce(Looper.java:240)
07-27 01:30:42.744 W/NativeTombstoneManager( 1614): 	at android.os.Looper.loop(Looper.java:351)
07-27 01:30:42.744 W/NativeTombstoneManager( 1614): 	at android.os.HandlerThread.run(HandlerThread.java:67)
07-27 01:30:42.744 W/NativeTombstoneManager( 1614): 	at com.android.server.ServiceThread.run(ServiceThread.java:44)
07-27 01:30:42.749 I/BootReceiver( 1614): Copying /data/tombstones/tombstone_14 to DropBox (SYSTEM_TOMBSTONE)
07-27 01:30:42.751 I/DropBoxManagerService( 1614): add tag=SYSTEM_TOMBSTONE isTagEnabled=true flags=0x6
07-27 01:30:42.778 W/libprocessgroup( 1614): Failed to open /dev/blkio/background/cgroup.procs: No such file or directory
07-27 01:30:42.784 D/DropBoxManagerService( 1614): file :: /data/system/dropbox/SYSTEM_TOMBSTONE@1690392642782.txt.gz
07-27 01:30:42.785 D/OplusAnrCrashMonitor( 1614): handleAnrCrashData: bundle data done
07-27 01:30:42.786 D/OplusAnrCrashMonitor( 1614): handleServiceCall: bundle data
07-27 01:30:42.787 W/OplusSelfProtectManager( 1614): pkg[com.oplus.crashbox] not in policy list
07-27 01:30:42.793 E/NativeTombstoneManager( 1614): Tombstone's UID (1002) not an app, ignoring
07-27 01:30:42.794 I/DropBoxManagerService( 1614): add tag=SYSTEM_TOMBSTONE_PROTO isTagEnabled=true flags=0x4
07-27 01:30:42.802 E/mtk.hal.bt@1.0-impl(  874): BluetoothDeathRecipient::serviceDied - Bluetooth service died
07-27 01:30:42.802 I/mtk.hal.bt@1.0-impl(  874): Skipping unlink call, service died.
07-27 01:30:42.802 E/mtk.hal.bt-state-machine(  874): VendorInterface -> Unable to call initializationComplete(ERR)
07-27 01:30:42.802 W/mtk.hal.bt-state-machine(  874): handleMessage: transact to new state: On
07-27 01:30:42.802 D/[BT]    (  874): mtk_bt_op: BT_VND_OP_LPM_SET_MODE 0
07-27 01:30:42.802 D/[BT]    (  874): mtk_bt_op: BT_VND_OP_USERIAL_CLOSE
07-27 01:30:42.802 D/[BT]    (  874): mtk_bt_op: BT_VND_OP_POWER_CTRL 0
07-27 01:30:42.802 W/[BT]    (  874): mtk_bt_cleanup #129
07-27 01:30:42.802 W/libc    (  874): invalid pthread_t (0) passed to pthread_join
07-27 01:30:42.803 W/mtk.hal.bt-state-machine(  874): handleMessage: transact to new state: Off
07-27 01:30:42.805 D/DisplayManagerService( 1614): Display listener for pid 13297 died.
07-27 01:30:42.805 E/BluetoothManagerService( 1614): MESSAGE_BLUETOOTH_SERVICE_DISCONNECTED(1)
07-27 01:30:42.805 I/ActivityManager( 1614): Process com.android.bluetooth (pid 13297) has died: psvc PER 
07-27 01:30:42.806 D/OplusUIFirst_FB( 1614): com.android.bluetooth remove pid: 13297
07-27 01:30:42.806 I/libprocessgroup( 1614): Successfully killed process cgroup uid 1002 pid 13297 in 0ms
07-27 01:30:42.807 I/mtkpower_client( 1614): [Legacy][PowerHal_Wrap_notifyAppState] com.android.bluetooth/com.android.bluetooth pid=13297 state:3
07-27 01:30:42.807 I/game_scn( 1614): collectForegroundAppList packName=com.android.bluetooth, actName=com.android.bluetooth, pid=13297, uid=1002, state:DEAD
07-27 01:30:42.807 D/RilUtility(  903): notify_rild_crash_pid_set certPid:-1, crash:13297, scn:0x0
07-27 01:30:42.807 V/DeepThinker( 4200): ProcessManager: onProcessDied pid:13297, uid:1002
07-27 01:30:42.807 I/Zygote  (  850): Process 13297 exited due to signal 6 (Aborted)
07-27 01:30:42.809 W/libprocessgroup( 1614): Failed to open /dev/blkio/background/cgroup.procs: No such file or directory
07-27 01:30:42.809 D/SensorService( 1614): onUidStateChanged uid = 1002, state = UID_STATE_IDLE
07-27 01:30:42.810 W/libprocessgroup( 1614): Failed to open /dev/blkio/background/cgroup.procs: No such file or directory
07-27 01:30:42.812 E/IHansComunication( 6882): HANS printMessageBody: RCV message: type = 0,port = 86870,caller_pid = 1143,caller_uid = 1047,target_pid = 7291,target_uid = 10264,pkg_cmd = -1,rpc = android.hardware.ICameraServiceListener/5
07-27 01:30:42.812 E/IHansComunication( 6882): HANS printMessageBody: RCV message: type = 0,port = 86870,caller_pid = 1143,caller_uid = 1047,target_pid = 7291,target_uid = 10264,pkg_cmd = -1,rpc = android.hardware.ICameraServiceListener/5
07-27 01:30:42.813 D/DropBoxManagerService( 1614): file :: /data/system/dropbox/SYSTEM_TOMBSTONE_PROTO@1690392642812.dat.gz
07-27 01:30:42.831 E/BluetoothManagerService( 1614): Times of recover bluetooth are exceed for service died!
07-27 01:30:42.831 D/BluetoothManagerService( 1614): Broadcasting onBluetoothServiceDown() to 8 receivers.
07-27 01:30:42.832 D/BluetoothAdapter( 3783): onBluetoothServiceDown
07-27 01:30:42.833 E/IHansComunication( 6882): HANS printMessageBody: RCV message: type = 0,port = 86870,caller_pid = 1614,caller_uid = 1000,target_pid = 7291,target_uid = 10264,pkg_cmd = -1,rpc = android.bluetooth.IBluetoothManagerCallback/2
07-27 01:30:42.834 D/BluetoothAdapter( 1614): onBluetoothServiceDown
07-27 01:30:42.834 D/BluetoothAdapter( 8361): onBluetoothServiceDown
07-27 01:30:42.834 D/BluetoothAdapter( 2426): onBluetoothServiceDown
07-27 01:30:42.835 D/BluetoothAdapter( 2188): onBluetoothServiceDown
07-27 01:30:42.836 D/BluetoothAdapter( 3758): onBluetoothServiceDown
07-27 01:30:42.836 D/BluetoothAdapter( 3634): onBluetoothServiceDown
07-27 01:30:42.836 D/OplusBtSwitchLog_fwk( 1614): do not collect log.
07-27 01:30:42.851 I/conninfra_loader( 1012): Can't open device node(/dev/conninfra_dev) count(3371), error=[No such file or directory]
07-27 01:30:42.857 I/sensors-hal-OriginChannel(  894): wise light debug, data[2].type is 65627,data[2].sensor is 91:[487.000000,,120.000000,,21.000000,0.000000,1021482182058]
07-27 01:30:42.872 E/IHansComunication( 6882): HANS printMessageBody: RCV message: type = 3,port = 86870,caller_pid = 1,caller_uid = 0,target_pid = 13455,target_uid = 1000,pkg_cmd = -1,rpc = signal/-1
07-27 01:30:43.019 I/sensors-hal-OriginChannel(  894): wise light debug, data[2].type is 65627,data[2].sensor is 91:[488.000000,,20.000000,,21.000000,0.000000,1021642153101]
07-27 01:30:43.152 I/conninfra_loader( 1012): Can't open device node(/dev/conninfra_dev) count(3372), error=[No such file or directory]
07-27 01:30:43.179 I/sensors-hal-OriginChannel(  894): wise light debug, data[4].type is 65627,data[4].sensor is 91:[518.000000,,20.000000,,22.000000,0.000000,1021802164183]
07-27 01:30:43.297 E/TetherController(  849): property_get sys.radio.data.modem_share_flag return 0, 1!
07-27 01:30:43.339 I/sensors-hal-OriginChannel(  894): wise light debug, data[2].type is 65627,data[2].sensor is 91:[547.000000,,20.000000,,21.000000,0.000000,1021962166054]
07-27 01:30:43.453 I/conninfra_loader( 1012): Can't open device node(/dev/conninfra_dev) count(3373), error=[No such file or directory]
07-27 01:30:43.499 I/sensors-hal-OriginChannel(  894): wise light debug, data[2].type is 65627,data[2].sensor is 91:[494.000000,,120.000000,,21.000000,0.000000,1022122177959]
07-27 01:30:43.516 W/Melody_MelodyMessengerServerHelper(13345): killMainProcess...
07-27 01:30:43.517 I/om.oplus.melody(13345): System.exit called, status: 0
07-27 01:30:43.517 I/AndroidRuntime(13345): VM exiting with result code 0, cleanup skipped.
07-27 01:30:43.574 I/OplusAppSwitchManagerService( 1614): hanldeBinderDied
07-27 01:30:43.575 I/OplusAppSwitchManagerService( 1614): appswitch unregisterAppSwitchObserver pkgName = com.oplus.melody config = OplusAppSwitchConfig = {  mConfigs = {1=[TOM@@NM@@melody@@TOMponent@@discovery@@DiscoveryDialogActivity, TOM@@NM@@melody@@TOMponent@@statement@@PermissionRqActivity, TOM@@NM@@melody@@TOMponent@@statement@@StatementActivity, TOM@@heytap@@accessory@@discovery@@dialog@@DialogActivity, TOM@@heytap@@smarthome@@ipc@@halfcreen@@HalfScreenDeviceFindActivity, TOM@@heytap@@smarthome@@webview@@PolicyWebviewActivityHalfScreen, TOM@@android@@settings@@bluetooth@@BluetoothPairingDialog], 2=[TOM@@heytap@@accessory, TOM@@heytap@@smarthome, TOM@@NM@@wirelesssettings]} observerFingerPrint = 244708710}
07-27 01:30:43.575 I/OplusAppSwitchStateDispatcher( 1614): unregisterAppSwitchObserver ok, pkgName = com.oplus.melody info = OplusAppSwitchRuleInfo = {  observer = null observerFingerPrint = 244708710}
07-27 01:30:43.577 I/ActivityManager( 1614): Process com.oplus.melody (pid 13345) has died: svc SVC 
07-27 01:30:43.577 I/libprocessgroup( 1614): Successfully killed process cgroup uid 10240 pid 13345 in 0ms
07-27 01:30:43.578 I/Zygote  (  850): Process 13345 exited cleanly (0)
07-27 01:30:43.580 D/OplusUIFirst_FB( 1614): com.oplus.melody remove pid: 13345
07-27 01:30:43.580 V/DeepThinker( 4200): ProcessManager: onProcessDied pid:13345, uid:10240
07-27 01:30:43.581 I/mtkpower_client( 1614): [Legacy][PowerHal_Wrap_notifyAppState] com.oplus.melody/com.oplus.melody pid=13345 state:3
07-27 01:30:43.581 I/game_scn( 1614): collectForegroundAppList packName=com.oplus.melody, actName=com.oplus.melody, pid=13345, uid=10240, state:DEAD
07-27 01:30:43.581 I/ActivityThread( 8361): Removing dead content provider:android.content.ContentProviderProxy@78cae0d
07-27 01:30:43.581 D/RilUtility(  903): notify_rild_crash_pid_set certPid:-1, crash:13345, scn:0x0
07-27 01:30:43.585 D/SensorService( 1614): onUidStateChanged uid = 10240, state = UID_STATE_IDLE
07-27 01:30:43.596 E/IHansComunication( 6882): HANS printMessageBody: RCV message: type = 0,port = 86870,caller_pid = 1143,caller_uid = 1047,target_pid = 7291,target_uid = 10264,pkg_cmd = -1,rpc = android.hardware.ICameraServiceListener/5
07-27 01:30:43.658 I/sensors-hal-OriginChannel(  894): wise light debug, data[1].type is 65627,data[1].sensor is 91:[496.000000,,120.000000,,22.000000,0.000000,1022282297002]
07-27 01:30:43.754 I/conninfra_loader( 1012): Can't open device node(/dev/conninfra_dev) count(3374), error=[No such file or directory]
07-27 01:30:43.812 D/CompatibilityChangeReporter( 1614): Compat change id reported: 135634846; UID 1002; state: DISABLED
07-27 01:30:43.813 D/CompatibilityChangeReporter( 1614): Compat change id reported: 177438394; UID 1002; state: DISABLED
07-27 01:30:43.813 D/CompatibilityChangeReporter( 1614): Compat change id reported: 135772972; UID 1002; state: DISABLED
07-27 01:30:43.814 D/CompatibilityChangeReporter( 1614): Compat change id reported: 135754954; UID 1002; state: ENABLED
07-27 01:30:43.818 I/sensors-hal-OriginChannel(  894): wise light debug, data[2].type is 65627,data[2].sensor is 91:[490.000000,,20.000000,,22.000000,0.000000,1022441865587]
07-27 01:30:43.853 D/Zygote  (  850): Forked child process 13468
07-27 01:30:43.860 I/ActivityManager( 1614): Start proc 13468:com.android.bluetooth/1002 for service {com.android.bluetooth/com.android.bluetooth.btservice.AdapterService}
07-27 01:30:43.861 D/OplusUIFirst_FB( 1614): com.android.bluetooth proc start: 1002 13468 false com.android.bluetooth
07-27 01:30:43.861 D/OplusUIFirst_FB( 1614): com.android.bluetooth start process: []
07-27 01:30:43.861 D/OplusUIFirst_FB( 1614): List of ThreadOp: size=0 []
07-27 01:30:43.864 E/droid.bluetooth(13468): Unknown bits set in runtime_flags: 0x40000000
07-27 01:30:43.870 E/droid.bluetooth(13468): Not starting debugger since process cannot load the jdwp agent.
07-27 01:30:43.875 W/ziparchive(13468): Unable to open '/system/framework/mediatek-framework.dm': No such file or directory
07-27 01:30:43.876 W/ziparchive(13468): Unable to open '/system/framework/mediatek-framework.dm': No such file or directory
07-27 01:30:43.879 I/OneTrace(13468): Mark active for pid=13468? true
07-27 01:30:43.879 D/cutils-dev(13468): otrace_set_tracing_enabled? true
07-27 01:30:43.880 D/cutils-dev(13468): properties changed in otrace_seq_number_changed!
07-27 01:30:43.881 D/AtCmdParser( 2459): parserAtcmdUrc can not find parser for +EXLCE
07-27 01:30:43.885 E/droid.bluetooth(13468): Could not write anonymous vdex /system/framework/oat/arm64/mediatek-framework.vdex: Could not open /system/framework/oat/arm64/mediatek-framework.vdex for writing
07-27 01:30:43.885 E/droid.bluetooth(13468): Could not write anonymous vdex /system/framework/oat/arm64/mediatek-framework.vdex: Could not open /system/framework/oat/arm64/mediatek-framework.vdex for writing
07-27 01:30:43.891 D/SensorService( 1614): onUidStateChanged uid = 1002, state = UID_STATE_ACTIVE
07-27 01:30:43.897 D/CompatibilityChangeReporter(13468): Compat change id reported: 171979766; UID 1002; state: ENABLED
07-27 01:30:43.897 I/oplus.android.OplusFrameworkFactoryImpl(13468): get feature:IOplusAutoResolutionFeature
07-27 01:30:43.897 I/oplus.android.OplusFrameworkFactoryImpl(13468): getOplusAutoResolutionFeature
07-27 01:30:43.914 I/OplusFeatureCache(13468): Milliseconds spent on init(): 16
07-27 01:30:43.915 D/CompactWindowAppManager(13468): initCompactApplicationInfo CompactMode: , NormalMode: 
07-27 01:30:43.922 D/OplusViewDebugManager(13468): for com.android.bluetooth, enable view debug
07-27 01:30:43.926 D/VRR [OTI]( 1031): handleIdle from 1 to 0
07-27 01:30:43.926 D/VRR [OTI-HW]( 1031): isStateReady 0
07-27 01:30:43.926 D/VRR [OTI-HW]( 1031): rate range: min {id=0, hwcId=0, resolution=1080x2400, refreshRate=60.00 Hz, dpi=409.43x409.13, group=0} cur {id=0, hwcId=0, resolution=1080x2400, refreshRate=60.00 Hz, dpi=409.43x409.13, group=0} max {id=1, hwcId=1, resolution=1080x2400, refreshRate=120.00 Hz, dpi=409.43x409.13, group=0}
07-27 01:30:43.926 D/VRR [OTI-HW]( 1031): restore sys rate.
07-27 01:30:43.926 I/SurfaceFlinger( 1031): VRR [SurfaceFlinger] requestDisplayMode:120, modeId:1
07-27 01:30:43.926 D/SurfaceFlinger( 1031): VRR [SurfaceFlinger] setDesiredActiveMode: 120 event: 1 displayId: 0 
07-27 01:30:43.926 I/mtkpower_client( 1614): perf_lock_rel, hdl:221, tid:2237
07-27 01:30:43.927 D/PowerManagerService( 1614): userActivityNoUpdateLocked: groupId=0, eventTime=1022549, event=2, flags=0x0, uid=1000
07-27 01:30:43.927 D/TheiaRestorer( 1614): reportPointerEvent: MotionEvent { action=ACTION_DOWN, actionButton=0, id[0]=0, x[0]=624.25, y[0]=391.0, toolType[0]=TOOL_TYPE_FINGER, buttonState=0, classification=NONE, metaState=0, flags=0x0, edgeFlags=0x0, pointerCount=1, historySize=0, eventTime=1022549, downTime=1022549, deviceId=3, source=0x1002, displayId=0, eventId=560245849 }
07-27 01:30:43.927 D/OGG_Detector( 1614): D:done mCurrStatus: 0
07-27 01:30:43.927 D/NoBackGesture( 2188): Start gesture: MotionEvent { action=ACTION_DOWN, actionButton=0, id[0]=0, x[0]=624.25, y[0]=391.0, toolType[0]=TOOL_TYPE_FINGER, buttonState=0, classification=NONE, metaState=0, flags=0x0, edgeFlags=0x0, pointerCount=1, historySize=0, eventTime=1022549, downTime=1022549, deviceId=3, source=0x1002, displayId=0, eventId=560245849 }
07-27 01:30:43.928 D/VRI[NotificationShade]( 2188): handleWindowFocusChanged mWindowFocusChanged false mUpcomingWindowFocus true mAdded true
07-27 01:30:43.928 D/NoBackGesture( 2188): Not in side gesture area
07-27 01:30:43.928 V/AutofillManager( 2188): requestHideFillUi(null): anchor = null
07-27 01:30:43.928 V/Application( 2188): getAutofillClient(): null on super, trying to find activity thread
07-27 01:30:43.928 V/Application( 2188): getAutofillClient(): none of the 0 activities on com.android.systemui.SystemUIApplication@c7650b3 have focus
07-27 01:30:43.928 V/AutofillManager( 2188): No AutofillClient for com.android.systemui on context com.android.systemui.SystemUIApplication@c7650b3
07-27 01:30:43.928 W/libc    (13468): Access denied finding property "ro.odm.prev.product.name"
07-27 01:30:43.929 I/mtkpower_client( 1614): perf_lock_acq, hdl:221, dur:0, num:14, tid:2237
07-27 01:30:43.929 D/LoadedApk(13468): mApplicationInfo overrideDisplayId:null
07-27 01:30:43.929 I/libPowerHal(  903): [perfLockRel] hdl:221, idx:0
07-27 01:30:43.929 I/libPowerHal(  903): [PD] system_server update cmd:2004100 param:2
07-27 01:30:43.931 I/mtkpower_client( 1614): ret_hdl:223
07-27 01:30:43.931 I/mtkpower_client( 1614): perf_lock_rel, hdl:223, tid:2237
07-27 01:30:43.931 D/StatusBar( 2188): FadingAway:false
07-27 01:30:43.933 I/libPowerHal(  903): system_server: cpu_ctrl set cpu freq: 2000000 -1 2200000 -1 2284000 -1
07-27 01:30:43.934 I/hwcomposer(  883): [HWC] (0) displaySetActiveConfig config:1  
07-27 01:30:43.936 I/mtkpower_client( 1614): perf_lock_acq, hdl:223, dur:0, num:14, tid:2237
07-27 01:30:43.936 I/libPowerHal(  903): [perfLockRel] hdl:223, idx:0
07-27 01:30:43.937 V/GraphicsEnvironment(13468): ANGLE Developer option for 'com.android.bluetooth' set to: 'default'
