07-27 01:30:44.104 I/droid.bluetooth(13468): [0727/013044.104020:INFO:oplus_bt_interop.cc(271)] config_merge: src section name : 'MtkLeConnLatencyAdjust': No such file or directory
07-27 01:30:44.104 I/droid.bluetooth(13468): [0727/013044.104025:INFO:oplus_bt_interop.cc(318)] config_merge: src entry key : 'PartialNameBlacklist' no find in dest_section ,so push_back(merge) src_entry to dest_section.No such file or directory
07-27 01:30:44.104 I/droid.bluetooth(13468): [0727/013044.104031:INFO:oplus_bt_interop.cc(271)] config_merge: src section name : 'MtkLeDisableFastConnection': No such file or directory
07-27 01:30:44.104 I/droid.bluetooth(13468): [0727/013044.104037:INFO:oplus_bt_interop.cc(271)] config_merge: src section name : 'MtkLeDisablePrefConnParams': No such file or directory
07-27 01:30:44.104 I/droid.bluetooth(13468): [0727/013044.104043:INFO:oplus_bt_interop.cc(271)] config_merge: src section name : 'MtkLeDeviceTypeAdjust': No such file or directory
07-27 01:30:44.104 I/droid.bluetooth(13468): [0727/013044.104064:INFO:oplus_bt_interop.cc(318)] config_merge: src entry key : 'PartialNameBlacklist' no find in dest_section ,so push_back(merge) src_entry to dest_section.No such file or directory
07-27 01:30:44.104 I/droid.bluetooth(13468): [0727/013044.104073:INFO:oplus_bt_interop.cc(271)] config_merge: src section name : 'MtkHfpDelayOpenSco': No such file or directory
07-27 01:30:44.104 I/droid.bluetooth(13468): [0727/013044.104082:INFO:oplus_bt_interop.cc(276)] config_merge: src section name : 'MtkHfpDelayOpenSco' no find in dest_config ,so merge this completed src section to dest_config :No such file or directory
07-27 01:30:44.104 I/droid.bluetooth(13468): [0727/013044.104089:INFO:oplus_bt_interop.cc(271)] config_merge: src section name : 'MtkHfpDelayScoInAct': No such file or directory
07-27 01:30:44.104 I/droid.bluetooth(13468): [0727/013044.104094:INFO:oplus_bt_interop.cc(276)] config_merge: src section name : 'MtkHfpDelayScoInAct' no find in dest_config ,so merge this completed src section to dest_config :No such file or directory
07-27 01:30:44.104 I/droid.bluetooth(13468): [0727/013044.104100:INFO:oplus_bt_interop.cc(271)] config_merge: src section name : 'MtkHfp17To16': No such file or directory
07-27 01:30:44.104 I/droid.bluetooth(13468): [0727/013044.104105:INFO:oplus_bt_interop.cc(276)] config_merge: src section name : 'MtkHfp17To16' no find in dest_config ,so merge this completed src section to dest_config :No such file or directory
07-27 01:30:44.104 I/droid.bluetooth(13468): [0727/013044.104111:INFO:oplus_bt_interop.cc(271)] config_merge: src section name : 'MtkHfp17WhiteList': No such file or directory
07-27 01:30:44.104 I/droid.bluetooth(13468): [0727/013044.104117:INFO:oplus_bt_interop.cc(276)] config_merge: src section name : 'MtkHfp17WhiteList' no find in dest_config ,so merge this completed src section to dest_config :No such file or directory
07-27 01:30:44.104 I/droid.bluetooth(13468): [0727/013044.104122:INFO:oplus_bt_interop.cc(271)] config_merge: src section name : 'MtkHfpForceToUseSco': No such file or directory
07-27 01:30:44.104 I/droid.bluetooth(13468): [0727/013044.104128:INFO:oplus_bt_interop.cc(276)] config_merge: src section name : 'MtkHfpForceToUseSco' no find in dest_config ,so merge this completed src section to dest_config :No such file or directory
07-27 01:30:44.104 I/droid.bluetooth(13468): [0727/013044.104134:INFO:oplus_bt_interop.cc(271)] config_merge: src section name : 'MtkHfpDelayScoAfterActive': No such file or directory
07-27 01:30:44.104 I/droid.bluetooth(13468): [0727/013044.104139:INFO:oplus_bt_interop.cc(276)] config_merge: src section name : 'MtkHfpDelayScoAfterActive' no find in dest_config ,so merge this completed src section to dest_config :No such file or directory
07-27 01:30:44.104 I/droid.bluetooth(13468): [0727/013044.104145:INFO:oplus_bt_interop.cc(271)] config_merge: src section name : 'MtkHfpDelayScoForMoCall': No such file or directory
07-27 01:30:44.104 I/droid.bluetooth(13468): [0727/013044.104150:INFO:oplus_bt_interop.cc(276)] config_merge: src section name : 'MtkHfpDelayScoForMoCall' no find in dest_config ,so merge this completed src section to dest_config :No such file or directory
07-27 01:30:44.104 I/droid.bluetooth(13468): [0727/013044.104157:INFO:oplus_bt_interop.cc(271)] config_merge: src section name : 'MtkHfpInbandRingingEnable': No such file or directory
07-27 01:30:44.104 I/droid.bluetooth(13468): [0727/013044.104162:INFO:oplus_bt_interop.cc(276)] config_merge: src section name : 'MtkHfpInbandRingingEnable' no find in dest_config ,so merge this completed src section to dest_config :No such file or directory
07-27 01:30:44.104 I/droid.bluetooth(13468): [0727/013044.104168:INFO:oplus_bt_interop.cc(271)] config_merge: src section name : 'MtkHfpUpdateSecondCallstate': No such file or directory
07-27 01:30:44.104 I/droid.bluetooth(13468): [0727/013044.104173:INFO:oplus_bt_interop.cc(318)] config_merge: src entry key : 'PartialNameBlacklist' no find in dest_section ,so push_back(merge) src_entry to dest_section.No such file or directory
07-27 01:30:44.104 I/droid.bluetooth(13468): [0727/013044.104179:INFO:oplus_bt_interop.cc(271)] config_merge: src section name : 'MtkHfpDelayDiscSco': No such file or directory
07-27 01:30:44.104 I/droid.bluetooth(13468): [0727/013044.104185:INFO:oplus_bt_interop.cc(276)] config_merge: src section name : 'MtkHfpDelayDiscSco' no find in dest_config ,so merge this completed src section to dest_config :No such file or directory
07-27 01:30:44.104 I/droid.bluetooth(13468): [0727/013044.104191:INFO:oplus_bt_interop.cc(271)] config_merge: src section name : 'MtkHfpCreateScoAfterAta': No such file or directory
07-27 01:30:44.104 I/droid.bluetooth(13468): [0727/013044.104199:INFO:oplus_bt_interop.cc(276)] config_merge: src section name : 'MtkHfpCreateScoAfterAta' no find in dest_config ,so merge this completed src section to dest_config :No such file or directory
07-27 01:30:44.104 I/droid.bluetooth(13468): [0727/013044.104205:INFO:oplus_bt_interop.cc(271)] config_merge: src section name : 'MtkHfpDelayScoForMtCall': No such file or directory
07-27 01:30:44.104 I/droid.bluetooth(13468): [0727/013044.104211:INFO:oplus_bt_interop.cc(276)] config_merge: src section name : 'MtkHfpDelayScoForMtCall' no find in dest_config ,so merge this completed src section to dest_config :No such file or directory
07-27 01:30:44.104 I/droid.bluetooth(13468): [0727/013044.104217:INFO:oplus_bt_interop.cc(271)] config_merge: src section name : 'MtkHfpExtendedCodecTimeout': No such file or directory
07-27 01:30:44.104 I/droid.bluetooth(13468): [0727/013044.104222:INFO:oplus_bt_interop.cc(318)] config_merge: src entry key : 'PartialNameBlacklist' no find in dest_section ,so push_back(merge) src_entry to dest_section.No such file or directory
07-27 01:30:44.104 I/droid.bluetooth(13468): [0727/013044.104228:INFO:oplus_bt_interop.cc(271)] config_merge: src section name : 'MtkGapRoleSwitch': No such file or directory
07-27 01:30:44.104 I/droid.bluetooth(13468): [0727/013044.104233:INFO:oplus_bt_interop.cc(318)] config_merge: src entry key : 'PartialNameBlacklist' no find in dest_section ,so push_back(merge) src_entry to dest_section.No such file or directory
07-27 01:30:44.104 I/droid.bluetooth(13468): [0727/013044.104239:INFO:oplus_bt_interop.cc(271)] config_merge: src section name : 'MtkHfpKeepSdpDisc': No such file or directory
07-27 01:30:44.104 I/droid.bluetooth(13468): [0727/013044.104245:INFO:oplus_bt_interop.cc(276)] config_merge: src section name : 'MtkHfpKeepSdpDisc' no find in dest_config ,so merge this completed src section to dest_config :No such file or directory
07-27 01:30:44.104 I/droid.bluetooth(13468): [0727/013044.104251:INFO:oplus_bt_interop.cc(271)] config_merge: src section name : 'MtkLinkPolicyDisableRoleSwitch': No such file or directory
07-27 01:30:44.104 I/droid.bluetooth(13468): [0727/013044.104257:INFO:oplus_bt_interop.cc(276)] config_merge: src section name : 'MtkLinkPolicyDisableRoleSwitch' no find in dest_config ,so merge this completed src section to dest_config :No such file or directory
07-27 01:30:44.104 I/droid.bluetooth(13468): [0727/013044.104263:INFO:oplus_bt_interop.cc(271)] config_merge: src section name : 'MtkHfpPostponeA2dpCreateConnection': No such file or directory
07-27 01:30:44.104 I/droid.bluetooth(13468): [0727/013044.104269:INFO:oplus_bt_interop.cc(318)] config_merge: src entry key : 'PartialNameBlacklist' no find in dest_section ,so push_back(merge) src_entry to dest_section.No such file or directory
07-27 01:30:44.104 I/droid.bluetooth(13468): [0727/013044.104275:INFO:oplus_bt_interop.cc(271)] config_merge: src section name : 'MtkGapDisableSdpBlacklist': No such file or directory
07-27 01:30:44.104 I/droid.bluetooth(13468): [0727/013044.104280:INFO:oplus_bt_interop.cc(276)] config_merge: src section name : 'MtkGapDisableSdpBlacklist' no find in dest_config ,so merge this completed src section to dest_config :No such file or directory
07-27 01:30:44.104 I/droid.bluetooth(13468): [0727/013044.104287:INFO:oplus_bt_interop.cc(271)] config_merge: src section name : 'MtkGapNotDoSniffSubrating': No such file or directory
07-27 01:30:44.104 I/droid.bluetooth(13468): [0727/013044.104293:INFO:oplus_bt_interop.cc(271)] config_merge: src section name : 'MtkSdpPeerNotUseHid': No such file or directory
07-27 01:30:44.104 I/droid.bluetooth(13468): [0727/013044.104298:INFO:oplus_bt_interop.cc(318)] config_merge: src entry key : 'PartialNameBlacklist' no find in dest_section ,so push_back(merge) src_entry to dest_section.No such file or directory
07-27 01:30:44.104 I/droid.bluetooth(13468): [0727/013044.104304:INFO:oplus_bt_interop.cc(271)] config_merge: src section name : 'MtkPanNapIgnorePeerNapCapability': No such file or directory
07-27 01:30:44.104 I/droid.bluetooth(13468): [0727/013044.104309:INFO:oplus_bt_interop.cc(318)] config_merge: src entry key : 'PartialNameBlacklist' no find in dest_section ,so push_back(merge) src_entry to dest_section.No such file or directory
07-27 01:30:44.104 I/droid.bluetooth(13468): [0727/013044.104314:INFO:oplus_bt_interop.cc(271)] config_merge: src section name : 'MtkA2dpAdvancedA2dpConnect': No such file or directory
07-27 01:30:44.104 I/droid.bluetooth(13468): [0727/013044.104320:INFO:oplus_bt_interop.cc(318)] config_merge: src entry key : 'PartialNameBlacklist' no find in dest_section ,so push_back(merge) src_entry to dest_section.No such file or directory
07-27 01:30:44.104 I/droid.bluetooth(13468): [0727/013044.104325:INFO:oplus_bt_interop.cc(271)] config_merge: src section name : 'MtkA2dpDisableDelayReport': No such file or directory
07-27 01:30:44.104 I/droid.bluetooth(13468): [0727/013044.104330:INFO:oplus_bt_interop.cc(318)] config_merge: src entry key : 'PartialNameBlacklist' no find in dest_section ,so push_back(merge) src_entry to dest_section.No such file or directory
07-27 01:30:44.104 I/droid.bluetooth(13468): [0727/013044.104336:INFO:oplus_bt_interop.cc(271)] config_merge: src section name : 'MtkA2dpDisableRoleSwitchWhenA2dpStart': No such file or directory
07-27 01:30:44.104 I/droid.bluetooth(13468): [0727/013044.104341:INFO:oplus_bt_interop.cc(318)] config_merge: src entry key : 'PartialNameBlacklist' no find in dest_section ,so push_back(merge) src_entry to dest_section.No such file or directory
07-27 01:30:44.104 I/droid.bluetooth(13468): [0727/013044.104347:INFO:oplus_bt_interop.cc(271)] config_merge: src section name : 'MtkA2dpLdacAbrMax660': No such file or directory
07-27 01:30:44.104 I/droid.bluetooth(13468): [0727/013044.104352:INFO:oplus_bt_interop.cc(318)] config_merge: src entry key : 'PartialNameBlacklist' no find in dest_section ,so push_back(merge) src_entry to dest_section.No such file or directory
07-27 01:30:44.104 I/droid.bluetooth(13468): [0727/013044.104358:INFO:oplus_bt_interop.cc(271)] config_merge: src section name : 'MtkRfcommForbidCombineRfcommData': No such file or directory
07-27 01:30:44.104 I/droid.bluetooth(13468): [0727/013044.104364:INFO:oplus_bt_interop.cc(318)] config_merge: src entry key : 'PartialNameBlacklist' no find in dest_section ,so push_back(merge) src_entry to dest_section.No such file or directory
07-27 01:30:44.104 I/droid.bluetooth(13468): [0727/013044.104369:INFO:oplus_bt_interop.cc(271)] config_merge: src section name : 'MtkL2capAcceptConnAsMaster': No such file or directory
07-27 01:30:44.104 I/droid.bluetooth(13468): [0727/013044.104375:INFO:oplus_bt_interop.cc(271)] config_merge: src section name : 'MtkL2capNotRestartAcl': No such file or directory
07-27 01:30:44.104 I/droid.bluetooth(13468): [0727/013044.104380:INFO:oplus_bt_interop.cc(276)] config_merge: src section name : 'MtkL2capNotRestartAcl' no find in dest_config ,so merge this completed src section to dest_config :No such file or directory
07-27 01:30:44.104 I/droid.bluetooth(13468): [0727/013044.104386:INFO:oplus_bt_interop.cc(271)] config_merge: src section name : 'MtkL2capNotSend1byteSdu': No such file or directory
07-27 01:30:44.104 I/droid.bluetooth(13468): [0727/013044.104392:INFO:oplus_bt_interop.cc(318)] config_merge: src entry key : 'PartialNameBlacklist' no find in dest_section ,so push_back(merge) src_entry to dest_section.No such file or directory
07-27 01:30:44.104 I/droid.bluetooth(13468): [0727/013044.104424:INFO:oplus_bt_interop.cc(271)] config_merge: src section name : 'MtkGapDisableAutoPairing': No such file or directory
07-27 01:30:44.104 I/droid.bluetooth(13468): [0727/013044.104431:INFO:oplus_bt_interop.cc(318)] config_merge: src entry key : 'PartialNameBlacklist' no find in dest_section ,so push_back(merge) src_entry to dest_section.No such file or directory
07-27 01:30:44.104 I/droid.bluetooth(13468): [0727/013044.104437:INFO:oplus_bt_interop.cc(271)] config_merge: src section name : 'MtkGapDisableServiceSecurityCheck': No such file or directory
07-27 01:30:44.104 I/droid.bluetooth(13468): [0727/013044.104442:INFO:oplus_bt_interop.cc(318)] config_merge: src entry key : 'PartialNameBlacklist' no find in dest_section ,so push_back(merge) src_entry to dest_section.No such file or directory
07-27 01:30:44.104 I/droid.bluetooth(13468): [0727/013044.104448:INFO:oplus_bt_interop.cc(271)] config_merge: src section name : 'MtkGapForcedSsp': No such file or directory
07-27 01:30:44.104 I/droid.bluetooth(13468): [0727/013044.104454:INFO:oplus_bt_interop.cc(318)] config_merge: src entry key : 'PartialNameBlacklist' no find in dest_section ,so push_back(merge) src_entry to dest_section.No such file or directory
07-27 01:30:44.104 I/droid.bluetooth(13468): [0727/013044.104459:INFO:oplus_bt_interop.cc(271)] config_merge: src section name : 'MtkGapAutoAcceptSsp': No such file or directory
07-27 01:30:44.104 I/droid.bluetooth(13468): [0727/013044.104465:INFO:oplus_bt_interop.cc(318)] config_merge: src entry key : 'PartialNameBlacklist' no find in dest_section ,so push_back(merge) src_entry to dest_section.No such file or directory
07-27 01:30:44.104 I/droid.bluetooth(13468): [0727/013044.104471:INFO:oplus_bt_interop.cc(271)] config_merge: src section name : 'MtkGapDelayAuthentication': No such file or directory
07-27 01:30:44.104 I/droid.bluetooth(13468): [0727/013044.104476:INFO:oplus_bt_interop.cc(318)] config_merge: src entry key : 'PartialNameBlacklist' no find in dest_section ,so push_back(merge) src_entry to dest_section.No such file or directory
07-27 01:30:44.104 I/droid.bluetooth(13468): [0727/013044.104482:INFO:oplus_bt_interop.cc(271)] config_merge: src section name : 'MtkGapDisableRefreshRnrOnAcl': No such file or directory
07-27 01:30:44.104 I/droid.bluetooth(13468): [0727/013044.104487:INFO:oplus_bt_interop.cc(318)] config_merge: src entry key : 'PartialNameBlacklist' no find in dest_section ,so push_back(merge) src_entry to dest_section.No such file or directory
07-27 01:30:44.104 I/droid.bluetooth(13468): [0727/013044.104493:INFO:oplus_bt_interop.cc(271)] config_merge: src section name : 'MtkAvrcpUpdatePlayStatusToUnactiveDevice': No such file or directory
07-27 01:30:44.104 I/droid.bluetooth(13468): [0727/013044.104498:INFO:oplus_bt_interop.cc(318)] config_merge: src entry key : 'PartialNameBlacklist' no find in dest_section ,so push_back(merge) src_entry to dest_section.No such file or directory
07-27 01:30:44.104 I/droid.bluetooth(13468): [0727/013044.104504:INFO:oplus_bt_interop.cc(271)] config_merge: src section name : 'MtkAvrcp14Use': No such file or directory
07-27 01:30:44.104 I/droid.bluetooth(13468): [0727/013044.104510:INFO:oplus_bt_interop.cc(318)] config_merge: src entry key : 'PartialNameBlacklist' no find in dest_section ,so push_back(merge) src_entry to dest_section.No such file or directory
07-27 01:30:44.104 I/droid.bluetooth(13468): [0727/013044.104515:INFO:oplus_bt_interop.cc(271)] config_merge: src section name : 'MtkAvrcpSendExtraTrackChange': No such file or directory
07-27 01:30:44.104 I/droid.bluetooth(13468): [0727/013044.104521:INFO:oplus_bt_interop.cc(318)] config_merge: src entry key : 'PartialNameBlacklist' no find in dest_section ,so push_back(merge) src_entry to dest_section.No such file or directory
07-27 01:30:44.104 I/droid.bluetooth(13468): [0727/013044.104526:INFO:oplus_bt_interop.cc(271)] config_merge: src section name : 'MtkAvrcpNoAppSettings': No such file or directory
07-27 01:30:44.104 I/droid.bluetooth(13468): [0727/013044.104532:INFO:oplus_bt_interop.cc(318)] config_merge: src entry key : 'PartialNameBlacklist' no find in dest_section ,so push_back(merge) src_entry to dest_section.No such file or directory
07-27 01:30:44.104 I/droid.bluetooth(13468): [0727/013044.104537:INFO:oplus_bt_interop.cc(271)] config_merge: src section name : 'MtkAvrcpUseFakeId': No such file or directory
07-27 01:30:44.104 I/droid.bluetooth(13468): [0727/013044.104542:INFO:oplus_bt_interop.cc(318)] config_merge: src entry key : 'PartialNameBlacklist' no find in dest_section ,so push_back(merge) src_entry to dest_section.No such file or directory
07-27 01:30:44.104 I/droid.bluetooth(13468): [0727/013044.104548:INFO:oplus_bt_interop.cc(271)] config_merge: src section name : 'MtkAvrcpUpdateTrackWhenRvdPlay': No such file or directory
07-27 01:30:44.104 I/droid.bluetooth(13468): [0727/013044.104553:INFO:oplus_bt_interop.cc(318)] config_merge: src entry key : 'PartialNameBlacklist' no find in dest_section ,so push_back(merge) src_entry to dest_section.No such file or directory
07-27 01:30:44.104 I/droid.bluetooth(13468): [0727/013044.104559:INFO:oplus_bt_interop.cc(271)] config_merge: src section name : 'MtkDisableBTCDynamicTDD': No such file or directory
07-27 01:30:44.104 I/droid.bluetooth(13468): [0727/013044.104565:INFO:oplus_bt_interop.cc(276)] config_merge: src section name : 'MtkDisableBTCDynamicTDD' no find in dest_config ,so merge this completed src section to dest_config :No such file or directory
07-27 01:30:44.104 I/droid.bluetooth(13468): [0727/013044.104571:INFO:oplus_bt_interop.cc(271)] config_merge: src section name : 'MtkMandatoryHidGroupToGeneric': No such file or directory
07-27 01:30:44.104 I/droid.bluetooth(13468): [0727/013044.104576:INFO:oplus_bt_interop.cc(276)] config_merge: src section name : 'MtkMandatoryHidGroupToGeneric' no find in dest_config ,so merge this completed src section to dest_config :No such file or directory
07-27 01:30:44.104 I/droid.bluetooth(13468): [0727/013044.104603:INFO:oplus_bt_interop.cc(366)] bt_device_interop_oplus: oplus_interop_init attempt to load oplus romupdate blacklist from /data/misc/bluedroid/bt_oplus_iot_list.conf
07-27 01:30:44.104 E/droid.bluetooth(13468): [0727/013044.104628:ERROR:config.cc(106)] config_new: unable to open file '/data/misc/bluedroid/bt_oplus_iot_list.conf': No such file or directory
07-27 01:30:44.104 I/droid.bluetooth(13468): [0727/013044.104639:INFO:oplus_bt_interop.cc(371)] bt_device_interop_oplus: oplus_interop_init file >/data/misc/bluedroid/bt_oplus_iot_list.conf< not found
07-27 01:30:44.104 I/bt_core_module(13468): module_init: module_init Init of module "mtk_iot_list_module" completed
07-27 01:30:44.104 I/bt_stack_manager(13468): event_init_stack: event_init_stack finished
07-27 01:30:44.104 I/bt_osi_wakelock(13468): wakelock_set_os_callouts: wakelock_set_os_callouts set to non-native
07-27 01:30:44.104 I/bt_btif (13468): get_profile_interface: get_profile_interface: id = socket
07-27 01:30:44.104 E/droid.bluetooth(13468): [0727/013044.104869:ERROR:message_loop_thread.cc(103)] DoInThreadDelayed: message loop is null for thread bt_main_thread(-1), from pc:0x750bdad280
07-27 01:30:44.104 E/droid.bluetooth(13468): [0727/013044.104923:ERROR:btu_task.cc(95)] do_in_main_thread: failed from pc:0x750bdad280
07-27 01:30:44.104 E/droid.bluetooth(13468): [0727/013044.104981:ERROR:message_loop_thread.cc(103)] DoInThreadDelayed: message loop is null for thread bt_main_thread(-1), from pc:0x750bdad280
07-27 01:30:44.105 E/droid.bluetooth(13468): [0727/013044.105002:ERROR:btu_task.cc(95)] do_in_main_thread: failed from pc:0x750bdad280
07-27 01:30:44.105 E/droid.bluetooth(13468): [0727/013044.105020:ERROR:message_loop_thread.cc(103)] DoInThreadDelayed: message loop is null for thread bt_main_thread(-1), from pc:0x750bdad280
07-27 01:30:44.105 E/droid.bluetooth(13468): [0727/013044.105037:ERROR:btu_task.cc(95)] do_in_main_thread: failed from pc:0x750bdad280
07-27 01:30:44.106 D/BluetoothKeystoreService(13468): initJni()
07-27 01:30:44.107 I/bt_btif (13468): get_profile_interface: get_profile_interface: id = bluetooth_keystore
07-27 01:30:44.108 I/bt_btif (13468): get_profile_interface: get_profile_interface: id = sdp
07-27 01:30:44.117 D/BluetoothDatabase(13468): start()
07-27 01:30:44.119 D/BluetoothDatabase(13468): Load Database
07-27 01:30:44.119 I/BluetoothAdapterService(13468): Phone policy enabled
07-27 01:30:44.123 D/BluetoothActiveDeviceManager(13468): start()
07-27 01:30:44.126 D/APM_AudioPolicyManager( 1013): listAudioPorts mAvailableInputDevices 0x80000004, 0x80000040, 0x80000080, 0x80000100, 0x80002000, 0x90000000
07-27 01:30:44.126 D/APM_AudioPolicyManager( 1013): listAudioPorts mAvailableInputDevices 0x80000004, 0x80000040, 0x80000080, 0x80000100, 0x80002000, 0x90000000
07-27 01:30:44.127 D/BluetoothActiveDeviceManager(13468): onAudioDevicesAdded
07-27 01:30:44.128 D/BluetoothDatabase(13468): compactLastConnectionTime: Compacting metadata after load
07-27 01:30:44.128 I/BluetoothDatabase(13468): cacheMetadata
07-27 01:30:44.128 V/BluetoothDatabase(13468): cacheMetadata: found device XX:XX:XXrage
07-27 01:30:44.128 D/BluetoothActiveDeviceManager(13468): Audio device added: RMX3357 type: 1
07-27 01:30:44.128 I/BluetoothDatabase(13468): cacheMetadata: Database is ready
07-27 01:30:44.128 D/BluetoothActiveDeviceManager(13468): Audio device added: RMX3357 type: 2
07-27 01:30:44.128 D/BluetoothActiveDeviceManager(13468): Audio device added: RMX3357 type: 18
07-27 01:30:44.128 D/BluetoothActiveDeviceManager(13468): Audio device added: RMX3357 type: 20
07-27 01:30:44.128 D/BluetoothActiveDeviceManager(13468): Audio device added: RMX3357 type: 20
07-27 01:30:44.128 D/BluetoothActiveDeviceManager(13468): Audio device added: RMX3357 type: 20
07-27 01:30:44.128 D/BluetoothActiveDeviceManager(13468): Audio device added: RMX3357 type: 20
07-27 01:30:44.128 D/BluetoothActiveDeviceManager(13468): Audio device added: RMX3357 type: 15
07-27 01:30:44.128 D/BluetoothActiveDeviceManager(13468): Audio device added: RMX3357 type: 15
07-27 01:30:44.128 D/BluetoothActiveDeviceManager(13468): Audio device added: RMX3357 type: 16
07-27 01:30:44.128 D/BluetoothActiveDeviceManager(13468): Audio device added: RMX3357 type: 28
07-27 01:30:44.128 D/BluetoothActiveDeviceManager(13468): Audio device added: RMX3357 type: 18
07-27 01:30:44.128 D/BluetoothActiveDeviceManager(13468): Audio device added: RMX3357 type: 25
07-27 01:30:44.131 D/OplusPodsQuery(13468): startSupprotWearCheckHeadsetQuery...
07-27 01:30:44.131 V/SilenceDeviceManager(13468): start()
07-27 01:30:44.132 D/OplusPodsQuery(13468): enter EVENT_ARG_QUERY
07-27 01:30:44.133 D/CompatibilityChangeReporter( 1614): Compat change id reported: 135634846; UID 10240; state: DISABLED
07-27 01:30:44.133 D/CompatibilityChangeReporter( 1614): Compat change id reported: 177438394; UID 10240; state: DISABLED
07-27 01:30:44.133 D/CompatibilityChangeReporter( 1614): Compat change id reported: 135772972; UID 10240; state: DISABLED
07-27 01:30:44.133 D/CompatibilityChangeReporter( 1614): Compat change id reported: 135754954; UID 10240; state: ENABLED
07-27 01:30:44.133 I/mtkpower_client( 1614): perf_lock_rel, hdl:226, tid:2237
07-27 01:30:44.133 D/CompatibilityChangeReporter( 1614): Compat change id reported: 143937733; UID 10240; state: ENABLED
07-27 01:30:44.133 I/mtkpower_client( 1614): perf_lock_acq, hdl:226, dur:0, num:14, tid:2237
07-27 01:30:44.134 I/mtkpower@impl(  903): [check_work_req] i:0, msg:1 hdl:226, wait
07-27 01:30:44.134 I/droid.bluetooth(13468): [0727/013044.134415:INFO:com_android_bluetooth_btservice_ActivityAttribution.cpp(96)] classInitNative: succeeds
07-27 01:30:44.134 I/libPowerHal(  903): [perfLockRel] hdl:226, idx:0
07-27 01:30:44.135 I/libPowerHal(  903): system_server: cpu_ctrl set cpu freq: -1 -1 -1 -1 -1 -1
07-27 01:30:44.135 I/libPowerHal(  903): [unsetGPUFreq] current min:21, max:0; scn_gpu_min:21, scn_gpu_max:-1; scn_gpu_min(HL):-1, scn_gpu_max(HL):-1
07-27 01:30:44.135 I/libPowerHal(  903): system_server: set gpu opp level: 40
07-27 01:30:44.135 I/libPowerHal(  903): system_server: set gpu opp level max: 0
07-27 01:30:44.135 I/libPowerHal(  903): [setGPUFreq] Soft min/max = (40, 0); Hard min/max = (40, 0)
07-27 01:30:44.135 I/libPowerHal(  903): [setGPUFreq] final min/max = (40, 0)
07-27 01:30:44.135 I/libPowerHal(  903): system_server: set gpu opp level: 40
07-27 01:30:44.135 I/libPowerHal(  903): system_server: set gpu opp level max: 0
07-27 01:30:44.135 I/libPowerHal(  903): [PD] system_server update cmd:1410000 param:0
07-27 01:30:44.135 I/libPowerHal(  903): [PD] system_server update cmd:2004100 param:2
07-27 01:30:44.136 I/mtkpower_client( 1614): ret_hdl:227
07-27 01:30:44.136 I/libPowerHal(  903): [setGPUFreq] system_server user set gpu freq min:21, max:-1
07-27 01:30:44.136 I/libPowerHal(  903): system_server: set gpu opp level: 21
07-27 01:30:44.136 I/libPowerHal(  903): system_server: set gpu opp level max: 0
07-27 01:30:44.136 I/libPowerHal(  903): [setGPUFreq] Soft min/max = (21, 0); Hard min/max = (40, 0)
07-27 01:30:44.136 I/libPowerHal(  903): [setGPUFreq] final min/max = (21, 0)
07-27 01:30:44.136 I/libPowerHal(  903): system_server: set gpu opp level: 21
07-27 01:30:44.136 I/libPowerHal(  903): system_server: set gpu opp level max: 0
07-27 01:30:44.136 I/libPowerHal(  903): system_server: cpu_ctrl set cpu freq: 1075000 -1 1046000 -1 1108000 -1
07-27 01:30:44.138 I/sensors-hal-OriginChannel(  894): wise light debug, data[2].type is 65627,data[2].sensor is 91:[481.000000,,160.000000,,22.000000,0.000000,1022762517962]
07-27 01:30:44.144 V/WifiManager(13468): registerSoftApCallback: callback=com.oplus.bluetooth.feature.common.OplusBluetoothScenarioMonitor$1@66925e8, executor=android.os.HandlerExecutor@dc20401
07-27 01:30:44.146 V/WifiManager(13468): SoftApCallbackProxy on mode 1, send InfoChanged, newInfo: SoftApInfo{bandwidth= 0, frequency= 0, wifiStandard= 0, mApInstanceIdentifier= null, mIdleShutdownTimeoutMillis= 0}
07-27 01:30:44.146 V/WifiManager(13468): SoftApCallbackProxy on mode 1, send InfoChanged, changedInfoList: []
07-27 01:30:44.146 V/WifiManager(13468): SoftApCallbackProxy on mode 1, send onConnectedClientsChanged(clients): []
07-27 01:30:44.147 W/PanService(13468): getPanService(): service is null
07-27 01:30:44.148 W/HeadsetService(13468): getHeadsetService(): service is NULL
07-27 01:30:44.148 D/OplusSoftApManager( 1614): getConnectedHotspotClients
07-27 01:30:44.149 I/BtNativeChannelJni(13468): classInitNative: succeeds
07-27 01:30:44.150 D/OplusSoftApManager( 1614): getConnectedHotspotClients
07-27 01:30:44.153 W/droid.bluetooth(13468): ClassLoaderContext classpath size mismatch. expected=0, found=8 (PCL[] | PCL[/system/app/Bluetooth/Bluetooth.apk*1401829738:/system/app/Bluetooth/Bluetooth.apk!classes2.dex*3607417244:/system/app/Bluetooth/Bluetooth.apk!classes3.dex*1668747985:/system/app/Bluetooth/Bluetooth.apk!classes4.dex*1229181280:/system/app/Bluetooth/Bluetooth.apk!classes5.dex*650182882:/system/app/Bluetooth/Bluetooth.apk!classes6.dex*174805853:/system/app/Bluetooth/Bluetooth.apk!classes7.dex*2356898761:/system_ext/framework/oplus_bluetooth_common_ext.jar*3805864546])
07-27 01:30:44.155 D/Zygote  (  850): Forked child process 13518
07-27 01:30:44.158 I/ActivityManager( 1614): Start proc 13518:com.oplus.melody/u0a240 for content provider {com.oplus.melody/com.oplus.melody.alive.provider.MelodyAliveWhitelistProvider}
07-27 01:30:44.160 D/OplusUIFirst_FB( 1614): com.oplus.melody proc start: 10240 13518 false com.oplus.melody
07-27 01:30:44.161 D/OplusUIFirst_FB( 1614): com.oplus.melody start process: []
07-27 01:30:44.161 D/OplusUIFirst_FB( 1614): List of ThreadOp: size=0 []
07-27 01:30:44.162 E/om.oplus.melody(13518): Unknown bits set in runtime_flags: 0x40000000
07-27 01:30:44.165 D/MtkBluetoothFwUpdateManager(13468): initialized MtkBluetoothFwUpdateManager
07-27 01:30:44.166 E/om.oplus.melody(13518): Not starting debugger since process cannot load the jdwp agent.
07-27 01:30:44.166 E/OplusBluetoothFirmwareDumpCheck(13468): OplusBluetoothFirmwareDumpCheck make()
07-27 01:30:44.166 D/OplusBluetoothFirmwareDumpCheck(13468): init()
07-27 01:30:44.168 I/bt_btif (13468): get_profile_interface: get_profile_interface: id = oplus_bt_native_channel
07-27 01:30:44.168 I/oplus_bt_stack_inquiry_event(13468): init
07-27 01:30:44.168 I/oplus_bt_native_channel(13468): init_channel: dbs support: 1, stack_record_mask 0x0000FFFF
07-27 01:30:44.168 I/bt_collector_storage(13468): c_storage_lazy_init: bt_collector_storage c_storage_lazy_init: Get the file size: 445
07-27 01:30:44.168 I/oplus_bt_dual_sync(13468): oplus_stack_up_sync_user_type: ret_config = 0, usertype = 
07-27 01:30:44.168 I/BtNativeChannelJni(13468): initNative: succeeds
07-27 01:30:44.169 I/droid.bluetooth(13468): [0727/013044.169162:INFO:com_oplus_bluetooth_adapterservice.cpp(35)] classInitNative: oplus adapter service native class init
07-27 01:30:44.169 I/droid.bluetooth(13468): [0727/013044.169257:INFO:com_oplus_bluetooth_adapterservice.cpp(39)] initNative: oplus adapter service native init
07-27 01:30:44.169 I/bt_btif (13468): get_profile_interface: get_profile_interface: id = oplus_bt_adapter_service
07-27 01:30:44.169 E/BtOplusAdapterServiceJni(13468): Failed to get oplus adapter service Interface
07-27 01:30:44.169 D/BluetoothAdapterService(13468): setAdapterService() - trying to set service to com.android.bluetooth.btservice.AdapterService@aa317d4
07-27 01:30:44.170 W/ziparchive(13518): Unable to open '/system/framework/mediatek-framework.dm': No such file or directory
07-27 01:30:44.170 W/ziparchive(13518): Unable to open '/system/framework/mediatek-framework.dm': No such file or directory
07-27 01:30:44.172 I/BluetoothFwMonitorServiceJni(13468): classInitNative: succeeds
07-27 01:30:44.173 I/OneTrace(13518): Mark active for pid=13518? true
07-27 01:30:44.173 D/cutils-dev(13518): otrace_set_tracing_enabled? true
07-27 01:30:44.173 D/cutils-dev(13518): properties changed in otrace_seq_number_changed!
07-27 01:30:44.175 I/BluetoothVendorJni(13468): classInitNative: succeeds
07-27 01:30:44.175 I/bt_btif (13468): get_profile_interface: get_profile_interface: id = vendor
07-27 01:30:44.175 I/bluetooth(13468): init: init: callbacks=0x750c8bc958
07-27 01:30:44.175 D/BluetoothAdapterService(13468): onBind()
07-27 01:30:44.177 E/om.oplus.melody(13518): Could not write anonymous vdex /system/framework/oat/arm64/mediatek-framework.vdex: Could not open /system/framework/oat/arm64/mediatek-framework.vdex for writing
07-27 01:30:44.178 E/om.oplus.melody(13518): Could not write anonymous vdex /system/framework/oat/arm64/mediatek-framework.vdex: Could not open /system/framework/oat/arm64/mediatek-framework.vdex for writing
07-27 01:30:44.180 D/SensorService( 1614): onUidStateChanged uid = 10240, state = UID_STATE_ACTIVE
07-27 01:30:44.183 D/CompatibilityChangeReporter(13518): Compat change id reported: 171979766; UID 10240; state: ENABLED
07-27 01:30:44.183 I/oplus.android.OplusFrameworkFactoryImpl(13518): get feature:IOplusAutoResolutionFeature
07-27 01:30:44.183 I/oplus.android.OplusFrameworkFactoryImpl(13518): getOplusAutoResolutionFeature
07-27 01:30:44.186 I/OplusFeatureCache(13518): Milliseconds spent on init(): 3
07-27 01:30:44.186 D/BluetoothAdapterService(13468): enable() - Enable called with quiet mode status =  false
07-27 01:30:44.186 I/AdapterState(13468): BLE_TURNING_ON : entered 
07-27 01:30:44.186 D/CompactWindowAppManager(13518): initCompactApplicationInfo CompactMode: , NormalMode: 
07-27 01:30:44.186 D/AdapterProperties(13468): Setting state to BLE_TURNING_ON
07-27 01:30:44.186 D/BluetoothManagerService( 1614): Broadcasting onBluetoothServiceUp() to 9 receivers.
07-27 01:30:44.187 D/BluetoothAdapterService(13468): updateAdapterState() - Broadcasting state BLE_TURNING_ON to 1 receivers.
07-27 01:30:44.187 D/BluetoothAdapter( 3783): onBluetoothServiceUp: android.bluetooth.IBluetooth$Stub$Proxy@562105f
07-27 01:30:44.188 D/BluetoothAdapter( 3634): onBluetoothServiceUp: android.bluetooth.IBluetooth$Stub$Proxy@796a39d
07-27 01:30:44.188 D/BluetoothAdapter( 1614): onBluetoothServiceUp: android.bluetooth.IBluetooth$Stub$Proxy@d5fd6e9
07-27 01:30:44.188 D/BluetoothAdapter( 3758): onBluetoothServiceUp: android.bluetooth.IBluetooth$Stub$Proxy@8ca2507
07-27 01:30:44.188 E/IHansComunication( 6882): HANS printMessageBody: RCV message: type = 0,port = 86870,caller_pid = 1614,caller_uid = 1000,target_pid = 7291,target_uid = 10264,pkg_cmd = -1,rpc = android.bluetooth.IBluetoothManagerCallback/1
07-27 01:30:44.188 D/BluetoothAdapter( 2188): onBluetoothServiceUp: android.bluetooth.IBluetooth$Stub$Proxy@f8ecab9
07-27 01:30:44.189 W/BluetoothAdapterExtImpl( 1614): mService is NULL
07-27 01:30:44.189 D/AdapterState(13468): Start Timeout Delay: 14000
07-27 01:30:44.189 D/BluetoothAdapterService(13468): bleOnProcessStart()
07-27 01:30:44.189 D/BluetoothRemoteDevices(13468): reset(): Broadcasting ACL_DISCONNECTED
07-27 01:30:44.189 I/OplusAdapterServiceExtImpl(13468): overwriting mMaxConnectedAudioDevices to 2 for oplus customization
07-27 01:30:44.190 D/BluetoothAdapter(13468): onBluetoothServiceUp: com.android.bluetooth.btservice.AdapterService$AdapterServiceBinder@92a9156
07-27 01:30:44.190 D/BluetoothAdapter( 8361): onBluetoothServiceUp: android.bluetooth.IBluetooth$Stub$Proxy@efc41c2
07-27 01:30:44.190 D/BluetoothAdapter( 2426): onBluetoothServiceUp: android.bluetooth.IBluetooth$Stub$Proxy@f3742aa
07-27 01:30:44.190 W/BluetoothAdapterExtImpl( 2426): mService is NULL
07-27 01:30:44.190 I/AdapterProperties(13468): init(), maxConnectedAudioDevices, default=5, propertyOverlayed=5, finalValue=2
07-27 01:30:44.191 D/BluetoothAdapter( 1614): isLeEnabled(): BLE_TURNING_ON
07-27 01:30:44.191 W/libc    (13518): Access denied finding property "ro.odm.prev.product.name"
07-27 01:30:44.192 D/LoadedApk(13518): mApplicationInfo overrideDisplayId:null
07-27 01:30:44.192 D/BluetoothAdapterService(13468): bleOnProcessStart() - Make Bond State Machine
07-27 01:30:44.193 D/BluetoothBondStateMachine(13468): make
07-27 01:30:44.195 I/BluetoothBondStateMachine(13468): StableState(): Entering Off State
07-27 01:30:44.200 D/BtGatt.GattService(13468): onCreate()
07-27 01:30:44.200 D/GattService(13468): onCreate
07-27 01:30:44.201 D/GattService(13468): onStartCommand()
07-27 01:30:44.202 V/GraphicsEnvironment(13518): ANGLE Developer option for 'com.oplus.melody' set to: 'default'
07-27 01:30:44.203 V/GraphicsEnvironment(13518): ANGLE GameManagerService for com.oplus.melody: false
07-27 01:30:44.203 V/GraphicsEnvironment(13518): App is not on the allowlist for updatable production driver.
07-27 01:30:44.203 D/BtGatt.GattService(13468): start()
07-27 01:30:44.204 I/bt_btif (13468): get_profile_interface: get_profile_interface: id = gatt
07-27 01:30:44.204 D/NetworkSecurityConfig(13518): Using Network Security Config from resource melody_common_network_security_config debugBuild: false
07-27 01:30:44.204 D/NetworkSecurityConfig(13518): Using Network Security Config from resource melody_common_network_security_config debugBuild: false
07-27 01:30:44.205 D/BtGatt.AdvertiseManager(13468): advertise manager created
07-27 01:30:44.219 W/Melody_PhoneUtils(13518): init OsVersion 27
07-27 01:30:44.224 D/BtGatt.SyncManager(13468): advertise manager created
07-27 01:30:44.225 D/BtGatt.GattService(13468): setGattService(): set to: com.android.bluetooth.gatt.GattService@274c965
07-27 01:30:44.226 V/BluetoothAdapterService(13468): handleMessage() - Message: 2
07-27 01:30:44.226 V/BluetoothAdapterService(13468): handleMessage() - MESSAGE_PROFILE_SERVICE_REGISTERED profile = GattService
07-27 01:30:44.226 I/OplusCustomScanStrategy(13468): msg.what = 3
07-27 01:30:44.226 I/OplusCustomScanStrategy(13468): msg.what = 9
07-27 01:30:44.226 V/BluetoothAdapterService(13468): handleMessage() - Message: 1
07-27 01:30:44.226 V/BluetoothAdapterService(13468): handleMessage() - MESSAGE_PROFILE_SERVICE_STATE_CHANGED profile = GattService
07-27 01:30:44.226 I/bt_stack_manager(13468): event_start_up_stack: event_start_up_stack is bringing up the stack
07-27 01:30:44.226 I/bt_core_module(13468): module_start_up: module_start_up Starting module "btif_config_module"
07-27 01:30:44.226 I/bt_core_module(13468): module_start_up: module_start_up Started module "btif_config_module"
07-27 01:30:44.226 I/bt_core_module(13468): module_start_up: module_start_up Starting module "mtk_btsnoop_module"
07-27 01:30:44.226 I/bt_logmode(13468): IsPropertySet: IsPropertySet: key[persist.vendor.bluetooth.btsnooprootpath], value[], ret[0]
07-27 01:30:44.226 I/bt_log_snoop_twrite(13468): StartUp: StartUp boot
07-27 01:30:44.226 I/bt_logmode(13468): IsPropertySet: IsPropertySet: key[persist.vendor.bluetooth.btsnoopautostart], value[], ret[0]
07-27 01:30:44.226 I/bt_logmode(13468): IsPropertySet: IsPropertySet: key[ro.build.type], value[user], ret[1]
07-27 01:30:44.226 I/mtk.bt.logtool(13468): SetUp
07-27 01:30:44.227 I/bt_core_module(13468): module_start_up: module_start_up Started module "mtk_btsnoop_module"
07-27 01:30:44.227 I/bt_core_module(13468): module_start_up: module_start_up Starting module "btsnoop_module"
07-27 01:30:44.227 E/oplus_bt_snoop(13468): is_oplus_btsnoop_enabled: is_oplus_btsnoop_enabled = 0
07-27 01:30:44.227 E/oplus_bt_snoop(13468): is_oplus_btsnoop_enabled: check always on prop
07-27 01:30:44.227 E/oplus_bt_snoop(13468): is_oplus_btsnoop_cache_mode: is_oplus_btsnoop_cache_mode = 1
07-27 01:30:44.227 I/mtk.bt.logtool-watcher(13468): thread id 13557, thread name btlogwatcher started
07-27 01:30:44.227 E/oplus_bt_snoop(13468): open_next_file: open_next_file = /data/misc/bluetooth/cached_hci/event_record_20230727_013044.txt
07-27 01:30:44.227 I/mtk.bt.logtool-watcher(13468): new socket created [#0]
07-27 01:30:44.227 I/mtk.bt.logtool(13468): Didn't inherit socket, creating...
07-27 01:30:44.227 I/mtk.bt.logtool(13468):  run: mSockFd[149]
07-27 01:30:44.227 I/mtk.bt.logtool(13468): serviceSocket: Ready to accept connections: fd[149] kListenIndex[0]
07-27 01:30:44.227 E/oplus_bt_snoop(13468): is_oplus_btsnoop_enabled: is_oplus_btsnoop_enabled = 0
07-27 01:30:44.227 E/oplus_bt_snoop(13468): is_oplus_btsnoop_enabled: check always on prop
07-27 01:30:44.227 E/oplus_bt_snoop(13468): is_oplus_btsnoop_cache_mode: is_oplus_btsnoop_cache_mode = 1
07-27 01:30:44.227 E/oplus_bt_snoop(13468): load_target_manu_map: load_target_manu_map: allow all devices
07-27 01:30:44.227 E/oplus_bt_snoop(13468): load_event_reason_blacklist: load_event_reason_blacklist: allow all reasons
07-27 01:30:44.227 E/oplus_bt_snoop(13468): load_masked_qca_debug_log_id: load_masked_qca_debug_log_id: 
07-27 01:30:44.227 E/oplus_bt_snoop(13468): load_masked_qca_debug_log_id: key: 0x0, value
07-27 01:30:44.227 E/oplus_bt_snoop(13468): oplus_btsnoop_start_up: PROFILES_MASK is 2a8000aa
07-27 01:30:44.227 E/oplus_bt_snoop(13468): oplus_btsnoop_start_up: PROFILES_MASK is f
07-27 01:30:44.227 I/droid.bluetooth(13468): [0727/013044.227305:INFO:btsnoop_ext.cc(312)] start_up: Filtered Snoop Logs enabled
07-27 01:30:44.227 I/droid.bluetooth(13468): [0727/013044.227392:INFO:btsnoop_ext.cc(346)] start_up: EnableHciSnoop
07-27 01:30:44.227 I/droid.bluetooth(13468): [0727/013044.227409:INFO:btsnoop_ext.cc(349)] start_up: RETURNING FROM start
07-27 01:30:44.227 I/bt_core_module(13468): module_start_up: module_start_up Started module "btsnoop_module"
07-27 01:30:44.227 I/bt_core_module(13468): module_start_up: module_start_up Starting module "hci_module"
07-27 01:30:44.227 I/bt_hci  (13468): hci_module_start_up: hci_module_start_up
07-27 01:30:44.227 I/droid.bluetooth(13468): [0727/013044.227499:INFO:message_loop_thread.cc(234)] Run: message loop starting for thread bt_hci_thread
07-27 01:30:44.227 I/bt_hci  (13468): hci_module_start_up: hci_module_start_up starting async portion
07-27 01:30:44.227 I/bt_hci  (13468): hci_initialize: hci_initialize
07-27 01:30:44.229 I/bt_hci  (13468): hci_initialize: hci_initialize: IBluetoothHci::getService() returned 0xb400007586ea17e0 (remote)
07-27 01:30:44.229 I/mtk.hal.bt@1.0-impl(  874): BluetoothHci::initialize_1_1()
07-27 01:30:44.229 I/mtk.hal.bt@1.1-impl(  874): Initialize: before new VendorInterface
07-27 01:30:44.229 I/mtk.hal.bt@1.1-impl(  874): Initialize: after new VendorInterface
07-27 01:30:44.229 I/mtk.hal.bt@1.1-impl(  874): Open: enter
07-27 01:30:44.231 I/mtk.hal.bt@1.1-impl(  874): Open: after dlopen libbt-vendor.so
07-27 01:30:44.231 W/mtk.hal.bt@1.1-impl(  874): Open: No pre-set Bluetooth Address!
07-27 01:30:44.231 W/[BT]    (  874): mtk_bt_init #45
07-27 01:30:44.231 I/mtk.hal.bt@1.1-impl(  874): Open vendor library loaded
07-27 01:30:44.231 D/[BT]    (  874): mtk_bt_op: BT_VND_OP_POWER_CTRL 1
07-27 01:30:44.231 D/[BT]    (  874): mtk_bt_op: BT_VND_OP_USERIAL_OPEN
07-27 01:30:44.231 W/[BT]    (  874): init_uart #163
07-27 01:30:44.231 D/[BT]    (  874): bt_set_bt_tssi: Cruuent project don't need to reset power..
07-27 01:30:44.231 E/[BT]    (  874): init_uart: Can't open /dev/stpbt (No such file or directory), errno[2]
07-27 01:30:44.231 W/Melody_MelodyModelManager(13518): application.onCreate version: 4.9.2_390347f_230620, mainProcess: true
07-27 01:30:44.234 W/Melody_btsdk_BluetoothProfileStateManager(13518): BluetoothProfileStateManager, hasBluetoothPermissions: false
07-27 01:30:44.241 W/Melody_LowStorageHelper(13518): isLowStorage, freeSpace = 96631MB, lowSize = 500MB, isLow = false
07-27 01:30:44.282 W/LogUtils(13518): oppoRefreshLogSwitch sDebug : false
07-27 01:30:44.282 W/LogUtils(13518): oppoRefreshLogSwitch sDebug : false
07-27 01:30:44.285 D/CardWidget.Utils(13518): Utils sIsDebug sync ret: false
07-27 01:30:44.285 D/CardWidget.GlobalDIConfig(13518): initial... 
07-27 01:30:44.291 D/DataChannel.ClientChannel(13518): initClientImpl serverAuthority = [com.oplus.cardservice.repository.provider.CardServiceServerProvider], clientName = [com.oplus.melody.card.MelodyCardWidgetProvider], client = [com.oplus.melody.card.MelodyCardWidgetProvider@87a3239]
07-27 01:30:44.293 D/DataChannel.ClientProxy.MelodyCardWidgetProvider(13518): tryRegisterContentObserver
07-27 01:30:44.298 I/sensors-hal-OriginChannel(  894): wise light debug, data[1].type is 65627,data[1].sensor is 91:[540.000000,,20.000000,,21.000000,0.000000,1022922179524]
07-27 01:30:44.298 I/AstScreen.CardServiceServerProvider( 3813): call: cardService is not initialed
07-27 01:30:44.298 D/DataChannel.ClientProxy.MelodyCardWidgetProvider(13518): pullAndRunCommand commandList = [] 
07-27 01:30:44.298 D/DataChannel.ClientProxy.MelodyCardWidgetProvider(13518): processCommandList: distinct processCommands = []
07-27 01:30:44.298 D/DataChannel.ClientProxy.MelodyCardWidgetProvider(13518): processCommandList: detail processCommands = []
07-27 01:30:44.302 D/TlcTeeKeyMaster(  681): TEE_Begin 4.1
07-27 01:30:44.302 D/TlcTeeKeyMaster(  681): purpose = 0x00000000
07-27 01:30:44.303 D/CardWidget.SEEDLING_SUPPORT_SDK(1002004)(13518): init:clientName = com.oplus.melody.seedling.MelodySeedlingCardWidgetProvider
07-27 01:30:44.303 D/CardWidget.SEEDLING_SUPPORT_SDK(1002004)(13518): init:sdk_version = 1002004
07-27 01:30:44.303 D/CardWidget.Utils(13518): Utils sIsDebug sync ret: false
07-27 01:30:44.303 D/CardWidget.SEEDLING_SUPPORT_SDK(1002004)(13518): SeedlingUpdateManager start init
07-27 01:30:44.303 D/DataChannel.ClientChannel(13518): initClientImpl serverAuthority = [com.oplus.cardservice.repository.provider.CardServiceServerProvider], clientName = [com.oplus.melody.seedling.MelodySeedlingCardWidgetProvider], client = [de.b@7f452c7]
07-27 01:30:44.303 D/DataChannel.ClientProxy.MelodySeedlingCardWidgetProvider(13518): tryRegisterContentObserver
07-27 01:30:44.306 D/TlcTeeKeyMaster(  681): find_spare_operation_slot: allocate op 0x532c2e73d8cef038 to slot #0 (1 ops live)
07-27 01:30:44.306 D/OplusPodsQuery(13468): unstableProvider.query
07-27 01:30:44.306 I/AstScreen.CardServiceServerProvider( 3813): call: cardService is not initialed
07-27 01:30:44.306 D/DataChannel.ClientProxy.MelodySeedlingCardWidgetProvider(13518): pullAndRunCommand commandList = [] 
07-27 01:30:44.306 D/DataChannel.ClientProxy.MelodySeedlingCardWidgetProvider(13518): processCommandList: distinct processCommands = []
07-27 01:30:44.306 D/OplusActivityManager(13518): get AMS extension: android.os.BinderProxy@ee94119
07-27 01:30:44.307 D/DataChannel.ClientProxy.MelodySeedlingCardWidgetProvider(13518): processCommandList: detail processCommands = []
07-27 01:30:44.308 D/TlcTeeKeyMaster(  681): TEE_Begin exiting with 0
07-27 01:30:44.309 D/TlcTeeKeyMaster(  681): TEE_Update
07-27 01:30:44.309 D/TlcTeeKeyMaster(  681): split_update_chunks
07-27 01:30:44.310 W/Melody_MelodyMessengerServerHelper(13518): checkKillMainProcess
07-27 01:30:44.312 D/TlcTeeKeyMaster(  681): TEE_Update exiting with 0
07-27 01:30:44.312 D/TlcTeeKeyMaster(  681): TEE_Finish
07-27 01:30:44.312 D/TlcTeeKeyMaster(  681): split_update_chunks
07-27 01:30:44.313 D/TlcTeeKeyMaster(  681): release_operation_slot: release op slot #0 (handle 0x532c2e73d8cef038; 0 ops live)
07-27 01:30:44.313 D/TlcTeeKeyMaster(  681): TEE_Finish exiting with 0
07-27 01:30:44.314 D/TlcTeeKeyMaster(  681): TEE_Begin 4.1
07-27 01:30:44.314 D/TlcTeeKeyMaster(  681): purpose = 0x00000001
07-27 01:30:44.315 D/TlcTeeKeyMaster(  681): find_spare_operation_slot: allocate op 0x65a88e3bb8ee0053 to slot #0 (1 ops live)
07-27 01:30:44.316 D/TlcTeeKeyMaster(  681): TEE_Begin exiting with 0
07-27 01:30:44.316 D/TlcTeeKeyMaster(  681): TEE_Update
07-27 01:30:44.316 D/TlcTeeKeyMaster(  681): split_update_chunks
07-27 01:30:44.318 D/TlcTeeKeyMaster(  681): TEE_Update exiting with 0
07-27 01:30:44.319 D/TlcTeeKeyMaster(  681): TEE_Finish
07-27 01:30:44.319 D/TlcTeeKeyMaster(  681): split_update_chunks
07-27 01:30:44.320 D/TlcTeeKeyMaster(  681): release_operation_slot: release op slot #0 (handle 0x65a88e3bb8ee0053; 0 ops live)
07-27 01:30:44.320 D/TlcTeeKeyMaster(  681): TEE_Finish exiting with 0
07-27 01:30:44.323 D/TlcTeeKeyMaster(  681): TEE_Begin 4.1
07-27 01:30:44.323 D/TlcTeeKeyMaster(  681): purpose = 0x00000001
07-27 01:30:44.324 D/TlcTeeKeyMaster(  681): find_spare_operation_slot: allocate op 0x24ef7fd0fe3a6b71 to slot #0 (1 ops live)
07-27 01:30:44.325 I/OplusAppSwitchManagerService( 1614): appswitch registerAppSwitchObserver pName = com@@oplus@@melody observer = com.oplus.app.IOplusAppSwitchObserver$Stub$Proxy@2ad45fb config = OplusAppSwitchConfig = {  mConfigs = {1=[TOM@@NM@@melody@@TOMponent@@discovery@@DiscoveryDialogActivity, TOM@@NM@@melody@@TOMponent@@statement@@PermissionRqActivity, TOM@@NM@@melody@@TOMponent@@statement@@StatementActivity, TOM@@heytap@@accessory@@discovery@@dialog@@DialogActivity, TOM@@heytap@@smarthome@@ipc@@halfcreen@@HalfScreenDeviceFindActivity, TOM@@heytap@@smarthome@@webview@@PolicyWebviewActivityHalfScreen, TOM@@android@@settings@@bluetooth@@BluetoothPairingDialog], 2=[TOM@@heytap@@accessory, TOM@@heytap@@smarthome, TOM@@NM@@wirelesssettings]} observerFingerPrint = 159563943}
07-27 01:30:44.325 I/OplusAppSwitchStateDispatcher( 1614): registerAppSwitchObserver addDynamicListener OK, info = OplusAppSwitchRuleInfo = {  observer = com.oplus.app.IOplusAppSwitchObserver$Stub$Proxy@2ad45fb observerFingerPrint = 159563943} rule size =0
07-27 01:30:44.325 D/TlcTeeKeyMaster(  681): TEE_Begin exiting with 0
07-27 01:30:44.326 D/TlcTeeKeyMaster(  681): TEE_Update
07-27 01:30:44.326 D/TlcTeeKeyMaster(  681): split_update_chunks
07-27 01:30:44.328 D/TlcTeeKeyMaster(  681): TEE_Update exiting with 0
07-27 01:30:44.329 D/TlcTeeKeyMaster(  681): TEE_Finish
07-27 01:30:44.329 D/TlcTeeKeyMaster(  681): split_update_chunks
07-27 01:30:44.331 D/TlcTeeKeyMaster(  681): release_operation_slot: release op slot #0 (handle 0x24ef7fd0fe3a6b71; 0 ops live)
07-27 01:30:44.331 D/TlcTeeKeyMaster(  681): TEE_Finish exiting with 0
07-27 01:30:44.335 D/TlcTeeKeyMaster(  681): TEE_Begin 4.1
07-27 01:30:44.335 D/TlcTeeKeyMaster(  681): purpose = 0x00000000
07-27 01:30:44.336 D/TlcTeeKeyMaster(  681): find_spare_operation_slot: allocate op 0x284ed681e2c5225 to slot #0 (1 ops live)
07-27 01:30:44.337 D/TlcTeeKeyMaster(  681): TEE_Begin exiting with 0
07-27 01:30:44.338 D/TlcTeeKeyMaster(  681): TEE_Update
07-27 01:30:44.338 D/TlcTeeKeyMaster(  681): split_update_chunks
07-27 01:30:44.339 D/TlcTeeKeyMaster(  681): TEE_Update exiting with 0
07-27 01:30:44.340 D/TlcTeeKeyMaster(  681): TEE_Finish
07-27 01:30:44.340 D/TlcTeeKeyMaster(  681): split_update_chunks
